Archive member included because of file (symbol)

c:/cp/eclipse/arduinoplugin/packages/arduino/tools/arm-none-eabi-gcc/4.8.3-2014q1/bin/../lib/gcc/arm-none-eabi/4.8.3/../../../../arm-none-eabi/lib/armv6-m\libm.a(lib_a-s_floor.o)
                              .\libraries\Adafruit_PWM_Servo_Driver_Library\Adafruit_PWMServoDriver.cpp.o (floor)
C:/Users/araujo/eclipse-workspace/armPowerTest/Release/arduino.ar(variant.cpp.o)
                              .\libraries\SPI\SPI.cpp.o (sercom4)
C:/Users/araujo/eclipse-workspace/armPowerTest/Release/arduino.ar(CDC.cpp.o)
                              .\armApp.cpp.o (Serial_::available())
C:/Users/araujo/eclipse-workspace/armPowerTest/Release/arduino.ar(USBCore.cpp.o)
                              C:/Users/araujo/eclipse-workspace/armPowerTest/Release/arduino.ar(CDC.cpp.o) (USBDeviceClass::available(unsigned long))
C:/Users/araujo/eclipse-workspace/armPowerTest/Release/arduino.ar(Print.cpp.o)
                              .\libraries\Wire\Wire.cpp.o (Print::write(unsigned char const*, unsigned int))
C:/Users/araujo/eclipse-workspace/armPowerTest/Release/arduino.ar(Reset.cpp.o)
                              C:/Users/araujo/eclipse-workspace/armPowerTest/Release/arduino.ar(CDC.cpp.o) (initiateReset)
C:/Users/araujo/eclipse-workspace/armPowerTest/Release/arduino.ar(RingBuffer.cpp.o)
                              .\libraries\Wire\Wire.cpp.o (RingBuffer::RingBuffer())
C:/Users/araujo/eclipse-workspace/armPowerTest/Release/arduino.ar(SERCOM.cpp.o)
                              C:/Users/araujo/eclipse-workspace/armPowerTest/Release/arduino.ar(variant.cpp.o) (SERCOM::SERCOM(Sercom*))
C:/Users/araujo/eclipse-workspace/armPowerTest/Release/arduino.ar(Stream.cpp.o)
                              .\libraries\Adafruit_BluefruitLE_nRF51\Adafruit_BluefruitLE_UART.cpp.o (Stream::setTimeout(unsigned long))
C:/Users/araujo/eclipse-workspace/armPowerTest/Release/arduino.ar(Uart.cpp.o)
                              C:/Users/araujo/eclipse-workspace/armPowerTest/Release/arduino.ar(variant.cpp.o) (Uart::Uart(SERCOM*, unsigned char, unsigned char, SercomRXPad, SercomUartTXPad))
C:/Users/araujo/eclipse-workspace/armPowerTest/Release/arduino.ar(WMath.cpp.o)
                              .\motor\motorControl.cpp.o (map(long, long, long, long, long))
C:/Users/araujo/eclipse-workspace/armPowerTest/Release/arduino.ar(WString.cpp.o)
                              C:/Users/araujo/eclipse-workspace/armPowerTest/Release/arduino.ar(Stream.cpp.o) (String::String(char const*))
C:/Users/araujo/eclipse-workspace/armPowerTest/Release/arduino.ar(abi.cpp.o)
                              .\libraries\Wire\Wire.cpp.o (__cxa_pure_virtual)
C:/Users/araujo/eclipse-workspace/armPowerTest/Release/arduino.ar(cortex_handlers.c.o)
                              (Reset_Handler)
C:/Users/araujo/eclipse-workspace/armPowerTest/Release/arduino.ar(delay.c.o)
                              .\armApp.cpp.o (millis)
C:/Users/araujo/eclipse-workspace/armPowerTest/Release/arduino.ar(hooks.c.o)
                              C:/Users/araujo/eclipse-workspace/armPowerTest/Release/arduino.ar(delay.c.o) (yield)
C:/Users/araujo/eclipse-workspace/armPowerTest/Release/arduino.ar(itoa.c.o)
                              C:/Users/araujo/eclipse-workspace/armPowerTest/Release/arduino.ar(WString.cpp.o) (ltoa)
C:/Users/araujo/eclipse-workspace/armPowerTest/Release/arduino.ar(main.cpp.o)
                              c:/cp/eclipse/arduinoplugin/packages/arduino/tools/arm-none-eabi-gcc/4.8.3-2014q1/bin/../lib/gcc/arm-none-eabi/4.8.3/../../../../arm-none-eabi/lib/armv6-m/crt0.o (main)
C:/Users/araujo/eclipse-workspace/armPowerTest/Release/arduino.ar(new.cpp.o)
                              C:/Users/araujo/eclipse-workspace/armPowerTest/Release/arduino.ar(USBCore.cpp.o) (operator new(unsigned int))
C:/Users/araujo/eclipse-workspace/armPowerTest/Release/arduino.ar(startup.c.o)
                              C:/Users/araujo/eclipse-workspace/armPowerTest/Release/arduino.ar(cortex_handlers.c.o) (SystemInit)
C:/Users/araujo/eclipse-workspace/armPowerTest/Release/arduino.ar(wiring.c.o)
                              C:/Users/araujo/eclipse-workspace/armPowerTest/Release/arduino.ar(main.cpp.o) (init)
C:/Users/araujo/eclipse-workspace/armPowerTest/Release/arduino.ar(wiring_analog.c.o)
                              C:/Users/araujo/eclipse-workspace/armPowerTest/Release/arduino.ar(wiring.c.o) (analogReference)
C:/Users/araujo/eclipse-workspace/armPowerTest/Release/arduino.ar(wiring_digital.c.o)
                              .\armApp.cpp.o (pinMode)
C:/Users/araujo/eclipse-workspace/armPowerTest/Release/arduino.ar(wiring_private.c.o)
                              .\libraries\Wire\Wire.cpp.o (pinPeripheral)
C:/Users/araujo/eclipse-workspace/armPowerTest/Release/arduino.ar(dtostrf.c.o)
                              C:/Users/araujo/eclipse-workspace/armPowerTest/Release/arduino.ar(WString.cpp.o) (dtostrf)
[...]
Memory Configuration

Name             Origin             Length             Attributes
FLASH            0x00002000         0x0003e000         xr
RAM              0x20000000         0x00008000         xrw
*default*        0x00000000         0xffffffff

Linker script and memory map

LOAD c:/cp/eclipse/arduinoplugin/packages/arduino/tools/arm-none-eabi-gcc/4.8.3-2014q1/bin/../lib/gcc/arm-none-eabi/4.8.3/armv6-m/crti.o
LOAD c:/cp/eclipse/arduinoplugin/packages/arduino/tools/arm-none-eabi-gcc/4.8.3-2014q1/bin/../lib/gcc/arm-none-eabi/4.8.3/armv6-m/crtbegin.o
LOAD c:/cp/eclipse/arduinoplugin/packages/arduino/tools/arm-none-eabi-gcc/4.8.3-2014q1/bin/../lib/gcc/arm-none-eabi/4.8.3/../../../../arm-none-eabi/lib/armv6-m/crt0.o
LOAD .\armApp.cpp.o
LOAD .\motor\motorControl.cpp.o
LOAD .\libraries\generic\SerialCommand.cpp.o
LOAD .\libraries\generic\generic_list.cpp.o
LOAD .\libraries\Wire\Wire.cpp.o
LOAD .\libraries\SPI\SPI.cpp.o
LOAD .\libraries\RTCZero\src\RTCZero.cpp.o
LOAD .\libraries\Adafruit_PWM_Servo_Driver_Library\Adafruit_PWMServoDriver.cpp.o
LOAD .\libraries\Adafruit_BluefruitLE_nRF51\utility\Adafruit_FIFO.cpp.o
LOAD .\libraries\Adafruit_BluefruitLE_nRF51\Adafruit_ATParser.cpp.o
LOAD .\libraries\Adafruit_BluefruitLE_nRF51\Adafruit_BLE.cpp.o
LOAD .\libraries\Adafruit_BluefruitLE_nRF51\Adafruit_BLEBattery.cpp.o
LOAD .\libraries\Adafruit_BluefruitLE_nRF51\Adafruit_BLEEddystone.cpp.o
LOAD .\libraries\Adafruit_BluefruitLE_nRF51\Adafruit_BLEGatt.cpp.o
LOAD .\libraries\Adafruit_BluefruitLE_nRF51\Adafruit_BLEMIDI.cpp.o
LOAD .\libraries\Adafruit_BluefruitLE_nRF51\Adafruit_BluefruitLE_SPI.cpp.o
LOAD .\libraries\Adafruit_BluefruitLE_nRF51\Adafruit_BluefruitLE_UART.cpp.o
LOAD .\arm\armControl.cpp.o
LOAD .\arm\armSupervisor.c.o
START GROUP
LOAD C:\cp\eclipse\/arduinoPlugin/packages/arduino/tools/CMSIS/4.5.0/CMSIS/Lib/GCC/\libarm_cortexM0l_math.a
LOAD c:/cp/eclipse/arduinoplugin/packages/arduino/tools/arm-none-eabi-gcc/4.8.3-2014q1/bin/../lib/gcc/arm-none-eabi/4.8.3/../../../../arm-none-eabi/lib/armv6-m\libm.a
LOAD C:/Users/araujo/eclipse-workspace/armPowerTest/Release/arduino.ar
END GROUP
START GROUP
LOAD c:/cp/eclipse/arduinoplugin/packages/arduino/tools/arm-none-eabi-gcc/4.8.3-2014q1/bin/../lib/gcc/arm-none-eabi/4.8.3/armv6-m\libgcc.a
LOAD c:/cp/eclipse/arduinoplugin/packages/arduino/tools/arm-none-eabi-gcc/4.8.3-2014q1/bin/../lib/gcc/arm-none-eabi/4.8.3/../../../../arm-none-eabi/lib/armv6-m\libc_s.a
END GROUP
START GROUP
LOAD c:/cp/eclipse/arduinoplugin/packages/arduino/tools/arm-none-eabi-gcc/4.8.3-2014q1/bin/../lib/gcc/arm-none-eabi/4.8.3/armv6-m\libgcc.a
LOAD c:/cp/eclipse/arduinoplugin/packages/arduino/tools/arm-none-eabi-gcc/4.8.3-2014q1/bin/../lib/gcc/arm-none-eabi/4.8.3/../../../../arm-none-eabi/lib/armv6-m\libc_s.a
LOAD c:/cp/eclipse/arduinoplugin/packages/arduino/tools/arm-none-eabi-gcc/4.8.3-2014q1/bin/../lib/gcc/arm-none-eabi/4.8.3/../../../../arm-none-eabi/lib/armv6-m\libnosys.a
END GROUP
START GROUP
LOAD c:/cp/eclipse/arduinoplugin/packages/arduino/tools/arm-none-eabi-gcc/4.8.3-2014q1/bin/../lib/gcc/arm-none-eabi/4.8.3/armv6-m\libgcc.a
LOAD c:/cp/eclipse/arduinoplugin/packages/arduino/tools/arm-none-eabi-gcc/4.8.3-2014q1/bin/../lib/gcc/arm-none-eabi/4.8.3/../../../../arm-none-eabi/lib/armv6-m\libc_s.a
LOAD c:/cp/eclipse/arduinoplugin/packages/arduino/tools/arm-none-eabi-gcc/4.8.3-2014q1/bin/../lib/gcc/arm-none-eabi/4.8.3/../../../../arm-none-eabi/lib/armv6-m\libnosys.a
END GROUP
LOAD c:/cp/eclipse/arduinoplugin/packages/arduino/tools/arm-none-eabi-gcc/4.8.3-2014q1/bin/../lib/gcc/arm-none-eabi/4.8.3/armv6-m/crtend.o
LOAD c:/cp/eclipse/arduinoplugin/packages/arduino/tools/arm-none-eabi-gcc/4.8.3-2014q1/bin/../lib/gcc/arm-none-eabi/4.8.3/armv6-m/crtn.o

.text           0x00002000     0x73c0
                0x00002000                __text_start__ = .
 *(.sketch_boot)
                0x00002000                . = ALIGN (0x2000)
 *(.isr_vector)
 .isr_vector    0x00002000       0xb4 C:/Users/araujo/eclipse-workspace/armPowerTest/Release/arduino.ar(cortex_handlers.c.o)
                0x00002000                exception_table
 *(.text*)
 .text          0x000020b4       0x60 c:/cp/eclipse/arduinoplugin/packages/arduino/tools/arm-none-eabi-gcc/4.8.3-2014q1/bin/../lib/gcc/arm-none-eabi/4.8.3/armv6-m/crtbegin.o
 .text._Z12unrecognizedv
                0x00002114       0x14 .\armApp.cpp.o
                0x00002114                unrecognized()
 .text._Z6LED_onv
                0x00002128       0x1c .\armApp.cpp.o
                0x00002128                LED_on()
 .text._Z7LED_offv
                0x00002144       0x1c .\armApp.cpp.o
                0x00002144                LED_off()
 .text._Z4stopv
                0x00002160       0x78 .\armApp.cpp.o
                0x00002160                stop()
 .text._Z10ok_commandv
                0x000021d8       0x64 .\armApp.cpp.o
                0x000021d8                ok_command()
 .text._Z13thumb_commandv
                0x0000223c       0x68 .\armApp.cpp.o
                0x0000223c                thumb_command()
 .text._Z18thumb_slow_commandv
                0x000022a4       0x68 .\armApp.cpp.o
                0x000022a4                thumb_slow_command()
 .text._Z13index_commandv
                0x0000230c       0x68 .\armApp.cpp.o
                0x0000230c                index_command()
 .text._Z18index_slow_commandv
                0x00002374       0x68 .\armApp.cpp.o
                0x00002374                index_slow_command()
 .text._Z15fingers_commandv
                0x000023dc       0x68 .\armApp.cpp.o
                0x000023dc                fingers_command()
 .text._Z20fingers_slow_commandv
                0x00002444       0x68 .\armApp.cpp.o
                0x00002444                fingers_slow_command()
 .text._Z23wrist_elevation_commandv
                0x000024ac       0x68 .\armApp.cpp.o
                0x000024ac                wrist_elevation_command()
 .text._Z21wrist_azimuth_commandv
                0x00002514       0x68 .\armApp.cpp.o
                0x00002514                wrist_azimuth_command()
 .text._Z8SayHellov
                0x0000257c       0x38 .\armApp.cpp.o
                0x0000257c                SayHello()
 .text._Z8arm_initv
                0x000025b4      0x1f4 .\armApp.cpp.o
                0x000025b4                arm_init()
 .text._Z12fist_commandv
                0x000027a8       0x50 .\armApp.cpp.o
                0x000027a8                fist_command()
 .text._Z13three_commandv
                0x000027f8       0x54 .\armApp.cpp.o
                0x000027f8                three_command()
 .text._Z14extend_commandv
                0x0000284c       0x58 .\armApp.cpp.o
                0x0000284c                extend_command()
 .text._Z12cool_commandv
                0x000028a4       0x54 .\armApp.cpp.o
                0x000028a4                cool_command()
 .text._Z15pointer_commandv
                0x000028f8       0x54 .\armApp.cpp.o
                0x000028f8                pointer_command()
 .text._Z12add_commandsv
                0x0000294c      0x100 .\armApp.cpp.o
                0x0000294c                add_commands()
 .text._Z5errorPK19__FlashStringHelper
                0x00002a4c       0x10 .\armApp.cpp.o
                0x00002a4c                error(__FlashStringHelper const*)
 .text._Z12voteDecisionPc
                0x00002a5c       0x78 .\armApp.cpp.o
                0x00002a5c                voteDecision(char*)
 .text.setup    0x00002ad4      0x138 .\armApp.cpp.o
                0x00002ad4                setup
 .text.loop     0x00002c0c       0xc0 .\armApp.cpp.o
                0x00002c0c                loop
 .text.startup._GLOBAL__sub_I_motorControlConfig_thumb
                0x00002ccc       0x30 .\armApp.cpp.o
 .text._Z17motorControl_initPP13motorControl_
                0x00002cfc       0x1c .\motor\motorControl.cpp.o
                0x00002cfc                motorControl_init(motorControl_**)
 .text._Z21motorControl_addMotorP13motorControl_PP10motorUnit_23Adafruit_PWMServoDriverPP15motorOperation_P19motorControlConfig_
                0x00002d18       0x3e .\motor\motorControl.cpp.o
                0x00002d18                motorControl_addMotor(motorControl_*, motorUnit_**, Adafruit_PWMServoDriver, motorOperation_**, motorControlConfig_*)
 .text._Z18motorControl_startP13motorControl_
                0x00002d56       0x10 .\motor\motorControl.cpp.o
                0x00002d56                motorControl_start(motorControl_*)
 *fill*         0x00002d66        0x2 
 .text._Z27motorControl_unit_moveStepsP13motorControl_P10motorUnit_16motorDirection_tm
                0x00002d68       0x70 .\motor\motorControl.cpp.o
                0x00002d68                motorControl_unit_moveSteps(motorControl_*, motorUnit_*, motorDirection_t, unsigned long)
 .text._Z31motorControl_unit_moveSteps_lowP13motorControl_P10motorUnit_16motorDirection_tm
                0x00002dd8       0xbc .\motor\motorControl.cpp.o
                0x00002dd8                motorControl_unit_moveSteps_low(motorControl_*, motorUnit_*, motorDirection_t, unsigned long)
 .text._ZN13SerialCommand11clearBufferEv
                0x00002e94       0x12 .\libraries\generic\SerialCommand.cpp.o
                0x00002e94                SerialCommand::clearBuffer()
 *fill*         0x00002ea6        0x2 
 .text._ZN13SerialCommandC2Ev
                0x00002ea8       0x2c .\libraries\generic\SerialCommand.cpp.o
                0x00002ea8                SerialCommand::SerialCommand()
                0x00002ea8                SerialCommand::SerialCommand()
 .text._ZN13SerialCommand4nextEv
                0x00002ed4       0x12 .\libraries\generic\SerialCommand.cpp.o
                0x00002ed4                SerialCommand::next()
 .text._ZN13SerialCommand10addCommandEPKcPFvvE
                0x00002ee6       0x28 .\libraries\generic\SerialCommand.cpp.o
                0x00002ee6                SerialCommand::addCommand(char const*, void (*)())
 .text._ZN13SerialCommand17addDefaultHandlerEPFvvE
                0x00002f0e        0x6 .\libraries\generic\SerialCommand.cpp.o
                0x00002f0e                SerialCommand::addDefaultHandler(void (*)())
 .text._ZN13SerialCommand10readSerialEv
                0x00002f14       0xb4 .\libraries\generic\SerialCommand.cpp.o
                0x00002f14                SerialCommand::readSerial()
 .text._Z13gen_list_initv
                0x00002fc8       0x10 .\libraries\generic\generic_list.cpp.o
                0x00002fc8                gen_list_init()
 .text._Z12gen_list_addP8gen_listPv
                0x00002fd8       0x1e .\libraries\generic\generic_list.cpp.o
                0x00002fd8                gen_list_add(gen_list*, void*)
 .text._ZN7TwoWire5writeEPKhj
                0x00002ff6       0x24 .\libraries\Wire\Wire.cpp.o
                0x00002ff6                TwoWire::write(unsigned char const*, unsigned int)
 .text._ZN7TwoWire5flushEv
                0x0000301a        0x2 .\libraries\Wire\Wire.cpp.o
                0x0000301a                TwoWire::flush()
 .text._ZN7TwoWire4readEv
                0x0000301c        0xa .\libraries\Wire\Wire.cpp.o
                0x0000301c                TwoWire::read()
 .text._ZN7TwoWire9availableEv
                0x00003026        0xa .\libraries\Wire\Wire.cpp.o
                0x00003026                TwoWire::available()
 .text._ZN7TwoWire5writeEh
                0x00003030       0x28 .\libraries\Wire\Wire.cpp.o
                0x00003030                TwoWire::write(unsigned char)
 .text._ZN7TwoWire4peekEv
                0x00003058        0xa .\libraries\Wire\Wire.cpp.o
                0x00003058                TwoWire::peek()
 *fill*         0x00003062        0x2 
 .text._ZN7TwoWireC2EP6SERCOMhh
                0x00003064       0x3c .\libraries\Wire\Wire.cpp.o
                0x00003064                TwoWire::TwoWire(SERCOM*, unsigned char, unsigned char)
                0x00003064                TwoWire::TwoWire(SERCOM*, unsigned char, unsigned char)
 .text._ZN7TwoWire5beginEv
                0x000030a0       0x40 .\libraries\Wire\Wire.cpp.o
                0x000030a0                TwoWire::begin()
 .text._ZN7TwoWire11requestFromEhjb
                0x000030e0       0x76 .\libraries\Wire\Wire.cpp.o
                0x000030e0                TwoWire::requestFrom(unsigned char, unsigned int, bool)
 .text._ZN7TwoWire11requestFromEhj
                0x00003156        0xa .\libraries\Wire\Wire.cpp.o
                0x00003156                TwoWire::requestFrom(unsigned char, unsigned int)
 .text._ZN7TwoWire17beginTransmissionEh
                0x00003160       0x16 .\libraries\Wire\Wire.cpp.o
                0x00003160                TwoWire::beginTransmission(unsigned char)
 .text._ZN7TwoWire15endTransmissionEb
                0x00003176       0x66 .\libraries\Wire\Wire.cpp.o
                0x00003176                TwoWire::endTransmission(bool)
 .text._ZN7TwoWire15endTransmissionEv
                0x000031dc        0xa .\libraries\Wire\Wire.cpp.o
                0x000031dc                TwoWire::endTransmission()
 .text._ZN7TwoWire9onServiceEv
                0x000031e6      0x104 .\libraries\Wire\Wire.cpp.o
                0x000031e6                TwoWire::onService()
 *fill*         0x000032ea        0x2 
 .text.SERCOM3_Handler
                0x000032ec       0x10 .\libraries\Wire\Wire.cpp.o
                0x000032ec                SERCOM3_Handler
 .text.startup._GLOBAL__sub_I__ZN7TwoWireC2EP6SERCOMhh
                0x000032fc       0x18 .\libraries\Wire\Wire.cpp.o
 .text._ZN8SPIClass4initEv
                0x00003314       0x12 .\libraries\SPI\SPI.cpp.o
                0x00003314                SPIClass::init()
 .text._ZN8SPIClass6configE11SPISettings
                0x00003326       0x36 .\libraries\SPI\SPI.cpp.o
                0x00003326                SPIClass::config(SPISettings)
 .text._ZN8SPIClass5beginEv
                0x0000335c       0x50 .\libraries\SPI\SPI.cpp.o
                0x0000335c                SPIClass::begin()
 .text._ZN8SPIClass16beginTransactionE11SPISettings
                0x000033ac       0x38 .\libraries\SPI\SPI.cpp.o
                0x000033ac                SPIClass::beginTransaction(SPISettings)
 .text._ZN8SPIClass14endTransactionEv
                0x000033e4       0x24 .\libraries\SPI\SPI.cpp.o
                0x000033e4                SPIClass::endTransaction()
 .text._ZN8SPIClass8transferEh
                0x00003408        0xa .\libraries\SPI\SPI.cpp.o
                0x00003408                SPIClass::transfer(unsigned char)
 *fill*         0x00003412        0x2 
 .text.startup._GLOBAL__sub_I__ZN8SPIClassC2EP6SERCOMhhh14SercomSpiTXPad11SercomRXPad
                0x00003414       0x38 .\libraries\SPI\SPI.cpp.o
 .text.RTC_Handler
                0x0000344c       0x1c .\libraries\RTCZero\src\RTCZero.cpp.o
                0x0000344c                RTC_Handler
 .text._ZN7TwoWire5writeEi
                0x00003468        0xc .\libraries\Adafruit_PWM_Servo_Driver_Library\Adafruit_PWMServoDriver.cpp.o
                0x00003468                TwoWire::write(int)
 .text._ZN23Adafruit_PWMServoDriverC2EP7TwoWireh
                0x00003474        0x6 .\libraries\Adafruit_PWM_Servo_Driver_Library\Adafruit_PWMServoDriver.cpp.o
                0x00003474                Adafruit_PWMServoDriver::Adafruit_PWMServoDriver(TwoWire*, unsigned char)
                0x00003474                Adafruit_PWMServoDriver::Adafruit_PWMServoDriver(TwoWire*, unsigned char)
 .text._ZN23Adafruit_PWMServoDriver6setPWMEhtt
                0x0000347a       0x44 .\libraries\Adafruit_PWM_Servo_Driver_Library\Adafruit_PWMServoDriver.cpp.o
                0x0000347a                Adafruit_PWMServoDriver::setPWM(unsigned char, unsigned short, unsigned short)
 .text._ZN23Adafruit_PWMServoDriver5read8Eh
                0x000034be       0x34 .\libraries\Adafruit_PWM_Servo_Driver_Library\Adafruit_PWMServoDriver.cpp.o
                0x000034be                Adafruit_PWMServoDriver::read8(unsigned char)
 .text._ZN23Adafruit_PWMServoDriver6write8Ehh
                0x000034f2       0x2c .\libraries\Adafruit_PWM_Servo_Driver_Library\Adafruit_PWMServoDriver.cpp.o
                0x000034f2                Adafruit_PWMServoDriver::write8(unsigned char, unsigned char)
 .text._ZN23Adafruit_PWMServoDriver5resetEv
                0x0000351e       0x12 .\libraries\Adafruit_PWM_Servo_Driver_Library\Adafruit_PWMServoDriver.cpp.o
                0x0000351e                Adafruit_PWMServoDriver::reset()
 .text._ZN23Adafruit_PWMServoDriver10setPWMFreqEf
                0x00003530       0xa0 .\libraries\Adafruit_PWM_Servo_Driver_Library\Adafruit_PWMServoDriver.cpp.o
                0x00003530                Adafruit_PWMServoDriver::setPWMFreq(float)
 .text._ZN23Adafruit_PWMServoDriver5beginEv
                0x000035d0       0x20 .\libraries\Adafruit_PWM_Servo_Driver_Library\Adafruit_PWMServoDriver.cpp.o
                0x000035d0                Adafruit_PWMServoDriver::begin()
 .text._ZN13Adafruit_FIFOC2EPvthb
                0x000035f0       0x18 .\libraries\Adafruit_BluefruitLE_nRF51\utility\Adafruit_FIFO.cpp.o
                0x000035f0                Adafruit_FIFO::Adafruit_FIFO(void*, unsigned short, unsigned char, bool)
                0x000035f0                Adafruit_FIFO::Adafruit_FIFO(void*, unsigned short, unsigned char, bool)
 .text._ZN13Adafruit_FIFO5clearEv
                0x00003608        0xa .\libraries\Adafruit_BluefruitLE_nRF51\utility\Adafruit_FIFO.cpp.o
                0x00003608                Adafruit_FIFO::clear()
 .text._ZN13Adafruit_FIFO5writeEPKv
                0x00003612       0x4a .\libraries\Adafruit_BluefruitLE_nRF51\utility\Adafruit_FIFO.cpp.o
                0x00003612                Adafruit_FIFO::write(void const*)
 .text._ZN13Adafruit_FIFO7write_nEPKvt
                0x0000365c       0x30 .\libraries\Adafruit_BluefruitLE_nRF51\utility\Adafruit_FIFO.cpp.o
                0x0000365c                Adafruit_FIFO::write_n(void const*, unsigned short)
 .text._ZN13Adafruit_FIFO4readEPv
                0x0000368c       0x38 .\libraries\Adafruit_BluefruitLE_nRF51\utility\Adafruit_FIFO.cpp.o
                0x0000368c                Adafruit_FIFO::read(void*)
 .text._ZN13Adafruit_FIFO4peekEPv
                0x000036c4       0x22 .\libraries\Adafruit_BluefruitLE_nRF51\utility\Adafruit_FIFO.cpp.o
                0x000036c4                Adafruit_FIFO::peek(void*)
 *fill*         0x000036e6        0x2 
 .text._ZN17Adafruit_ATParserC2Ev
                0x000036e8       0x1c .\libraries\Adafruit_BluefruitLE_nRF51\Adafruit_ATParser.cpp.o
                0x000036e8                Adafruit_ATParser::Adafruit_ATParser()
                0x000036e8                Adafruit_ATParser::Adafruit_ATParser()
 .text._ZN17Adafruit_ATParser8readlineEPcttb
                0x00003704       0x8c .\libraries\Adafruit_BluefruitLE_nRF51\Adafruit_ATParser.cpp.o
                0x00003704                Adafruit_ATParser::readline(char*, unsigned short, unsigned short, bool)
 .text._ZN17Adafruit_ATParser9waitForOKEv
                0x00003790       0x64 .\libraries\Adafruit_BluefruitLE_nRF51\Adafruit_ATParser.cpp.o
                0x00003790                Adafruit_ATParser::waitForOK()
 .text._ZN17Adafruit_ATParser17readline_parseIntEv
                0x000037f4       0x28 .\libraries\Adafruit_BluefruitLE_nRF51\Adafruit_ATParser.cpp.o
                0x000037f4                Adafruit_ATParser::readline_parseInt()
 .text._ZN17Adafruit_ATParser14printByteArrayEPKhi
                0x0000381c       0x52 .\libraries\Adafruit_BluefruitLE_nRF51\Adafruit_ATParser.cpp.o
                0x0000381c                Adafruit_ATParser::printByteArray(unsigned char const*, int)
 *fill*         0x0000386e        0x2 
 .text._ZN17Adafruit_ATParser17send_arg_get_respEPlhPtPm
                0x00003870      0x10c .\libraries\Adafruit_BluefruitLE_nRF51\Adafruit_ATParser.cpp.o
                0x00003870                Adafruit_ATParser::send_arg_get_resp(long*, unsigned char, unsigned short*, unsigned long*)
 .text._ZN17Adafruit_ATParser14atcommand_fullEPKcPlhPtPm
                0x0000397c       0x48 .\libraries\Adafruit_BluefruitLE_nRF51\Adafruit_ATParser.cpp.o
                0x0000397c                Adafruit_ATParser::atcommand_full(char const*, long*, unsigned char, unsigned short*, unsigned long*)
 .text._ZN17Adafruit_ATParser14atcommand_fullEPK19__FlashStringHelperPlhPtPm
                0x000039c4       0x48 .\libraries\Adafruit_BluefruitLE_nRF51\Adafruit_ATParser.cpp.o
                0x000039c4                Adafruit_ATParser::atcommand_full(__FlashStringHelper const*, long*, unsigned char, unsigned short*, unsigned long*)
 .text._ZN17Adafruit_ATParser8readlineEv
                0x00003a0c       0x14 .\libraries\Adafruit_BluefruitLE_nRF51\Adafruit_BLE.cpp.o
                0x00003a0c                Adafruit_ATParser::readline()
 .text._ZN12Adafruit_BLEC2Ev
                0x00003a20       0x28 .\libraries\Adafruit_BluefruitLE_nRF51\Adafruit_BLE.cpp.o
                0x00003a20                Adafruit_BLE::Adafruit_BLE()
                0x00003a20                Adafruit_BLE::Adafruit_BLE()
 .text._ZN12Adafruit_BLE12factoryResetEb
                0x00003a48       0x38 .\libraries\Adafruit_BluefruitLE_nRF51\Adafruit_BLE.cpp.o
                0x00003a48                Adafruit_BLE::factoryReset(bool)
 .text._ZN12Adafruit_BLE4echoEb
                0x00003a80       0x24 .\libraries\Adafruit_BluefruitLE_nRF51\Adafruit_BLE.cpp.o
                0x00003a80                Adafruit_BLE::echo(bool)
 .text._ZN12Adafruit_BLE11isConnectedEv
                0x00003aa4       0x24 .\libraries\Adafruit_BluefruitLE_nRF51\Adafruit_BLE.cpp.o
                0x00003aa4                Adafruit_BLE::isConnected()
 .text._ZN12Adafruit_BLE4infoEv
                0x00003ac8       0x90 .\libraries\Adafruit_BluefruitLE_nRF51\Adafruit_BLE.cpp.o
                0x00003ac8                Adafruit_BLE::info()
 .text._ZN12Adafruit_BLE16isVersionAtLeastEPKc
                0x00003b58       0x4c .\libraries\Adafruit_BluefruitLE_nRF51\Adafruit_BLE.cpp.o
                0x00003b58                Adafruit_BLE::isVersionAtLeast(char const*)
 .text._ZN24Adafruit_BluefruitLE_SPI7setModeEh
                0x00003ba4       0x14 .\libraries\Adafruit_BluefruitLE_nRF51\Adafruit_BluefruitLE_SPI.cpp.o
                0x00003ba4                Adafruit_BluefruitLE_SPI::setMode(unsigned char)
 .text._ZN24Adafruit_BluefruitLE_SPI5flushEv
                0x00003bb8        0xa .\libraries\Adafruit_BluefruitLE_nRF51\Adafruit_BluefruitLE_SPI.cpp.o
                0x00003bb8                Adafruit_BluefruitLE_SPI::flush()
 .text._ZNK12TimeoutTimer7expiredEv
                0x00003bc2       0x18 .\libraries\Adafruit_BluefruitLE_nRF51\Adafruit_BluefruitLE_SPI.cpp.o
                0x00003bc2                TimeoutTimer::expired() const
 *fill*         0x00003bda        0x2 
 .text._ZN24Adafruit_BluefruitLE_SPIC2Eaaa
                0x00003bdc       0x50 .\libraries\Adafruit_BluefruitLE_nRF51\Adafruit_BluefruitLE_SPI.cpp.o
                0x00003bdc                Adafruit_BluefruitLE_SPI::Adafruit_BluefruitLE_SPI(signed char, signed char, signed char)
                0x00003bdc                Adafruit_BluefruitLE_SPI::Adafruit_BluefruitLE_SPI(signed char, signed char, signed char)
 .text._ZN24Adafruit_BluefruitLE_SPI18simulateSwitchModeEv
                0x00003c2c       0x30 .\libraries\Adafruit_BluefruitLE_nRF51\Adafruit_BluefruitLE_SPI.cpp.o
                0x00003c2c                Adafruit_BluefruitLE_SPI::simulateSwitchMode()
 .text._ZN24Adafruit_BluefruitLE_SPI7spixferEh
                0x00003c5c       0x6c .\libraries\Adafruit_BluefruitLE_nRF51\Adafruit_BluefruitLE_SPI.cpp.o
                0x00003c5c                Adafruit_BluefruitLE_SPI::spixfer(unsigned char)
 .text._ZN24Adafruit_BluefruitLE_SPI7spixferEPvj
                0x00003cc8       0x1c .\libraries\Adafruit_BluefruitLE_nRF51\Adafruit_BluefruitLE_SPI.cpp.o
                0x00003cc8                Adafruit_BluefruitLE_SPI::spixfer(void*, unsigned int)
 .text._ZN24Adafruit_BluefruitLE_SPI10sendPacketEtPKhhh
                0x00003ce4      0x114 .\libraries\Adafruit_BluefruitLE_nRF51\Adafruit_BluefruitLE_SPI.cpp.o
                0x00003ce4                Adafruit_BluefruitLE_SPI::sendPacket(unsigned short, unsigned char const*, unsigned char, unsigned char)
 .text._ZN24Adafruit_BluefruitLE_SPI21sendInitializePatternEv
                0x00003df8       0x14 .\libraries\Adafruit_BluefruitLE_nRF51\Adafruit_BluefruitLE_SPI.cpp.o
                0x00003df8                Adafruit_BluefruitLE_SPI::sendInitializePattern()
 .text._ZN24Adafruit_BluefruitLE_SPI5beginEbb
                0x00003e0c       0xbc .\libraries\Adafruit_BluefruitLE_nRF51\Adafruit_BluefruitLE_SPI.cpp.o
                0x00003e0c                Adafruit_BluefruitLE_SPI::begin(bool, bool)
 .text._ZN24Adafruit_BluefruitLE_SPI9getPacketEP16sdepMsgCommand_t
                0x00003ec8      0x150 .\libraries\Adafruit_BluefruitLE_nRF51\Adafruit_BluefruitLE_SPI.cpp.o
                0x00003ec8                Adafruit_BluefruitLE_SPI::getPacket(sdepMsgCommand_t*)
 .text._ZN24Adafruit_BluefruitLE_SPI11getResponseEv
                0x00004018       0x4e .\libraries\Adafruit_BluefruitLE_nRF51\Adafruit_BluefruitLE_SPI.cpp.o
                0x00004018                Adafruit_BluefruitLE_SPI::getResponse()
 *fill*         0x00004066        0x2 
 .text._ZN24Adafruit_BluefruitLE_SPI5writeEh
                0x00004068       0xb8 .\libraries\Adafruit_BluefruitLE_nRF51\Adafruit_BluefruitLE_SPI.cpp.o
                0x00004068                Adafruit_BluefruitLE_SPI::write(unsigned char)
 .text._ZN24Adafruit_BluefruitLE_SPI5writeEPKhj
                0x00004120       0x98 .\libraries\Adafruit_BluefruitLE_nRF51\Adafruit_BluefruitLE_SPI.cpp.o
                0x00004120                Adafruit_BluefruitLE_SPI::write(unsigned char const*, unsigned int)
 .text._ZN24Adafruit_BluefruitLE_SPI9availableEv
                0x000041b8       0x38 .\libraries\Adafruit_BluefruitLE_nRF51\Adafruit_BluefruitLE_SPI.cpp.o
                0x000041b8                Adafruit_BluefruitLE_SPI::available()
 .text._ZN24Adafruit_BluefruitLE_SPI4readEv
                0x000041f0       0x5c .\libraries\Adafruit_BluefruitLE_nRF51\Adafruit_BluefruitLE_SPI.cpp.o
                0x000041f0                Adafruit_BluefruitLE_SPI::read()
 .text._ZN24Adafruit_BluefruitLE_SPI4peekEv
                0x0000424c       0x5c .\libraries\Adafruit_BluefruitLE_nRF51\Adafruit_BluefruitLE_SPI.cpp.o
                0x0000424c                Adafruit_BluefruitLE_SPI::peek()
 .text.startup._GLOBAL__sub_I_bluefruitSPI
                0x000042a8       0x18 .\libraries\Adafruit_BluefruitLE_nRF51\Adafruit_BluefruitLE_SPI.cpp.o
 .text.floor    0x000042c0      0x170 c:/cp/eclipse/arduinoplugin/packages/arduino/tools/arm-none-eabi-gcc/4.8.3-2014q1/bin/../lib/gcc/arm-none-eabi/4.8.3/../../../../arm-none-eabi/lib/armv6-m\libm.a(lib_a-s_floor.o)
                0x000042c0                floor
 .text.SERCOM0_Handler
                0x00004430       0x10 C:/Users/araujo/eclipse-workspace/armPowerTest/Release/arduino.ar(variant.cpp.o)
                0x00004430                SERCOM0_Handler
 .text.SERCOM5_Handler
                0x00004440       0x10 C:/Users/araujo/eclipse-workspace/armPowerTest/Release/arduino.ar(variant.cpp.o)
                0x00004440                SERCOM5_Handler
 .text.startup._GLOBAL__sub_I_g_APinDescription
                0x00004450       0x94 C:/Users/araujo/eclipse-workspace/armPowerTest/Release/arduino.ar(variant.cpp.o)
 .text._ZN7Serial_17availableForWriteEv
                0x000044e4        0x4 C:/Users/araujo/eclipse-workspace/armPowerTest/Release/arduino.ar(CDC.cpp.o)
                0x000044e4                Serial_::availableForWrite()
 .text._ZN7Serial_5writeEh
                0x000044e8       0x14 C:/Users/araujo/eclipse-workspace/armPowerTest/Release/arduino.ar(CDC.cpp.o)
                0x000044e8                Serial_::write(unsigned char)
 .text._ZN7Serial_9availableEv
                0x000044fc        0xc C:/Users/araujo/eclipse-workspace/armPowerTest/Release/arduino.ar(CDC.cpp.o)
                0x000044fc                Serial_::available()
 .text._ZN7Serial_5flushEv
                0x00004508        0xc C:/Users/araujo/eclipse-workspace/armPowerTest/Release/arduino.ar(CDC.cpp.o)
                0x00004508                Serial_::flush()
 .text._ZN7Serial_5writeEPKhj
                0x00004514       0x1c C:/Users/araujo/eclipse-workspace/armPowerTest/Release/arduino.ar(CDC.cpp.o)
                0x00004514                Serial_::write(unsigned char const*, unsigned int)
 .text._ZN7Serial_4peekEv
                0x00004530       0x1c C:/Users/araujo/eclipse-workspace/armPowerTest/Release/arduino.ar(CDC.cpp.o)
                0x00004530                Serial_::peek()
 .text._ZN7Serial_4readEv
                0x0000454c       0x24 C:/Users/araujo/eclipse-workspace/armPowerTest/Release/arduino.ar(CDC.cpp.o)
                0x0000454c                Serial_::read()
 .text._Z16CDC_GetInterfacePh
                0x00004570       0x1c C:/Users/araujo/eclipse-workspace/armPowerTest/Release/arduino.ar(CDC.cpp.o)
                0x00004570                CDC_GetInterface(unsigned char*)
 .text._Z9CDC_SetupR8USBSetup
                0x0000458c       0x80 C:/Users/araujo/eclipse-workspace/armPowerTest/Release/arduino.ar(CDC.cpp.o)
                0x0000458c                CDC_Setup(USBSetup&)
 .text._ZN7Serial_5beginEm
                0x0000460c        0x2 C:/Users/araujo/eclipse-workspace/armPowerTest/Release/arduino.ar(CDC.cpp.o)
                0x0000460c                Serial_::begin(unsigned long)
 *fill*         0x0000460e        0x2 
 .text.startup._GLOBAL__sub_I__Z17_CDC_GetInterfacev
                0x00004610       0x28 C:/Users/araujo/eclipse-workspace/armPowerTest/Release/arduino.ar(CDC.cpp.o)
 .text._ZN14USBDeviceClass6initEPEmm.part.4
                0x00004638       0x80 C:/Users/araujo/eclipse-workspace/armPowerTest/Release/arduino.ar(USBCore.cpp.o)
 .text._ZN20USBDevice_SAMD21G18x5resetEv
                0x000046b8       0x28 C:/Users/araujo/eclipse-workspace/armPowerTest/Release/arduino.ar(USBCore.cpp.o)
                0x000046b8                USBDevice_SAMD21G18x::reset()
 .text._ZN20USBDevice_SAMD21G18x9calibrateEv
                0x000046e0       0x5c C:/Users/araujo/eclipse-workspace/armPowerTest/Release/arduino.ar(USBCore.cpp.o)
                0x000046e0                USBDevice_SAMD21G18x::calibrate()
 .text._ZN7__GuardC2Ev
                0x0000473c        0xe C:/Users/araujo/eclipse-workspace/armPowerTest/Release/arduino.ar(USBCore.cpp.o)
                0x0000473c                __Guard::__Guard()
                0x0000473c                __Guard::__Guard()
 .text._ZN7__GuardD2Ev
                0x0000474a        0xe C:/Users/araujo/eclipse-workspace/armPowerTest/Release/arduino.ar(USBCore.cpp.o)
                0x0000474a                __Guard::~__Guard()
                0x0000474a                __Guard::~__Guard()
 .text._ZNK26DoubleBufferedEPOutHandler9availableEv
                0x00004758       0x5e C:/Users/araujo/eclipse-workspace/armPowerTest/Release/arduino.ar(USBCore.cpp.o)
                0x00004758                DoubleBufferedEPOutHandler::available() const
 *fill*         0x000047b6        0x2 
 .text._ZN26DoubleBufferedEPOutHandler7releaseEv
                0x000047b8       0x58 C:/Users/araujo/eclipse-workspace/armPowerTest/Release/arduino.ar(USBCore.cpp.o)
                0x000047b8                DoubleBufferedEPOutHandler::release()
 .text._ZN26DoubleBufferedEPOutHandler4recvEPvm
                0x00004810      0x11c C:/Users/araujo/eclipse-workspace/armPowerTest/Release/arduino.ar(USBCore.cpp.o)
                0x00004810                DoubleBufferedEPOutHandler::recv(void*, unsigned long)
 .text._ZN26DoubleBufferedEPOutHandler14handleEndpointEv
                0x0000492c       0xc4 C:/Users/araujo/eclipse-workspace/armPowerTest/Release/arduino.ar(USBCore.cpp.o)
                0x0000492c                DoubleBufferedEPOutHandler::handleEndpoint()
 .text._ZN14USBDeviceClass14SendInterfacesEPm
                0x000049f0       0x2c C:/Users/araujo/eclipse-workspace/armPowerTest/Release/arduino.ar(USBCore.cpp.o)
                0x000049f0                USBDeviceClass::SendInterfaces(unsigned long*)
 .text._ZN14USBDeviceClass14handleEndpointEh
                0x00004a1c       0x40 C:/Users/araujo/eclipse-workspace/armPowerTest/Release/arduino.ar(USBCore.cpp.o)
                0x00004a1c                USBDeviceClass::handleEndpoint(unsigned char)
 .text._ZN14USBDeviceClass4initEv
                0x00004a5c       0xf0 C:/Users/araujo/eclipse-workspace/armPowerTest/Release/arduino.ar(USBCore.cpp.o)
                0x00004a5c                USBDeviceClass::init()
 .text._ZN14USBDeviceClass6attachEv
                0x00004b4c       0x34 C:/Users/araujo/eclipse-workspace/armPowerTest/Release/arduino.ar(USBCore.cpp.o)
                0x00004b4c                USBDeviceClass::attach()
 .text._ZN14USBDeviceClass10setAddressEm
                0x00004b80       0x48 C:/Users/araujo/eclipse-workspace/armPowerTest/Release/arduino.ar(USBCore.cpp.o)
                0x00004b80                USBDeviceClass::setAddress(unsigned long)
 .text._ZN14USBDeviceClass25handleClassInterfaceSetupER8USBSetup
                0x00004bc8       0x40 C:/Users/araujo/eclipse-workspace/armPowerTest/Release/arduino.ar(USBCore.cpp.o)
                0x00004bc8                USBDeviceClass::handleClassInterfaceSetup(USBSetup&)
 .text._ZN14USBDeviceClass6initEPEmm
                0x00004c08      0x128 C:/Users/araujo/eclipse-workspace/armPowerTest/Release/arduino.ar(USBCore.cpp.o)
                0x00004c08                USBDeviceClass::initEP(unsigned long, unsigned long)
 .text._ZN14USBDeviceClass13initEndpointsEv
                0x00004d30       0x24 C:/Users/araujo/eclipse-workspace/armPowerTest/Release/arduino.ar(USBCore.cpp.o)
                0x00004d30                USBDeviceClass::initEndpoints()
 .text._ZN14USBDeviceClass9availableEm
                0x00004d54       0x2c C:/Users/araujo/eclipse-workspace/armPowerTest/Release/arduino.ar(USBCore.cpp.o)
                0x00004d54                USBDeviceClass::available(unsigned long)
 .text._ZN14USBDeviceClass5flushEm
                0x00004d80       0x2c C:/Users/araujo/eclipse-workspace/armPowerTest/Release/arduino.ar(USBCore.cpp.o)
                0x00004d80                USBDeviceClass::flush(unsigned long)
 .text._ZN14USBDeviceClass14armRecvCtrlOUTEm
                0x00004dac       0x60 C:/Users/araujo/eclipse-workspace/armPowerTest/Release/arduino.ar(USBCore.cpp.o)
                0x00004dac                USBDeviceClass::armRecvCtrlOUT(unsigned long)
 .text._ZN14USBDeviceClass11recvControlEPvm
                0x00004e0c       0x3c C:/Users/araujo/eclipse-workspace/armPowerTest/Release/arduino.ar(USBCore.cpp.o)
                0x00004e0c                USBDeviceClass::recvControl(void*, unsigned long)
 .text._ZN14USBDeviceClass7armRecvEm
                0x00004e48       0x3c C:/Users/araujo/eclipse-workspace/armPowerTest/Release/arduino.ar(USBCore.cpp.o)
                0x00004e48                USBDeviceClass::armRecv(unsigned long)
 .text._ZN14USBDeviceClass4recvEmPvm
                0x00004e84       0xd8 C:/Users/araujo/eclipse-workspace/armPowerTest/Release/arduino.ar(USBCore.cpp.o)
                0x00004e84                USBDeviceClass::recv(unsigned long, void*, unsigned long)
 .text._ZN14USBDeviceClass4recvEm
                0x00004f5c       0x1c C:/Users/araujo/eclipse-workspace/armPowerTest/Release/arduino.ar(USBCore.cpp.o)
                0x00004f5c                USBDeviceClass::recv(unsigned long)
 .text._ZN14USBDeviceClass4sendEmPKvm
                0x00004f78      0x124 C:/Users/araujo/eclipse-workspace/armPowerTest/Release/arduino.ar(USBCore.cpp.o)
                0x00004f78                USBDeviceClass::send(unsigned long, void const*, unsigned long)
 .text._ZN14USBDeviceClass7armSendEmPKvm
                0x0000509c       0x48 C:/Users/araujo/eclipse-workspace/armPowerTest/Release/arduino.ar(USBCore.cpp.o)
                0x0000509c                USBDeviceClass::armSend(unsigned long, void const*, unsigned long)
 .text._ZN14USBDeviceClass11sendControlEPKvm
                0x000050e4       0x58 C:/Users/araujo/eclipse-workspace/armPowerTest/Release/arduino.ar(USBCore.cpp.o)
                0x000050e4                USBDeviceClass::sendControl(void const*, unsigned long)
 .text._ZN14USBDeviceClass20sendStringDescriptorEPKhh
                0x0000513c       0x68 C:/Users/araujo/eclipse-workspace/armPowerTest/Release/arduino.ar(USBCore.cpp.o)
                0x0000513c                USBDeviceClass::sendStringDescriptor(unsigned char const*, unsigned char)
 .text._ZN14USBDeviceClass12packMessagesEb.part.6
                0x000051a4       0x20 C:/Users/araujo/eclipse-workspace/armPowerTest/Release/arduino.ar(USBCore.cpp.o)
 .text._ZN14USBDeviceClass17sendConfigurationEm
                0x000051c4       0x90 C:/Users/araujo/eclipse-workspace/armPowerTest/Release/arduino.ar(USBCore.cpp.o)
                0x000051c4                USBDeviceClass::sendConfiguration(unsigned long)
 .text._ZN14USBDeviceClass14sendDescriptorER8USBSetup
                0x00005254       0xb4 C:/Users/araujo/eclipse-workspace/armPowerTest/Release/arduino.ar(USBCore.cpp.o)
                0x00005254                USBDeviceClass::sendDescriptor(USBSetup&)
 .text._ZN14USBDeviceClass19handleStandardSetupER8USBSetup
                0x00005308      0x118 C:/Users/araujo/eclipse-workspace/armPowerTest/Release/arduino.ar(USBCore.cpp.o)
                0x00005308                USBDeviceClass::handleStandardSetup(USBSetup&)
 .text._ZN14USBDeviceClass10ISRHandlerEv
                0x00005420      0x150 C:/Users/araujo/eclipse-workspace/armPowerTest/Release/arduino.ar(USBCore.cpp.o)
                0x00005420                USBDeviceClass::ISRHandler()
 .text.UDD_Handler
                0x00005570       0x10 C:/Users/araujo/eclipse-workspace/armPowerTest/Release/arduino.ar(USBCore.cpp.o)
                0x00005570                UDD_Handler
 .text.startup._GLOBAL__sub_I__ZN20USBDevice_SAMD21G18x5resetEv
                0x00005580       0x10 C:/Users/araujo/eclipse-workspace/armPowerTest/Release/arduino.ar(USBCore.cpp.o)
 .text._ZN5Print5writeEPKhj
                0x00005590       0x28 C:/Users/araujo/eclipse-workspace/armPowerTest/Release/arduino.ar(Print.cpp.o)
                0x00005590                Print::write(unsigned char const*, unsigned int)
 .text._ZN5Print5printEmi.part.3
                0x000055b8        0xc C:/Users/araujo/eclipse-workspace/armPowerTest/Release/arduino.ar(Print.cpp.o)
 .text._ZN5Print5writeEPKc
                0x000055c4       0x1c C:/Users/araujo/eclipse-workspace/armPowerTest/Release/arduino.ar(Print.cpp.o)
                0x000055c4                Print::write(char const*)
 .text._ZN5Print5printEPK19__FlashStringHelper
                0x000055e0        0x8 C:/Users/araujo/eclipse-workspace/armPowerTest/Release/arduino.ar(Print.cpp.o)
                0x000055e0                Print::print(__FlashStringHelper const*)
 .text._ZN5Print5printEPKc
                0x000055e8        0x8 C:/Users/araujo/eclipse-workspace/armPowerTest/Release/arduino.ar(Print.cpp.o)
                0x000055e8                Print::print(char const*)
 .text._ZN5Print5printEc
                0x000055f0        0xa C:/Users/araujo/eclipse-workspace/armPowerTest/Release/arduino.ar(Print.cpp.o)
                0x000055f0                Print::print(char)
 *fill*         0x000055fa        0x2 
 .text._ZN5Print7printlnEv
                0x000055fc       0x10 C:/Users/araujo/eclipse-workspace/armPowerTest/Release/arduino.ar(Print.cpp.o)
                0x000055fc                Print::println()
 .text._ZN5Print7printlnEPK19__FlashStringHelper
                0x0000560c       0x14 C:/Users/araujo/eclipse-workspace/armPowerTest/Release/arduino.ar(Print.cpp.o)
                0x0000560c                Print::println(__FlashStringHelper const*)
 .text._ZN5Print7printlnEPKc
                0x00005620       0x14 C:/Users/araujo/eclipse-workspace/armPowerTest/Release/arduino.ar(Print.cpp.o)
                0x00005620                Print::println(char const*)
 .text._ZN5Print11printNumberEmh
                0x00005634       0x4e C:/Users/araujo/eclipse-workspace/armPowerTest/Release/arduino.ar(Print.cpp.o)
                0x00005634                Print::printNumber(unsigned long, unsigned char)
 .text._ZN5Print5printEli
                0x00005682       0x3c C:/Users/araujo/eclipse-workspace/armPowerTest/Release/arduino.ar(Print.cpp.o)
                0x00005682                Print::print(long, int)
 .text._ZN5Print5printEii
                0x000056be        0x8 C:/Users/araujo/eclipse-workspace/armPowerTest/Release/arduino.ar(Print.cpp.o)
                0x000056be                Print::print(int, int)
 .text._ZN5Print7printlnEii
                0x000056c6       0x14 C:/Users/araujo/eclipse-workspace/armPowerTest/Release/arduino.ar(Print.cpp.o)
                0x000056c6                Print::println(int, int)
 .text._ZN5Print5printEmi
                0x000056da       0x14 C:/Users/araujo/eclipse-workspace/armPowerTest/Release/arduino.ar(Print.cpp.o)
                0x000056da                Print::print(unsigned long, int)
 .text._ZN5Print5printEhi
                0x000056ee        0x8 C:/Users/araujo/eclipse-workspace/armPowerTest/Release/arduino.ar(Print.cpp.o)
                0x000056ee                Print::print(unsigned char, int)
 *fill*         0x000056f6        0x2 
 .text.initiateReset
                0x000056f8        0xc C:/Users/araujo/eclipse-workspace/armPowerTest/Release/arduino.ar(Reset.cpp.o)
                0x000056f8                initiateReset
 .text.cancelReset
                0x00005704       0x10 C:/Users/araujo/eclipse-workspace/armPowerTest/Release/arduino.ar(Reset.cpp.o)
                0x00005704                cancelReset
 .text.tickReset
                0x00005714       0x74 C:/Users/araujo/eclipse-workspace/armPowerTest/Release/arduino.ar(Reset.cpp.o)
                0x00005714                tickReset
 .text._ZN10RingBufferC2Ev
                0x00005788       0x1a C:/Users/araujo/eclipse-workspace/armPowerTest/Release/arduino.ar(RingBuffer.cpp.o)
                0x00005788                RingBuffer::RingBuffer()
                0x00005788                RingBuffer::RingBuffer()
 .text._ZN10RingBuffer10store_charEh
                0x000057a2       0x24 C:/Users/araujo/eclipse-workspace/armPowerTest/Release/arduino.ar(RingBuffer.cpp.o)
                0x000057a2                RingBuffer::store_char(unsigned char)
 .text._ZN10RingBuffer5clearEv
                0x000057c6        0xe C:/Users/araujo/eclipse-workspace/armPowerTest/Release/arduino.ar(RingBuffer.cpp.o)
                0x000057c6                RingBuffer::clear()
 .text._ZN10RingBuffer9read_charEv
                0x000057d4       0x28 C:/Users/araujo/eclipse-workspace/armPowerTest/Release/arduino.ar(RingBuffer.cpp.o)
                0x000057d4                RingBuffer::read_char()
 .text._ZN10RingBuffer9availableEv
                0x000057fc       0x12 C:/Users/araujo/eclipse-workspace/armPowerTest/Release/arduino.ar(RingBuffer.cpp.o)
                0x000057fc                RingBuffer::available()
 .text._ZN10RingBuffer4peekEv
                0x0000580e       0x1a C:/Users/araujo/eclipse-workspace/armPowerTest/Release/arduino.ar(RingBuffer.cpp.o)
                0x0000580e                RingBuffer::peek()
 .text._ZN10RingBuffer6isFullEv
                0x00005828       0x20 C:/Users/araujo/eclipse-workspace/armPowerTest/Release/arduino.ar(RingBuffer.cpp.o)
                0x00005828                RingBuffer::isFull()
 .text._ZN6SERCOMC2EP6Sercom
                0x00005848        0x4 C:/Users/araujo/eclipse-workspace/armPowerTest/Release/arduino.ar(SERCOM.cpp.o)
                0x00005848                SERCOM::SERCOM(Sercom*)
                0x00005848                SERCOM::SERCOM(Sercom*)
 .text._ZN6SERCOM9initFrameE18SercomUartCharSize15SercomDataOrder16SercomParityMode19SercomNumberStopBit
                0x0000584c       0x38 C:/Users/araujo/eclipse-workspace/armPowerTest/Release/arduino.ar(SERCOM.cpp.o)
                0x0000584c                SERCOM::initFrame(SercomUartCharSize, SercomDataOrder, SercomParityMode, SercomNumberStopBit)
 .text._ZN6SERCOM8initPadsE15SercomUartTXPad11SercomRXPad
                0x00005884       0x26 C:/Users/araujo/eclipse-workspace/armPowerTest/Release/arduino.ar(SERCOM.cpp.o)
                0x00005884                SERCOM::initPads(SercomUartTXPad, SercomRXPad)
 .text._ZN6SERCOM9resetUARTEv
                0x000058aa       0x1c C:/Users/araujo/eclipse-workspace/armPowerTest/Release/arduino.ar(SERCOM.cpp.o)
                0x000058aa                SERCOM::resetUART()
 .text._ZN6SERCOM10enableUARTEv
                0x000058c6       0x14 C:/Users/araujo/eclipse-workspace/armPowerTest/Release/arduino.ar(SERCOM.cpp.o)
                0x000058c6                SERCOM::enableUART()
 .text._ZN6SERCOM9flushUARTEv
                0x000058da       0x10 C:/Users/araujo/eclipse-workspace/armPowerTest/Release/arduino.ar(SERCOM.cpp.o)
                0x000058da                SERCOM::flushUART()
 .text._ZN6SERCOM15clearStatusUARTEv
                0x000058ea        0x8 C:/Users/araujo/eclipse-workspace/armPowerTest/Release/arduino.ar(SERCOM.cpp.o)
                0x000058ea                SERCOM::clearStatusUART()
 .text._ZN6SERCOM17availableDataUARTEv
                0x000058f2        0xa C:/Users/araujo/eclipse-workspace/armPowerTest/Release/arduino.ar(SERCOM.cpp.o)
                0x000058f2                SERCOM::availableDataUART()
 .text._ZN6SERCOM11isUARTErrorEv
                0x000058fc        0x8 C:/Users/araujo/eclipse-workspace/armPowerTest/Release/arduino.ar(SERCOM.cpp.o)
                0x000058fc                SERCOM::isUARTError()
 .text._ZN6SERCOM20acknowledgeUARTErrorEv
                0x00005904        0xe C:/Users/araujo/eclipse-workspace/armPowerTest/Release/arduino.ar(SERCOM.cpp.o)
                0x00005904                SERCOM::acknowledgeUARTError()
 .text._ZN6SERCOM12readDataUARTEv
                0x00005912        0x8 C:/Users/araujo/eclipse-workspace/armPowerTest/Release/arduino.ar(SERCOM.cpp.o)
                0x00005912                SERCOM::readDataUART()
 .text._ZN6SERCOM13writeDataUARTEh
                0x0000591a        0xe C:/Users/araujo/eclipse-workspace/armPowerTest/Release/arduino.ar(SERCOM.cpp.o)
                0x0000591a                SERCOM::writeDataUART(unsigned char)
 .text._ZN6SERCOM12initSPIClockE18SercomSpiClockModem
                0x00005928       0x30 C:/Users/araujo/eclipse-workspace/armPowerTest/Release/arduino.ar(SERCOM.cpp.o)
                0x00005928                SERCOM::initSPIClock(SercomSpiClockMode, unsigned long)
 .text._ZN6SERCOM8resetSPIEv
                0x00005958       0x1c C:/Users/araujo/eclipse-workspace/armPowerTest/Release/arduino.ar(SERCOM.cpp.o)
                0x00005958                SERCOM::resetSPI()
 .text._ZN6SERCOM9enableSPIEv
                0x00005974       0x14 C:/Users/araujo/eclipse-workspace/armPowerTest/Release/arduino.ar(SERCOM.cpp.o)
                0x00005974                SERCOM::enableSPI()
 .text._ZN6SERCOM10disableSPIEv
                0x00005988       0x12 C:/Users/araujo/eclipse-workspace/armPowerTest/Release/arduino.ar(SERCOM.cpp.o)
                0x00005988                SERCOM::disableSPI()
 .text._ZN6SERCOM15transferDataSPIEh
                0x0000599a       0x1a C:/Users/araujo/eclipse-workspace/armPowerTest/Release/arduino.ar(SERCOM.cpp.o)
                0x0000599a                SERCOM::transferDataSPI(unsigned char)
 .text._ZN6SERCOM9resetWIREEv
                0x000059b4       0x1c C:/Users/araujo/eclipse-workspace/armPowerTest/Release/arduino.ar(SERCOM.cpp.o)
                0x000059b4                SERCOM::resetWIRE()
 .text._ZN6SERCOM10enableWIREEv
                0x000059d0       0x28 C:/Users/araujo/eclipse-workspace/armPowerTest/Release/arduino.ar(SERCOM.cpp.o)
                0x000059d0                SERCOM::enableWIRE()
 .text._ZN6SERCOM18prepareNackBitWIREEv
                0x000059f8       0x10 C:/Users/araujo/eclipse-workspace/armPowerTest/Release/arduino.ar(SERCOM.cpp.o)
                0x000059f8                SERCOM::prepareNackBitWIRE()
 .text._ZN6SERCOM17prepareAckBitWIREEv
                0x00005a08       0x14 C:/Users/araujo/eclipse-workspace/armPowerTest/Release/arduino.ar(SERCOM.cpp.o)
                0x00005a08                SERCOM::prepareAckBitWIRE()
 .text._ZN6SERCOM22prepareCommandBitsWireEh
                0x00005a1c       0x2c C:/Users/araujo/eclipse-workspace/armPowerTest/Release/arduino.ar(SERCOM.cpp.o)
                0x00005a1c                SERCOM::prepareCommandBitsWire(unsigned char)
 .text._ZN6SERCOM21startTransmissionWIREEh23SercomWireReadWriteFlag
                0x00005a48       0x5e C:/Users/araujo/eclipse-workspace/armPowerTest/Release/arduino.ar(SERCOM.cpp.o)
                0x00005a48                SERCOM::startTransmissionWIRE(unsigned char, SercomWireReadWriteFlag)
 .text._ZN6SERCOM18sendDataMasterWIREEh
                0x00005aa6       0x22 C:/Users/araujo/eclipse-workspace/armPowerTest/Release/arduino.ar(SERCOM.cpp.o)
                0x00005aa6                SERCOM::sendDataMasterWIRE(unsigned char)
 .text._ZN6SERCOM17sendDataSlaveWIREEh
                0x00005ac8       0x1a C:/Users/araujo/eclipse-workspace/armPowerTest/Release/arduino.ar(SERCOM.cpp.o)
                0x00005ac8                SERCOM::sendDataSlaveWIRE(unsigned char)
 .text._ZN6SERCOM11isSlaveWIREEv
                0x00005ae2       0x12 C:/Users/araujo/eclipse-workspace/armPowerTest/Release/arduino.ar(SERCOM.cpp.o)
                0x00005ae2                SERCOM::isSlaveWIRE()
 .text._ZN6SERCOM15isDataReadyWIREEv
                0x00005af4        0xa C:/Users/araujo/eclipse-workspace/armPowerTest/Release/arduino.ar(SERCOM.cpp.o)
                0x00005af4                SERCOM::isDataReadyWIRE()
 .text._ZN6SERCOM18isStopDetectedWIREEv
                0x00005afe        0xa C:/Users/araujo/eclipse-workspace/armPowerTest/Release/arduino.ar(SERCOM.cpp.o)
                0x00005afe                SERCOM::isStopDetectedWIRE()
 .text._ZN6SERCOM21isRestartDetectedWIREEv
                0x00005b08        0xa C:/Users/araujo/eclipse-workspace/armPowerTest/Release/arduino.ar(SERCOM.cpp.o)
                0x00005b08                SERCOM::isRestartDetectedWIRE()
 .text._ZN6SERCOM14isAddressMatchEv
                0x00005b12        0xa C:/Users/araujo/eclipse-workspace/armPowerTest/Release/arduino.ar(SERCOM.cpp.o)
                0x00005b12                SERCOM::isAddressMatch()
 .text._ZN6SERCOM25isMasterReadOperationWIREEv
                0x00005b1c        0xa C:/Users/araujo/eclipse-workspace/armPowerTest/Release/arduino.ar(SERCOM.cpp.o)
                0x00005b1c                SERCOM::isMasterReadOperationWIRE()
 .text._ZN6SERCOM12readDataWIREEv
                0x00005b26       0x1a C:/Users/araujo/eclipse-workspace/armPowerTest/Release/arduino.ar(SERCOM.cpp.o)
                0x00005b26                SERCOM::readDataWIRE()
 .text._ZN6SERCOM13initClockNVICEv
                0x00005b40       0xac C:/Users/araujo/eclipse-workspace/armPowerTest/Release/arduino.ar(SERCOM.cpp.o)
                0x00005b40                SERCOM::initClockNVIC()
 .text._ZN6SERCOM8initUARTE14SercomUartMode20SercomUartSampleRatem
                0x00005bec       0x6c C:/Users/araujo/eclipse-workspace/armPowerTest/Release/arduino.ar(SERCOM.cpp.o)
                0x00005bec                SERCOM::initUART(SercomUartMode, SercomUartSampleRate, unsigned long)
 .text._ZN6SERCOM7initSPIE14SercomSpiTXPad11SercomRXPad17SercomSpiCharSize15SercomDataOrder
                0x00005c58       0x48 C:/Users/araujo/eclipse-workspace/armPowerTest/Release/arduino.ar(SERCOM.cpp.o)
                0x00005c58                SERCOM::initSPI(SercomSpiTXPad, SercomRXPad, SercomSpiCharSize, SercomDataOrder)
 .text._ZN6SERCOM14initMasterWIREEm
                0x00005ca0       0x38 C:/Users/araujo/eclipse-workspace/armPowerTest/Release/arduino.ar(SERCOM.cpp.o)
                0x00005ca0                SERCOM::initMasterWIRE(unsigned long)
 .text._ZN4UartcvbEv
                0x00005cd8        0x4 C:/Users/araujo/eclipse-workspace/armPowerTest/Release/arduino.ar(Uart.cpp.o)
                0x00005cd8                Uart::operator bool()
 .text._ZN4Uart5beginEm
                0x00005cdc       0x10 C:/Users/araujo/eclipse-workspace/armPowerTest/Release/arduino.ar(Uart.cpp.o)
                0x00005cdc                Uart::begin(unsigned long)
 .text._ZN4Uart3endEv
                0x00005cec       0x14 C:/Users/araujo/eclipse-workspace/armPowerTest/Release/arduino.ar(Uart.cpp.o)
                0x00005cec                Uart::end()
 .text._ZN4Uart5flushEv
                0x00005d00        0xa C:/Users/araujo/eclipse-workspace/armPowerTest/Release/arduino.ar(Uart.cpp.o)
                0x00005d00                Uart::flush()
 .text._ZN4Uart9availableEv
                0x00005d0a        0xa C:/Users/araujo/eclipse-workspace/armPowerTest/Release/arduino.ar(Uart.cpp.o)
                0x00005d0a                Uart::available()
 .text._ZN4Uart4peekEv
                0x00005d14        0xa C:/Users/araujo/eclipse-workspace/armPowerTest/Release/arduino.ar(Uart.cpp.o)
                0x00005d14                Uart::peek()
 .text._ZN4Uart4readEv
                0x00005d1e        0xa C:/Users/araujo/eclipse-workspace/armPowerTest/Release/arduino.ar(Uart.cpp.o)
                0x00005d1e                Uart::read()
 .text._ZN4Uart5writeEh
                0x00005d28        0xc C:/Users/araujo/eclipse-workspace/armPowerTest/Release/arduino.ar(Uart.cpp.o)
                0x00005d28                Uart::write(unsigned char)
 .text._ZN4UartC2EP6SERCOMhh11SercomRXPad15SercomUartTXPad
                0x00005d34       0x48 C:/Users/araujo/eclipse-workspace/armPowerTest/Release/arduino.ar(Uart.cpp.o)
                0x00005d34                Uart::Uart(SERCOM*, unsigned char, unsigned char, SercomRXPad, SercomUartTXPad)
                0x00005d34                Uart::Uart(SERCOM*, unsigned char, unsigned char, SercomRXPad, SercomUartTXPad)
 .text._ZN4Uart10IrqHandlerEv
                0x00005d7c       0x36 C:/Users/araujo/eclipse-workspace/armPowerTest/Release/arduino.ar(Uart.cpp.o)
                0x00005d7c                Uart::IrqHandler()
 .text._ZN4Uart16extractNbStopBitEt
                0x00005db2        0xe C:/Users/araujo/eclipse-workspace/armPowerTest/Release/arduino.ar(Uart.cpp.o)
                0x00005db2                Uart::extractNbStopBit(unsigned short)
 .text._ZN4Uart15extractCharSizeEt
                0x00005dc0       0x2c C:/Users/araujo/eclipse-workspace/armPowerTest/Release/arduino.ar(Uart.cpp.o)
                0x00005dc0                Uart::extractCharSize(unsigned short)
 .text._ZN4Uart13extractParityEt
                0x00005dec       0x18 C:/Users/araujo/eclipse-workspace/armPowerTest/Release/arduino.ar(Uart.cpp.o)
                0x00005dec                Uart::extractParity(unsigned short)
 .text._ZN4Uart5beginEmt
                0x00005e04       0x88 C:/Users/araujo/eclipse-workspace/armPowerTest/Release/arduino.ar(Uart.cpp.o)
                0x00005e04                Uart::begin(unsigned long, unsigned short)
 .text._Z8makeWordhh
                0x00005e8c        0x6 C:/Users/araujo/eclipse-workspace/armPowerTest/Release/arduino.ar(WMath.cpp.o)
                0x00005e8c                makeWord(unsigned char, unsigned char)
 .text.__cxa_pure_virtual
                0x00005e92        0x2 C:/Users/araujo/eclipse-workspace/armPowerTest/Release/arduino.ar(abi.cpp.o)
                0x00005e92                __cxa_pure_virtual
 .text.Dummy_Handler
                0x00005e94        0x2 C:/Users/araujo/eclipse-workspace/armPowerTest/Release/arduino.ar(cortex_handlers.c.o)
                0x00005e94                DMAC_Handler
                0x00005e94                HardFault_Handler
                0x00005e94                AC_Handler
                0x00005e94                PendSV_Handler
                0x00005e94                NMI_Handler
                0x00005e94                TC7_Handler
                0x00005e94                SERCOM1_Handler
                0x00005e94                ADC_Handler
                0x00005e94                TCC1_Handler
                0x00005e94                SERCOM2_Handler
                0x00005e94                TCC0_Handler
                0x00005e94                EIC_Handler
                0x00005e94                TC6_Handler
                0x00005e94                WDT_Handler
                0x00005e94                TC4_Handler
                0x00005e94                TC3_Handler
                0x00005e94                Dummy_Handler
                0x00005e94                PM_Handler
                0x00005e94                SVC_Handler
                0x00005e94                TCC2_Handler
                0x00005e94                EVSYS_Handler
                0x00005e94                SERCOM4_Handler
                0x00005e94                I2S_Handler
                0x00005e94                NVMCTRL_Handler
                0x00005e94                DAC_Handler
                0x00005e94                PTC_Handler
                0x00005e94                SYSCTRL_Handler
 *fill*         0x00005e96        0x2 
 .text.USB_Handler
                0x00005e98       0x14 C:/Users/araujo/eclipse-workspace/armPowerTest/Release/arduino.ar(cortex_handlers.c.o)
                0x00005e98                USB_Handler
 .text.Reset_Handler
                0x00005eac       0x54 C:/Users/araujo/eclipse-workspace/armPowerTest/Release/arduino.ar(cortex_handlers.c.o)
                0x00005eac                Reset_Handler
 .text.SysTick_Handler
                0x00005f00       0x10 C:/Users/araujo/eclipse-workspace/armPowerTest/Release/arduino.ar(cortex_handlers.c.o)
                0x00005f00                SysTick_Handler
 .text.USB_SetHandler
                0x00005f10        0xc C:/Users/araujo/eclipse-workspace/armPowerTest/Release/arduino.ar(cortex_handlers.c.o)
                0x00005f10                USB_SetHandler
 .text.millis   0x00005f1c        0xc C:/Users/araujo/eclipse-workspace/armPowerTest/Release/arduino.ar(delay.c.o)
                0x00005f1c                millis
 .text.delay    0x00005f28       0x20 C:/Users/araujo/eclipse-workspace/armPowerTest/Release/arduino.ar(delay.c.o)
                0x00005f28                delay
 .text.SysTick_DefaultHandler
                0x00005f48       0x14 C:/Users/araujo/eclipse-workspace/armPowerTest/Release/arduino.ar(delay.c.o)
                0x00005f48                SysTick_DefaultHandler
 .text.__empty  0x00005f5c        0x2 C:/Users/araujo/eclipse-workspace/armPowerTest/Release/arduino.ar(hooks.c.o)
                0x00005f5c                yield
 .text.__false  0x00005f5e        0x4 C:/Users/araujo/eclipse-workspace/armPowerTest/Release/arduino.ar(hooks.c.o)
                0x00005f5e                sysTickHook
 .text._Z11initVariantv
                0x00005f62        0x2 C:/Users/araujo/eclipse-workspace/armPowerTest/Release/arduino.ar(main.cpp.o)
                0x00005f62                initVariant()
 .text.startup.main
                0x00005f64       0x40 C:/Users/araujo/eclipse-workspace/armPowerTest/Release/arduino.ar(main.cpp.o)
                0x00005f64                main
 .text._Znwj    0x00005fa4        0x8 C:/Users/araujo/eclipse-workspace/armPowerTest/Release/arduino.ar(new.cpp.o)
                0x00005fa4                operator new(unsigned int)
 .text.SystemInit
                0x00005fac      0x168 C:/Users/araujo/eclipse-workspace/armPowerTest/Release/arduino.ar(startup.c.o)
                0x00005fac                SystemInit
 .text.init     0x00006114       0xf0 C:/Users/araujo/eclipse-workspace/armPowerTest/Release/arduino.ar(wiring.c.o)
                0x00006114                init
 .text.analogReference
                0x00006204       0x5c C:/Users/araujo/eclipse-workspace/armPowerTest/Release/arduino.ar(wiring_analog.c.o)
                0x00006204                analogReference
 .text.pinMode  0x00006260       0xb4 C:/Users/araujo/eclipse-workspace/armPowerTest/Release/arduino.ar(wiring_digital.c.o)
                0x00006260                pinMode
 .text.digitalWrite
                0x00006314       0x60 C:/Users/araujo/eclipse-workspace/armPowerTest/Release/arduino.ar(wiring_digital.c.o)
                0x00006314                digitalWrite
 .text.digitalRead
                0x00006374       0x30 C:/Users/araujo/eclipse-workspace/armPowerTest/Release/arduino.ar(wiring_digital.c.o)
                0x00006374                digitalRead
 .text.pinPeripheral
                0x000063a4       0xc4 C:/Users/araujo/eclipse-workspace/armPowerTest/Release/arduino.ar(wiring_private.c.o)
                0x000063a4                pinPeripheral
 .text._ZN13PluggableUSB_12getInterfaceEPh
                0x00006468       0x2a C:/Users/araujo/eclipse-workspace/armPowerTest/Release/arduino.ar(PluggableUSB.cpp.o)
                0x00006468                PluggableUSB_::getInterface(unsigned char*)
 .text._ZN13PluggableUSB_13getDescriptorER8USBSetup
                0x00006492       0x20 C:/Users/araujo/eclipse-workspace/armPowerTest/Release/arduino.ar(PluggableUSB.cpp.o)
                0x00006492                PluggableUSB_::getDescriptor(USBSetup&)
 .text._ZN13PluggableUSB_12getShortNameEPc
                0x000064b2       0x1e C:/Users/araujo/eclipse-workspace/armPowerTest/Release/arduino.ar(PluggableUSB.cpp.o)
                0x000064b2                PluggableUSB_::getShortName(char*)
 .text._ZN13PluggableUSB_5setupER8USBSetup
                0x000064d0       0x24 C:/Users/araujo/eclipse-workspace/armPowerTest/Release/arduino.ar(PluggableUSB.cpp.o)
                0x000064d0                PluggableUSB_::setup(USBSetup&)
 .text._Z12PluggableUSBv
                0x000064f4       0x24 C:/Users/araujo/eclipse-workspace/armPowerTest/Release/arduino.ar(PluggableUSB.cpp.o)
                0x000064f4                PluggableUSB()
 .text          0x00006518       0x14 c:/cp/eclipse/arduinoplugin/packages/arduino/tools/arm-none-eabi-gcc/4.8.3-2014q1/bin/../lib/gcc/arm-none-eabi/4.8.3/armv6-m\libgcc.a(_thumb1_case_uqi.o)
                0x00006518                __gnu_thumb1_case_uqi
 .text          0x0000652c       0x9c c:/cp/eclipse/arduinoplugin/packages/arduino/tools/arm-none-eabi-gcc/4.8.3-2014q1/bin/../lib/gcc/arm-none-eabi/4.8.3/armv6-m\libgcc.a(_udivsi3.o)
                0x0000652c                __aeabi_uidiv
                0x0000652c                __udivsi3
                0x000065b4                __aeabi_uidivmod
 .text          0x000065c8       0xc0 c:/cp/eclipse/arduinoplugin/packages/arduino/tools/arm-none-eabi-gcc/4.8.3-2014q1/bin/../lib/gcc/arm-none-eabi/4.8.3/armv6-m\libgcc.a(_divsi3.o)
                0x000065c8                __divsi3
                0x000065c8                __aeabi_idiv
                0x00006674                __aeabi_idivmod
 .text          0x00006688        0x4 c:/cp/eclipse/arduinoplugin/packages/arduino/tools/arm-none-eabi-gcc/4.8.3-2014q1/bin/../lib/gcc/arm-none-eabi/4.8.3/armv6-m\libgcc.a(_dvmd_tls.o)
                0x00006688                __aeabi_idiv0
                0x00006688                __aeabi_ldiv0
 .text          0x0000668c       0x7c c:/cp/eclipse/arduinoplugin/packages/arduino/tools/arm-none-eabi-gcc/4.8.3-2014q1/bin/../lib/gcc/arm-none-eabi/4.8.3/armv6-m\libgcc.a(_arm_cmpdf2.o)
                0x0000668c                __aeabi_cdrcmple
                0x0000669c                __aeabi_cdcmple
                0x0000669c                __aeabi_cdcmpeq
                0x000066ac                __aeabi_dcmpeq
                0x000066b8                __aeabi_dcmplt
                0x000066cc                __aeabi_dcmple
                0x000066e0                __aeabi_dcmpgt
                0x000066f4                __aeabi_dcmpge
 .text          0x00006708       0x40 c:/cp/eclipse/arduinoplugin/packages/arduino/tools/arm-none-eabi-gcc/4.8.3-2014q1/bin/../lib/gcc/arm-none-eabi/4.8.3/armv6-m\libgcc.a(_fixunsdfsi.o)
                0x00006708                __aeabi_d2uiz
                0x00006708                __fixunsdfsi
 .text          0x00006748      0x24c c:/cp/eclipse/arduinoplugin/packages/arduino/tools/arm-none-eabi-gcc/4.8.3-2014q1/bin/../lib/gcc/arm-none-eabi/4.8.3/armv6-m\libgcc.a(divsf3.o)
                0x00006748                __aeabi_fdiv
 .text          0x00006994      0x2e0 c:/cp/eclipse/arduinoplugin/packages/arduino/tools/arm-none-eabi-gcc/4.8.3-2014q1/bin/../lib/gcc/arm-none-eabi/4.8.3/armv6-m\libgcc.a(subsf3.o)
                0x00006994                __aeabi_fsub
 .text          0x00006c74      0x638 c:/cp/eclipse/arduinoplugin/packages/arduino/tools/arm-none-eabi-gcc/4.8.3-2014q1/bin/../lib/gcc/arm-none-eabi/4.8.3/armv6-m\libgcc.a(adddf3.o)
                0x00006c74                __aeabi_dadd
 .text          0x000072ac       0x94 c:/cp/eclipse/arduinoplugin/packages/arduino/tools/arm-none-eabi-gcc/4.8.3-2014q1/bin/../lib/gcc/arm-none-eabi/4.8.3/armv6-m\libgcc.a(eqdf2.o)
                0x000072ac                __nedf2
                0x000072ac                __eqdf2
 .text          0x00007340       0xfc c:/cp/eclipse/arduinoplugin/packages/arduino/tools/arm-none-eabi-gcc/4.8.3-2014q1/bin/../lib/gcc/arm-none-eabi/4.8.3/armv6-m\libgcc.a(gedf2.o)
                0x00007340                __gedf2
                0x00007340                __gtdf2
 .text          0x0000743c       0xfc c:/cp/eclipse/arduinoplugin/packages/arduino/tools/arm-none-eabi-gcc/4.8.3-2014q1/bin/../lib/gcc/arm-none-eabi/4.8.3/armv6-m\libgcc.a(ledf2.o)
                0x0000743c                __ledf2
                0x0000743c                __ltdf2
 .text          0x00007538      0x520 c:/cp/eclipse/arduinoplugin/packages/arduino/tools/arm-none-eabi-gcc/4.8.3-2014q1/bin/../lib/gcc/arm-none-eabi/4.8.3/armv6-m\libgcc.a(muldf3.o)
                0x00007538                __aeabi_dmul
 .text          0x00007a58      0x654 c:/cp/eclipse/arduinoplugin/packages/arduino/tools/arm-none-eabi-gcc/4.8.3-2014q1/bin/../lib/gcc/arm-none-eabi/4.8.3/armv6-m\libgcc.a(subdf3.o)
                0x00007a58                __aeabi_dsub
 .text          0x000080ac       0x68 c:/cp/eclipse/arduinoplugin/packages/arduino/tools/arm-none-eabi-gcc/4.8.3-2014q1/bin/../lib/gcc/arm-none-eabi/4.8.3/armv6-m\libgcc.a(fixdfsi.o)
                0x000080ac                __aeabi_d2iz
 .text          0x00008114       0xa4 c:/cp/eclipse/arduinoplugin/packages/arduino/tools/arm-none-eabi-gcc/4.8.3-2014q1/bin/../lib/gcc/arm-none-eabi/4.8.3/armv6-m\libgcc.a(extendsfdf2.o)
                0x00008114                __aeabi_f2d
 .text          0x000081b8      0x118 c:/cp/eclipse/arduinoplugin/packages/arduino/tools/arm-none-eabi-gcc/4.8.3-2014q1/bin/../lib/gcc/arm-none-eabi/4.8.3/armv6-m\libgcc.a(truncdfsf2.o)
                0x000081b8                __aeabi_d2f
 .text          0x000082d0       0x3c c:/cp/eclipse/arduinoplugin/packages/arduino/tools/arm-none-eabi-gcc/4.8.3-2014q1/bin/../lib/gcc/arm-none-eabi/4.8.3/armv6-m\libgcc.a(_clzsi2.o)
                0x000082d0                __clzsi2
 .text.atoi     0x0000830c        0xc c:/cp/eclipse/arduinoplugin/packages/arduino/tools/arm-none-eabi-gcc/4.8.3-2014q1/bin/../lib/gcc/arm-none-eabi/4.8.3/../../../../arm-none-eabi/lib/armv6-m\libc_s.a(lib_a-atoi.o)
                0x0000830c                atoi
 .text.__libc_init_array
                0x00008318       0x4c c:/cp/eclipse/arduinoplugin/packages/arduino/tools/arm-none-eabi-gcc/4.8.3-2014q1/bin/../lib/gcc/arm-none-eabi/4.8.3/../../../../arm-none-eabi/lib/armv6-m\libc_s.a(lib_a-init.o)
                0x00008318                __libc_init_array
 .text.isprint  0x00008364       0x14 c:/cp/eclipse/arduinoplugin/packages/arduino/tools/arm-none-eabi-gcc/4.8.3-2014q1/bin/../lib/gcc/arm-none-eabi/4.8.3/../../../../arm-none-eabi/lib/armv6-m\libc_s.a(lib_a-isprint.o)
                0x00008364                isprint
 .text.malloc   0x00008378       0x14 c:/cp/eclipse/arduinoplugin/packages/arduino/tools/arm-none-eabi-gcc/4.8.3-2014q1/bin/../lib/gcc/arm-none-eabi/4.8.3/../../../../arm-none-eabi/lib/armv6-m\libc_s.a(lib_a-malloc.o)
                0x00008378                malloc
 .text.memcmp   0x0000838c       0x1e c:/cp/eclipse/arduinoplugin/packages/arduino/tools/arm-none-eabi-gcc/4.8.3-2014q1/bin/../lib/gcc/arm-none-eabi/4.8.3/../../../../arm-none-eabi/lib/armv6-m\libc_s.a(lib_a-memcmp.o)
                0x0000838c                memcmp
 .text.memcpy   0x000083aa       0x12 c:/cp/eclipse/arduinoplugin/packages/arduino/tools/arm-none-eabi-gcc/4.8.3-2014q1/bin/../lib/gcc/arm-none-eabi/4.8.3/../../../../arm-none-eabi/lib/armv6-m\libc_s.a(lib_a-memcpy-stub.o)
                0x000083aa                memcpy
 .text.memset   0x000083bc       0x10 c:/cp/eclipse/arduinoplugin/packages/arduino/tools/arm-none-eabi-gcc/4.8.3-2014q1/bin/../lib/gcc/arm-none-eabi/4.8.3/../../../../arm-none-eabi/lib/armv6-m\libc_s.a(lib_a-memset.o)
                0x000083bc                memset
 .text._malloc_r
                0x000083cc       0xa8 c:/cp/eclipse/arduinoplugin/packages/arduino/tools/arm-none-eabi-gcc/4.8.3-2014q1/bin/../lib/gcc/arm-none-eabi/4.8.3/../../../../arm-none-eabi/lib/armv6-m\libc_s.a(lib_a-nano-mallocr.o)
                0x000083cc                _malloc_r
 .text._sbrk_r  0x00008474       0x24 c:/cp/eclipse/arduinoplugin/packages/arduino/tools/arm-none-eabi-gcc/4.8.3-2014q1/bin/../lib/gcc/arm-none-eabi/4.8.3/../../../../arm-none-eabi/lib/armv6-m\libc_s.a(lib_a-sbrkr.o)
                0x00008474                _sbrk_r
 .text          0x00008498       0x14 c:/cp/eclipse/arduinoplugin/packages/arduino/tools/arm-none-eabi-gcc/4.8.3-2014q1/bin/../lib/gcc/arm-none-eabi/4.8.3/../../../../arm-none-eabi/lib/armv6-m\libc_s.a(lib_a-strcmp.o)
                0x00008498                strcmp
 .text.strcpy   0x000084ac       0x10 c:/cp/eclipse/arduinoplugin/packages/arduino/tools/arm-none-eabi-gcc/4.8.3-2014q1/bin/../lib/gcc/arm-none-eabi/4.8.3/../../../../arm-none-eabi/lib/armv6-m\libc_s.a(lib_a-strcpy.o)
                0x000084ac                strcpy
 .text.strlen   0x000084bc        0xe c:/cp/eclipse/arduinoplugin/packages/arduino/tools/arm-none-eabi-gcc/4.8.3-2014q1/bin/../lib/gcc/arm-none-eabi/4.8.3/../../../../arm-none-eabi/lib/armv6-m\libc_s.a(lib_a-strlen.o)
                0x000084bc                strlen
 .text.strncmp  0x000084ca       0x2c c:/cp/eclipse/arduinoplugin/packages/arduino/tools/arm-none-eabi-gcc/4.8.3-2014q1/bin/../lib/gcc/arm-none-eabi/4.8.3/../../../../arm-none-eabi/lib/armv6-m\libc_s.a(lib_a-strncmp.o)
                0x000084ca                strncmp
 .text.strncpy  0x000084f6       0x28 c:/cp/eclipse/arduinoplugin/packages/arduino/tools/arm-none-eabi-gcc/4.8.3-2014q1/bin/../lib/gcc/arm-none-eabi/4.8.3/../../../../arm-none-eabi/lib/armv6-m\libc_s.a(lib_a-strncpy.o)
                0x000084f6                strncpy
 .text.__strtok_r
                0x0000851e       0x5c c:/cp/eclipse/arduinoplugin/packages/arduino/tools/arm-none-eabi-gcc/4.8.3-2014q1/bin/../lib/gcc/arm-none-eabi/4.8.3/../../../../arm-none-eabi/lib/armv6-m\libc_s.a(lib_a-strtok_r.o)
                0x0000851e                __strtok_r
 .text.strtok_r
                0x0000857a        0xa c:/cp/eclipse/arduinoplugin/packages/arduino/tools/arm-none-eabi-gcc/4.8.3-2014q1/bin/../lib/gcc/arm-none-eabi/4.8.3/../../../../arm-none-eabi/lib/armv6-m\libc_s.a(lib_a-strtok_r.o)
                0x0000857a                strtok_r
 .text._strtol_r
                0x00008584      0x114 c:/cp/eclipse/arduinoplugin/packages/arduino/tools/arm-none-eabi-gcc/4.8.3-2014q1/bin/../lib/gcc/arm-none-eabi/4.8.3/../../../../arm-none-eabi/lib/armv6-m\libc_s.a(lib_a-strtol.o)
                0x00008584                _strtol_r
 .text.strtol   0x00008698       0x1c c:/cp/eclipse/arduinoplugin/packages/arduino/tools/arm-none-eabi-gcc/4.8.3-2014q1/bin/../lib/gcc/arm-none-eabi/4.8.3/../../../../arm-none-eabi/lib/armv6-m\libc_s.a(lib_a-strtol.o)
                0x00008698                strtol
 .text._sbrk    0x000086b4       0x34 c:/cp/eclipse/arduinoplugin/packages/arduino/tools/arm-none-eabi-gcc/4.8.3-2014q1/bin/../lib/gcc/arm-none-eabi/4.8.3/../../../../arm-none-eabi/lib/armv6-m\libnosys.a(sbrk.o)
                0x000086b4                _sbrk
 *(.init)
 .init          0x000086e8        0x4 c:/cp/eclipse/arduinoplugin/packages/arduino/tools/arm-none-eabi-gcc/4.8.3-2014q1/bin/../lib/gcc/arm-none-eabi/4.8.3/armv6-m/crti.o
                0x000086e8                _init
 .init          0x000086ec        0x8 c:/cp/eclipse/arduinoplugin/packages/arduino/tools/arm-none-eabi-gcc/4.8.3-2014q1/bin/../lib/gcc/arm-none-eabi/4.8.3/armv6-m/crtn.o
 *(.fini)
 .fini          0x000086f4        0x4 c:/cp/eclipse/arduinoplugin/packages/arduino/tools/arm-none-eabi-gcc/4.8.3-2014q1/bin/../lib/gcc/arm-none-eabi/4.8.3/armv6-m/crti.o
                0x000086f4                _fini
 .fini          0x000086f8        0x8 c:/cp/eclipse/arduinoplugin/packages/arduino/tools/arm-none-eabi-gcc/4.8.3-2014q1/bin/../lib/gcc/arm-none-eabi/4.8.3/armv6-m/crtn.o
 *crtbegin.o(.ctors)
 *crtbegin?.o(.ctors)
 *(EXCLUDE_FILE(*crtend.o *crtend?.o) .ctors)
 *(SORT(.ctors.*))
 *(.ctors)
 *crtbegin.o(.dtors)
 *crtbegin?.o(.dtors)
 *(EXCLUDE_FILE(*crtend.o *crtend?.o) .dtors)
 *(SORT(.dtors.*))
 *(.dtors)
 *(.rodata*)
 .rodata.str1.1
                0x00008700      0x42f .\armApp.cpp.o
                                0x435 (size before relaxing)
 .rodata.str1.1
                0x00008b2f        0xe .\motor\motorControl.cpp.o
 .rodata.str1.1
                0x00008b3d        0xb .\libraries\generic\SerialCommand.cpp.o
                                  0xd (size before relaxing)
 .rodata._ZTV7TwoWire
                0x00008b48       0x20 .\libraries\Wire\Wire.cpp.o
                0x00008b48                vtable for TwoWire
 .rodata._ZTV17Adafruit_ATParser
                0x00008b68       0x28 .\libraries\Adafruit_BluefruitLE_nRF51\Adafruit_ATParser.cpp.o
                0x00008b68                vtable for Adafruit_ATParser
 .rodata.str1.1
                0x00008b90       0x16 .\libraries\Adafruit_BluefruitLE_nRF51\Adafruit_ATParser.cpp.o
                                 0x19 (size before relaxing)
 *fill*         0x00008ba6        0x2 
 .rodata._ZTV12Adafruit_BLE
                0x00008ba8       0x28 .\libraries\Adafruit_BluefruitLE_nRF51\Adafruit_BLE.cpp.o
                0x00008ba8                vtable for Adafruit_BLE
 .rodata.str1.1
                0x00008bd0       0xd0 .\libraries\Adafruit_BluefruitLE_nRF51\Adafruit_BLE.cpp.o
                                 0xf7 (size before relaxing)
 .rodata._ZTV24Adafruit_BluefruitLE_SPI
                0x00008ca0       0x28 .\libraries\Adafruit_BluefruitLE_nRF51\Adafruit_BluefruitLE_SPI.cpp.o
                0x00008ca0                vtable for Adafruit_BluefruitLE_SPI
 .rodata.str1.1
                0x00008cc8        0xb .\libraries\Adafruit_BluefruitLE_nRF51\Adafruit_BluefruitLE_SPI.cpp.o
 *fill*         0x00008cd3        0x1 
 .rodata.g_APinDescription
                0x00008cd4      0x450 C:/Users/araujo/eclipse-workspace/armPowerTest/Release/arduino.ar(variant.cpp.o)
                0x00008cd4                g_APinDescription
 *fill*         0x00009124        0x4 
 .rodata._ZTV7Serial_
                0x00009128       0x28 C:/Users/araujo/eclipse-workspace/armPowerTest/Release/arduino.ar(CDC.cpp.o)
                0x00009128                vtable for Serial_
 .rodata._ZTV26DoubleBufferedEPOutHandler
                0x00009150       0x18 C:/Users/araujo/eclipse-workspace/armPowerTest/Release/arduino.ar(USBCore.cpp.o)
                0x00009150                vtable for DoubleBufferedEPOutHandler
 .rodata._ZL19STRING_MANUFACTURER
                0x00009168        0x9 C:/Users/araujo/eclipse-workspace/armPowerTest/Release/arduino.ar(USBCore.cpp.o)
 *fill*         0x00009171        0x1 
 .rodata._ZL15STRING_LANGUAGE
                0x00009172        0x4 C:/Users/araujo/eclipse-workspace/armPowerTest/Release/arduino.ar(USBCore.cpp.o)
 .rodata._ZL21USB_DeviceDescriptorB
                0x00009176       0x12 C:/Users/araujo/eclipse-workspace/armPowerTest/Release/arduino.ar(USBCore.cpp.o)
 .rodata._ZL14STRING_PRODUCT
                0x00009188        0xb C:/Users/araujo/eclipse-workspace/armPowerTest/Release/arduino.ar(USBCore.cpp.o)
 .rodata.str1.1
                0x00009193        0xe C:/Users/araujo/eclipse-workspace/armPowerTest/Release/arduino.ar(Print.cpp.o)
                                 0x11 (size before relaxing)
 *fill*         0x000091a1        0x7 
 .rodata._ZTV4Uart
                0x000091a8       0x30 C:/Users/araujo/eclipse-workspace/armPowerTest/Release/arduino.ar(Uart.cpp.o)
                0x000091a8                vtable for Uart
 .rodata        0x000091d8       0x40 c:/cp/eclipse/arduinoplugin/packages/arduino/tools/arm-none-eabi-gcc/4.8.3-2014q1/bin/../lib/gcc/arm-none-eabi/4.8.3/armv6-m\libgcc.a(divsf3.o)
 .rodata        0x00009218       0x40 c:/cp/eclipse/arduinoplugin/packages/arduino/tools/arm-none-eabi-gcc/4.8.3-2014q1/bin/../lib/gcc/arm-none-eabi/4.8.3/armv6-m\libgcc.a(muldf3.o)
 .rodata.str1.1
                0x00009258        0x2 c:/cp/eclipse/arduinoplugin/packages/arduino/tools/arm-none-eabi-gcc/4.8.3-2014q1/bin/../lib/gcc/arm-none-eabi/4.8.3/../../../../arm-none-eabi/lib/armv6-m\libc_s.a(lib_a-impure.o)
 .rodata._ctype_
                0x0000925a      0x101 c:/cp/eclipse/arduinoplugin/packages/arduino/tools/arm-none-eabi-gcc/4.8.3-2014q1/bin/../lib/gcc/arm-none-eabi/4.8.3/../../../../arm-none-eabi/lib/armv6-m\libc_s.a(lib_a-ctype_.o)
                0x0000925a                _ctype_
 *fill*         0x0000935b        0x1 
 .rodata.__sf_fake_stdin
                0x0000935c       0x20 c:/cp/eclipse/arduinoplugin/packages/arduino/tools/arm-none-eabi-gcc/4.8.3-2014q1/bin/../lib/gcc/arm-none-eabi/4.8.3/../../../../arm-none-eabi/lib/armv6-m\libc_s.a(lib_a-findfp.o)
                0x0000935c                __sf_fake_stdin
 .rodata.__sf_fake_stdout
                0x0000937c       0x20 c:/cp/eclipse/arduinoplugin/packages/arduino/tools/arm-none-eabi-gcc/4.8.3-2014q1/bin/../lib/gcc/arm-none-eabi/4.8.3/../../../../arm-none-eabi/lib/armv6-m\libc_s.a(lib_a-findfp.o)
                0x0000937c                __sf_fake_stdout
 .rodata.__sf_fake_stderr
                0x0000939c       0x20 c:/cp/eclipse/arduinoplugin/packages/arduino/tools/arm-none-eabi-gcc/4.8.3-2014q1/bin/../lib/gcc/arm-none-eabi/4.8.3/../../../../arm-none-eabi/lib/armv6-m\libc_s.a(lib_a-findfp.o)
                0x0000939c                __sf_fake_stderr
 *(.eh_frame*)
 .eh_frame      0x000093bc        0x0 c:/cp/eclipse/arduinoplugin/packages/arduino/tools/arm-none-eabi-gcc/4.8.3-2014q1/bin/../lib/gcc/arm-none-eabi/4.8.3/armv6-m/crtbegin.o
 .eh_frame      0x000093bc        0x4 c:/cp/eclipse/arduinoplugin/packages/arduino/tools/arm-none-eabi-gcc/4.8.3-2014q1/bin/../lib/gcc/arm-none-eabi/4.8.3/armv6-m/crtend.o

.glue_7         0x000093c0        0x0
 .glue_7        0x00000000        0x0 linker stubs

.glue_7t        0x000093c0        0x0
 .glue_7t       0x00000000        0x0 linker stubs

.vfp11_veneer   0x000093c0        0x0
 .vfp11_veneer  0x00000000        0x0 linker stubs

.v4_bx          0x000093c0        0x0
 .v4_bx         0x00000000        0x0 linker stubs

.iplt           0x000093c0        0x0
 .iplt          0x00000000        0x0 c:/cp/eclipse/arduinoplugin/packages/arduino/tools/arm-none-eabi-gcc/4.8.3-2014q1/bin/../lib/gcc/arm-none-eabi/4.8.3/armv6-m/crtbegin.o

.rel.dyn        0x000093c0        0x0
 .rel.iplt      0x00000000        0x0 c:/cp/eclipse/arduinoplugin/packages/arduino/tools/arm-none-eabi-gcc/4.8.3-2014q1/bin/../lib/gcc/arm-none-eabi/4.8.3/armv6-m/crtbegin.o

.ARM.extab
 *(.ARM.extab* .gnu.linkonce.armextab.*)
                0x000093c0                __exidx_start = .

.ARM.exidx
 *(.ARM.exidx* .gnu.linkonce.armexidx.*)
                0x000093c0                __exidx_end = .
                0x000093c0                __etext = .

.data           0x20000000      0x170 load address 0x000093c0
                0x20000000                __data_start__ = .
 *(vtable)
 *(.data*)
 .data.motorControlConfig_wrist_elevation
                0x20000000       0x10 .\armApp.cpp.o
                0x20000000                motorControlConfig_wrist_elevation
 .data.motorControlConfig_wrist_azimuth
                0x20000010       0x10 .\armApp.cpp.o
                0x20000010                motorControlConfig_wrist_azimuth
 .data.motorControlConfig_fingers
                0x20000020       0x10 .\armApp.cpp.o
                0x20000020                motorControlConfig_fingers
 .data.motorControlConfig_thumb
                0x20000030       0x10 .\armApp.cpp.o
                0x20000030                motorControlConfig_thumb
 .data.motorControlConfig_index
                0x20000040       0x10 .\armApp.cpp.o
                0x20000040                motorControlConfig_index
 .data._ZL12_usbLineInfo
                0x20000050        0x8 C:/Users/araujo/eclipse-workspace/armPowerTest/Release/arduino.ar(CDC.cpp.o)
 .data._ZL10breakValue
                0x20000058        0x4 C:/Users/araujo/eclipse-workspace/armPowerTest/Release/arduino.ar(CDC.cpp.o)
 .data._ZL13_cdcInterface
                0x2000005c       0x42 C:/Users/araujo/eclipse-workspace/armPowerTest/Release/arduino.ar(CDC.cpp.o)
 *fill*         0x2000009e        0x2 
 .data._serialPeek
                0x200000a0        0x4 C:/Users/araujo/eclipse-workspace/armPowerTest/Release/arduino.ar(CDC.cpp.o)
                0x200000a0                _serialPeek
 .data.EndPoints
                0x200000a4       0x28 C:/Users/araujo/eclipse-workspace/armPowerTest/Release/arduino.ar(USBCore.cpp.o)
                0x200000a4                EndPoints
 .data._ZL5ticks
                0x200000cc        0x4 C:/Users/araujo/eclipse-workspace/armPowerTest/Release/arduino.ar(Reset.cpp.o)
 .data.SystemCoreClock
                0x200000d0        0x4 C:/Users/araujo/eclipse-workspace/armPowerTest/Release/arduino.ar(wiring.c.o)
                0x200000d0                SystemCoreClock
 .data.impure_data
                0x200000d4       0x60 c:/cp/eclipse/arduinoplugin/packages/arduino/tools/arm-none-eabi-gcc/4.8.3-2014q1/bin/../lib/gcc/arm-none-eabi/4.8.3/../../../../arm-none-eabi/lib/armv6-m\libc_s.a(lib_a-impure.o)
 .data._impure_ptr
                0x20000134        0x4 c:/cp/eclipse/arduinoplugin/packages/arduino/tools/arm-none-eabi-gcc/4.8.3-2014q1/bin/../lib/gcc/arm-none-eabi/4.8.3/../../../../arm-none-eabi/lib/armv6-m\libc_s.a(lib_a-impure.o)
                0x20000134                _impure_ptr
 .data.__ctype_ptr__
                0x20000138        0x4 c:/cp/eclipse/arduinoplugin/packages/arduino/tools/arm-none-eabi-gcc/4.8.3-2014q1/bin/../lib/gcc/arm-none-eabi/4.8.3/../../../../arm-none-eabi/lib/armv6-m\libc_s.a(lib_a-ctype_.o)
                0x20000138                __ctype_ptr__
                0x2000013c                . = ALIGN (0x4)
                0x2000013c                PROVIDE (__preinit_array_start, .)
 *(.preinit_array)
                0x2000013c                PROVIDE (__preinit_array_end, .)
                0x2000013c                . = ALIGN (0x4)
                0x2000013c                PROVIDE (__init_array_start, .)
 *(SORT(.init_array.*))
 *(.init_array)
 .init_array    0x2000013c        0x4 c:/cp/eclipse/arduinoplugin/packages/arduino/tools/arm-none-eabi-gcc/4.8.3-2014q1/bin/../lib/gcc/arm-none-eabi/4.8.3/armv6-m/crtbegin.o
 .init_array    0x20000140        0x4 .\armApp.cpp.o
 .init_array    0x20000144        0x4 .\libraries\Wire\Wire.cpp.o
 .init_array    0x20000148        0x4 .\libraries\SPI\SPI.cpp.o
 .init_array    0x2000014c        0x4 .\libraries\Adafruit_BluefruitLE_nRF51\Adafruit_BluefruitLE_SPI.cpp.o
 .init_array    0x20000150        0x4 C:/Users/araujo/eclipse-workspace/armPowerTest/Release/arduino.ar(variant.cpp.o)
 .init_array    0x20000154        0x4 C:/Users/araujo/eclipse-workspace/armPowerTest/Release/arduino.ar(CDC.cpp.o)
 .init_array    0x20000158        0x4 C:/Users/araujo/eclipse-workspace/armPowerTest/Release/arduino.ar(USBCore.cpp.o)
                0x2000015c                PROVIDE (__init_array_end, .)
                0x2000015c                . = ALIGN (0x4)
                0x2000015c                PROVIDE (__fini_array_start, .)
 *(SORT(.fini_array.*))
 *(.fini_array)
 .fini_array    0x2000015c        0x4 c:/cp/eclipse/arduinoplugin/packages/arduino/tools/arm-none-eabi-gcc/4.8.3-2014q1/bin/../lib/gcc/arm-none-eabi/4.8.3/armv6-m/crtbegin.o
                0x20000160                PROVIDE (__fini_array_end, .)
 *(.jcr*)
 .jcr           0x20000160        0x0 c:/cp/eclipse/arduinoplugin/packages/arduino/tools/arm-none-eabi-gcc/4.8.3-2014q1/bin/../lib/gcc/arm-none-eabi/4.8.3/armv6-m/crtbegin.o
 .jcr           0x20000160        0x4 c:/cp/eclipse/arduinoplugin/packages/arduino/tools/arm-none-eabi-gcc/4.8.3-2014q1/bin/../lib/gcc/arm-none-eabi/4.8.3/armv6-m/crtend.o
                0x20000170                . = ALIGN (0x10)
 *fill*         0x20000164        0xc 
                0x20000170                __data_end__ = .

.igot.plt       0x20000170        0x0 load address 0x00009530
 .igot.plt      0x00000000        0x0 c:/cp/eclipse/arduinoplugin/packages/arduino/tools/arm-none-eabi-gcc/4.8.3-2014q1/bin/../lib/gcc/arm-none-eabi/4.8.3/armv6-m/crtbegin.o

.bss            0x20000170      0xb48 load address 0x00009530
                0x20000170                . = ALIGN (0x4)
                0x20000170                __bss_start__ = .
 *(.bss*)
 .bss           0x20000170       0x1c c:/cp/eclipse/arduinoplugin/packages/arduino/tools/arm-none-eabi-gcc/4.8.3-2014q1/bin/../lib/gcc/arm-none-eabi/4.8.3/armv6-m/crtbegin.o
 .bss.SCmd      0x2000018c       0xf8 .\armApp.cpp.o
                0x2000018c                SCmd
 .bss.motorUnit_wrist_azimuth
                0x20000284        0x4 .\armApp.cpp.o
                0x20000284                motorUnit_wrist_azimuth
 .bss.ble       0x20000288       0xd4 .\armApp.cpp.o
                0x20000288                ble
 .bss.motorControl
                0x2000035c        0x4 .\armApp.cpp.o
                0x2000035c                motorControl
 .bss.motorUnit_fingers
                0x20000360        0x4 .\armApp.cpp.o
                0x20000360                motorUnit_fingers
 .bss.servo     0x20000364        0x8 .\armApp.cpp.o
                0x20000364                servo
 .bss.motorUnit_wrist_elevation
                0x2000036c        0x4 .\armApp.cpp.o
                0x2000036c                motorUnit_wrist_elevation
 .bss.motorUnit_thumb
                0x20000370        0x4 .\armApp.cpp.o
                0x20000370                motorUnit_thumb
 .bss.motorUnit_index
                0x20000374        0x4 .\armApp.cpp.o
                0x20000374                motorUnit_index
 .bss.Wire      0x20000378      0x17c .\libraries\Wire\Wire.cpp.o
                0x20000378                Wire
 .bss._ZL20DEFAULT_SPI_SETTINGS
                0x200004f4        0x8 .\libraries\SPI\SPI.cpp.o
 .bss.SPI       0x200004fc       0x10 .\libraries\SPI\SPI.cpp.o
                0x200004fc                SPI
 .bss.RTC_callBack
                0x2000050c        0x4 .\libraries\RTCZero\src\RTCZero.cpp.o
                0x2000050c                RTC_callBack
 .bss.bluefruitSPI
                0x20000510        0x8 .\libraries\Adafruit_BluefruitLE_nRF51\Adafruit_BluefruitLE_SPI.cpp.o
                0x20000510                bluefruitSPI
 .bss.Serial1   0x20000518       0xc4 C:/Users/araujo/eclipse-workspace/armPowerTest/Release/arduino.ar(variant.cpp.o)
                0x20000518                Serial1
 .bss.Serial5   0x200005dc       0xc4 C:/Users/araujo/eclipse-workspace/armPowerTest/Release/arduino.ar(variant.cpp.o)
                0x200005dc                Serial5
 .bss.sercom3   0x200006a0        0x4 C:/Users/araujo/eclipse-workspace/armPowerTest/Release/arduino.ar(variant.cpp.o)
                0x200006a0                sercom3
 .bss.sercom0   0x200006a4        0x4 C:/Users/araujo/eclipse-workspace/armPowerTest/Release/arduino.ar(variant.cpp.o)
                0x200006a4                sercom0
 .bss.sercom1   0x200006a8        0x4 C:/Users/araujo/eclipse-workspace/armPowerTest/Release/arduino.ar(variant.cpp.o)
                0x200006a8                sercom1
 .bss.sercom2   0x200006ac        0x4 C:/Users/araujo/eclipse-workspace/armPowerTest/Release/arduino.ar(variant.cpp.o)
                0x200006ac                sercom2
 .bss.sercom4   0x200006b0        0x4 C:/Users/araujo/eclipse-workspace/armPowerTest/Release/arduino.ar(variant.cpp.o)
                0x200006b0                sercom4
 .bss.sercom5   0x200006b4        0x4 C:/Users/araujo/eclipse-workspace/armPowerTest/Release/arduino.ar(variant.cpp.o)
                0x200006b4                sercom5
 .bss.Serial    0x200006b8       0x1c C:/Users/araujo/eclipse-workspace/armPowerTest/Release/arduino.ar(CDC.cpp.o)
                0x200006b8                Serial
 .bss._ZL14isEndpointHalt
                0x200006d4        0x1 C:/Users/araujo/eclipse-workspace/armPowerTest/Release/arduino.ar(USBCore.cpp.o)
 .bss._pack_buffer
                0x200006d5      0x100 C:/Users/araujo/eclipse-workspace/armPowerTest/Release/arduino.ar(USBCore.cpp.o)
                0x200006d5                _pack_buffer
 *fill*         0x200007d5        0x1 
 .bss._pack_size
                0x200007d6        0x2 C:/Users/araujo/eclipse-workspace/armPowerTest/Release/arduino.ar(USBCore.cpp.o)
                0x200007d6                _pack_size
 .bss._ZL20LastTransmitTimedOut
                0x200007d8        0x7 C:/Users/araujo/eclipse-workspace/armPowerTest/Release/arduino.ar(USBCore.cpp.o)
 *fill*         0x200007df        0x1 
 .bss._ZL22udd_ep_in_cache_buffer
                0x200007e0      0x1c0 C:/Users/araujo/eclipse-workspace/armPowerTest/Release/arduino.ar(USBCore.cpp.o)
 .bss._ZL10txLEDPulse
                0x200009a0        0x1 C:/Users/araujo/eclipse-workspace/armPowerTest/Release/arduino.ar(USBCore.cpp.o)
 *fill*         0x200009a1        0x3 
 .bss._ZL23udd_ep_out_cache_buffer
                0x200009a4      0x1c0 C:/Users/araujo/eclipse-workspace/armPowerTest/Release/arduino.ar(USBCore.cpp.o)
 .bss._ZL10epHandlers
                0x20000b64       0x1c C:/Users/araujo/eclipse-workspace/armPowerTest/Release/arduino.ar(USBCore.cpp.o)
 .bss._pack_message
                0x20000b80        0x1 C:/Users/araujo/eclipse-workspace/armPowerTest/Release/arduino.ar(USBCore.cpp.o)
                0x20000b80                _pack_message
 .bss._ZL21isRemoteWakeUpEnabled
                0x20000b81        0x1 C:/Users/araujo/eclipse-workspace/armPowerTest/Release/arduino.ar(USBCore.cpp.o)
 .bss._dry_run  0x20000b82        0x1 C:/Users/araujo/eclipse-workspace/armPowerTest/Release/arduino.ar(USBCore.cpp.o)
                0x20000b82                _dry_run
 .bss.USBDevice
                0x20000b83        0x1 C:/Users/araujo/eclipse-workspace/armPowerTest/Release/arduino.ar(USBCore.cpp.o)
                0x20000b83                USBDevice
 .bss._usbSetInterface
                0x20000b84        0x4 C:/Users/araujo/eclipse-workspace/armPowerTest/Release/arduino.ar(USBCore.cpp.o)
                0x20000b84                _usbSetInterface
 .bss._ZL10rxLEDPulse
                0x20000b88        0x1 C:/Users/araujo/eclipse-workspace/armPowerTest/Release/arduino.ar(USBCore.cpp.o)
 *fill*         0x20000b89        0x3 
 .bss.usbd      0x20000b8c      0x104 C:/Users/araujo/eclipse-workspace/armPowerTest/Release/arduino.ar(USBCore.cpp.o)
                0x20000b8c                usbd
 .bss._usbConfiguration
                0x20000c90        0x4 C:/Users/araujo/eclipse-workspace/armPowerTest/Release/arduino.ar(USBCore.cpp.o)
                0x20000c90                _usbConfiguration
 .bss.usb_isr   0x20000c94        0x4 C:/Users/araujo/eclipse-workspace/armPowerTest/Release/arduino.ar(cortex_handlers.c.o)
 .bss._ulTickCount
                0x20000c98        0x4 C:/Users/araujo/eclipse-workspace/armPowerTest/Release/arduino.ar(delay.c.o)
 .bss._ZZ12PluggableUSBvE3obj
                0x20000c9c        0x8 C:/Users/araujo/eclipse-workspace/armPowerTest/Release/arduino.ar(PluggableUSB.cpp.o)
 .bss._ZGVZ12PluggableUSBvE3obj
                0x20000ca4        0x4 C:/Users/araujo/eclipse-workspace/armPowerTest/Release/arduino.ar(PluggableUSB.cpp.o)
 .bss.__malloc_sbrk_start
                0x20000ca8        0x4 c:/cp/eclipse/arduinoplugin/packages/arduino/tools/arm-none-eabi-gcc/4.8.3-2014q1/bin/../lib/gcc/arm-none-eabi/4.8.3/../../../../arm-none-eabi/lib/armv6-m\libc_s.a(lib_a-nano-mallocr.o)
                0x20000ca8                __malloc_sbrk_start
 .bss.__malloc_free_list
                0x20000cac        0x4 c:/cp/eclipse/arduinoplugin/packages/arduino/tools/arm-none-eabi-gcc/4.8.3-2014q1/bin/../lib/gcc/arm-none-eabi/4.8.3/../../../../arm-none-eabi/lib/armv6-m\libc_s.a(lib_a-nano-mallocr.o)
                0x20000cac                __malloc_free_list
 .bss.heap_end.4243
                0x20000cb0        0x4 c:/cp/eclipse/arduinoplugin/packages/arduino/tools/arm-none-eabi-gcc/4.8.3-2014q1/bin/../lib/gcc/arm-none-eabi/4.8.3/../../../../arm-none-eabi/lib/armv6-m\libnosys.a(sbrk.o)
 *(COMMON)
 COMMON         0x20000cb4        0x4 c:/cp/eclipse/arduinoplugin/packages/arduino/tools/arm-none-eabi-gcc/4.8.3-2014q1/bin/../lib/gcc/arm-none-eabi/4.8.3/../../../../arm-none-eabi/lib/armv6-m\libc_s.a(lib_a-reent.o)
                0x20000cb4                errno
                0x20000cb8                . = ALIGN (0x4)
                0x20000cb8                __bss_end__ = .

.heap           0x20000cb8        0x0
                0x20000cb8                __end__ = .
                0x20000cb8                PROVIDE (end, .)
 *(.heap*)
                0x20000cb8                __HeapLimit = .

.stack_dummy    0x20000cb8        0x0
 *(.stack*)
                0x20008000                __StackTop = (ORIGIN (RAM) + 0x8000)
                0x20008000                __StackLimit = (__StackTop - SIZEOF (.stack_dummy))