Archive member included because of file (symbol)

c:/cp/eclipse/arduinoplugin/packages/arduino/tools/arm-none-eabi-gcc/4.8.3-2014q1/bin/../lib/gcc/arm-none-eabi/4.8.3/../../../../arm-none-eabi/lib/armv6-m\libm.a(lib_a-s_floor.o)
                              .\libraries\Adafruit_PWM_Servo_Driver_Library\Adafruit_PWMServoDriver.cpp.o (floor)
C:/Users/araujo/eclipse-workspace/armTest/Release/arduino.ar(variant.cpp.o)
                              .\libraries\Wire\Wire.cpp.o (sercom3)
C:/Users/araujo/eclipse-workspace/armTest/Release/arduino.ar(CDC.cpp.o)
                              .\libraries\generic\SerialCommand.cpp.o (Serial_::available())
C:/Users/araujo/eclipse-workspace/armTest/Release/arduino.ar(USBCore.cpp.o)
                              C:/Users/araujo/eclipse-workspace/armTest/Release/arduino.ar(CDC.cpp.o) (USBDeviceClass::available(unsigned long))
C:/Users/araujo/eclipse-workspace/armTest/Release/arduino.ar(Print.cpp.o)
                              .\libraries\Wire\Wire.cpp.o (Print::write(unsigned char const*, unsigned int))
C:/Users/araujo/eclipse-workspace/armTest/Release/arduino.ar(Reset.cpp.o)
                              C:/Users/araujo/eclipse-workspace/armTest/Release/arduino.ar(CDC.cpp.o) (initiateReset)
C:/Users/araujo/eclipse-workspace/armTest/Release/arduino.ar(RingBuffer.cpp.o)
                              .\libraries\Wire\Wire.cpp.o (RingBuffer::RingBuffer())
C:/Users/araujo/eclipse-workspace/armTest/Release/arduino.ar(SERCOM.cpp.o)
                              C:/Users/araujo/eclipse-workspace/armTest/Release/arduino.ar(variant.cpp.o) (SERCOM::SERCOM(Sercom*))
C:/Users/araujo/eclipse-workspace/armTest/Release/arduino.ar(Uart.cpp.o)
                              C:/Users/araujo/eclipse-workspace/armTest/Release/arduino.ar(variant.cpp.o) (Uart::Uart(SERCOM*, unsigned char, unsigned char, SercomRXPad, SercomUartTXPad))
C:/Users/araujo/eclipse-workspace/armTest/Release/arduino.ar(WMath.cpp.o)
                              .\motor\motorControl.cpp.o (map(long, long, long, long, long))
C:/Users/araujo/eclipse-workspace/armTest/Release/arduino.ar(abi.cpp.o)
                              .\libraries\Wire\Wire.cpp.o (__cxa_pure_virtual)
C:/Users/araujo/eclipse-workspace/armTest/Release/arduino.ar(cortex_handlers.c.o)
                              (Reset_Handler)
C:/Users/araujo/eclipse-workspace/armTest/Release/arduino.ar(delay.c.o)
                              C:/Users/araujo/eclipse-workspace/armTest/Release/arduino.ar(CDC.cpp.o) (millis)
C:/Users/araujo/eclipse-workspace/armTest/Release/arduino.ar(hooks.c.o)
                              C:/Users/araujo/eclipse-workspace/armTest/Release/arduino.ar(delay.c.o) (yield)
C:/Users/araujo/eclipse-workspace/armTest/Release/arduino.ar(main.cpp.o)
                              c:/cp/eclipse/arduinoplugin/packages/arduino/tools/arm-none-eabi-gcc/4.8.3-2014q1/bin/../lib/gcc/arm-none-eabi/4.8.3/../../../../arm-none-eabi/lib/armv6-m/crt0.o (main)
C:/Users/araujo/eclipse-workspace/armTest/Release/arduino.ar(new.cpp.o)
                              C:/Users/araujo/eclipse-workspace/armTest/Release/arduino.ar(USBCore.cpp.o) (operator new(unsigned int))
C:/Users/araujo/eclipse-workspace/armTest/Release/arduino.ar(startup.c.o)
                              C:/Users/araujo/eclipse-workspace/armTest/Release/arduino.ar(cortex_handlers.c.o) (SystemInit)
C:/Users/araujo/eclipse-workspace/armTest/Release/arduino.ar(wiring.c.o)
                              C:/Users/araujo/eclipse-workspace/armTest/Release/arduino.ar(main.cpp.o) (init)
C:/Users/araujo/eclipse-workspace/armTest/Release/arduino.ar(wiring_analog.c.o)
                              C:/Users/araujo/eclipse-workspace/armTest/Release/arduino.ar(wiring.c.o) (analogReference)
C:/Users/araujo/eclipse-workspace/armTest/Release/arduino.ar(wiring_digital.c.o)
                              .\armApp.cpp.o (pinMode)
C:/Users/araujo/eclipse-workspace/armTest/Release/arduino.ar(wiring_private.c.o)
                              .\libraries\Wire\Wire.cpp.o (pinPeripheral)
C:/Users/araujo/eclipse-workspace/armTest/Release/arduino.ar(PluggableUSB.cpp.o)
                              C:/Users/araujo/eclipse-workspace/armTest/Release/arduino.ar(USBCore.cpp.o) (PluggableUSB_::getInterface(unsigned char*))
c:/cp/eclipse/arduinoplugin/packages/arduino/tools/arm-none-eabi-gcc/4.8.3-2014q1/bin/../lib/gcc/arm-none-eabi/4.8.3/../../../../arm-none-eabi/lib/armv6-m\libm.a(lib_a-s_fpclassify.o)
                              C:/Users/araujo/eclipse-workspace/armTest/Release/arduino.ar(Print.cpp.o) (__fpclassifyd)
c:/cp/eclipse/arduinoplugin/packages/arduino/tools/arm-none-eabi-gcc/4.8.3-2014q1/bin/../lib/gcc/arm-none-eabi/4.8.3/armv6-m\libgcc.a(_thumb1_case_uqi.o)
                              .\arm\armControl.cpp.o (__gnu_thumb1_case_uqi)
c:/cp/eclipse/arduinoplugin/packages/arduino/tools/arm-none-eabi-gcc/4.8.3-2014q1/bin/../lib/gcc/arm-none-eabi/4.8.3/armv6-m\libgcc.a(_udivsi3.o)
[...]
Memory Configuration

Name             Origin             Length             Attributes
FLASH            0x00002000         0x0003e000         xr
RAM              0x20000000         0x00008000         xrw
*default*        0x00000000         0xffffffff

Linker script and memory map

LOAD c:/cp/eclipse/arduinoplugin/packages/arduino/tools/arm-none-eabi-gcc/4.8.3-2014q1/bin/../lib/gcc/arm-none-eabi/4.8.3/armv6-m/crti.o
LOAD c:/cp/eclipse/arduinoplugin/packages/arduino/tools/arm-none-eabi-gcc/4.8.3-2014q1/bin/../lib/gcc/arm-none-eabi/4.8.3/armv6-m/crtbegin.o
LOAD c:/cp/eclipse/arduinoplugin/packages/arduino/tools/arm-none-eabi-gcc/4.8.3-2014q1/bin/../lib/gcc/arm-none-eabi/4.8.3/../../../../arm-none-eabi/lib/armv6-m/crt0.o
LOAD .\armApp.cpp.o
LOAD .\motor\motorControl.cpp.o
LOAD .\libraries\generic\SerialCommand.cpp.o
LOAD .\libraries\generic\generic_list.cpp.o
LOAD .\libraries\Wire\Wire.cpp.o
LOAD .\libraries\Adafruit_PWM_Servo_Driver_Library\Adafruit_PWMServoDriver.cpp.o
LOAD .\arm\armControl.cpp.o
LOAD .\arm\armSupervisor.c.o
START GROUP
LOAD C:\cp\eclipse\/arduinoPlugin/packages/arduino/tools/CMSIS/4.5.0/CMSIS/Lib/GCC/\libarm_cortexM0l_math.a
LOAD c:/cp/eclipse/arduinoplugin/packages/arduino/tools/arm-none-eabi-gcc/4.8.3-2014q1/bin/../lib/gcc/arm-none-eabi/4.8.3/../../../../arm-none-eabi/lib/armv6-m\libm.a
LOAD C:/Users/araujo/eclipse-workspace/armTest/Release/arduino.ar
END GROUP
START GROUP
LOAD c:/cp/eclipse/arduinoplugin/packages/arduino/tools/arm-none-eabi-gcc/4.8.3-2014q1/bin/../lib/gcc/arm-none-eabi/4.8.3/armv6-m\libgcc.a
LOAD c:/cp/eclipse/arduinoplugin/packages/arduino/tools/arm-none-eabi-gcc/4.8.3-2014q1/bin/../lib/gcc/arm-none-eabi/4.8.3/../../../../arm-none-eabi/lib/armv6-m\libc_s.a
END GROUP
START GROUP
LOAD c:/cp/eclipse/arduinoplugin/packages/arduino/tools/arm-none-eabi-gcc/4.8.3-2014q1/bin/../lib/gcc/arm-none-eabi/4.8.3/armv6-m\libgcc.a
LOAD c:/cp/eclipse/arduinoplugin/packages/arduino/tools/arm-none-eabi-gcc/4.8.3-2014q1/bin/../lib/gcc/arm-none-eabi/4.8.3/../../../../arm-none-eabi/lib/armv6-m\libc_s.a
LOAD c:/cp/eclipse/arduinoplugin/packages/arduino/tools/arm-none-eabi-gcc/4.8.3-2014q1/bin/../lib/gcc/arm-none-eabi/4.8.3/../../../../arm-none-eabi/lib/armv6-m\libnosys.a
END GROUP
START GROUP
LOAD c:/cp/eclipse/arduinoplugin/packages/arduino/tools/arm-none-eabi-gcc/4.8.3-2014q1/bin/../lib/gcc/arm-none-eabi/4.8.3/armv6-m\libgcc.a
LOAD c:/cp/eclipse/arduinoplugin/packages/arduino/tools/arm-none-eabi-gcc/4.8.3-2014q1/bin/../lib/gcc/arm-none-eabi/4.8.3/../../../../arm-none-eabi/lib/armv6-m\libc_s.a
LOAD c:/cp/eclipse/arduinoplugin/packages/arduino/tools/arm-none-eabi-gcc/4.8.3-2014q1/bin/../lib/gcc/arm-none-eabi/4.8.3/../../../../arm-none-eabi/lib/armv6-m\libnosys.a
END GROUP
LOAD c:/cp/eclipse/arduinoplugin/packages/arduino/tools/arm-none-eabi-gcc/4.8.3-2014q1/bin/../lib/gcc/arm-none-eabi/4.8.3/armv6-m/crtend.o
LOAD c:/cp/eclipse/arduinoplugin/packages/arduino/tools/arm-none-eabi-gcc/4.8.3-2014q1/bin/../lib/gcc/arm-none-eabi/4.8.3/armv6-m/crtn.o

.text           0x00002000     0x5e00
                0x00002000                __text_start__ = .
 *(.sketch_boot)
                0x00002000                . = ALIGN (0x2000)
 *(.isr_vector)
 .isr_vector    0x00002000       0xb4 C:/Users/araujo/eclipse-workspace/armTest/Release/arduino.ar(cortex_handlers.c.o)
                0x00002000                exception_table
 *(.text*)
 .text          0x000020b4       0x60 c:/cp/eclipse/arduinoplugin/packages/arduino/tools/arm-none-eabi-gcc/4.8.3-2014q1/bin/../lib/gcc/arm-none-eabi/4.8.3/armv6-m/crtbegin.o
 .text._Z12unrecognizedv
                0x00002114       0x14 .\armApp.cpp.o
                0x00002114                unrecognized()
 .text._Z6LED_onv
                0x00002128       0x1c .\armApp.cpp.o
                0x00002128                LED_on()
 .text._Z7LED_offv
                0x00002144       0x1c .\armApp.cpp.o
                0x00002144                LED_off()
 .text._Z13thumb_commandv
                0x00002160       0x68 .\armApp.cpp.o
                0x00002160                thumb_command()
 .text._Z13index_commandv
                0x000021c8       0x68 .\armApp.cpp.o
                0x000021c8                index_command()
 .text._Z15fingers_commandv
                0x00002230       0x68 .\armApp.cpp.o
                0x00002230                fingers_command()
 .text._Z23wrist_elevation_commandv
                0x00002298       0x68 .\armApp.cpp.o
                0x00002298                wrist_elevation_command()
 .text._Z21wrist_azimuth_commandv
                0x00002300       0x68 .\armApp.cpp.o
                0x00002300                wrist_azimuth_command()
 .text._Z7gest_okv
                0x00002368       0x64 .\armApp.cpp.o
                0x00002368                gest_ok()
 .text._Z4stopv
                0x000023cc       0x78 .\armApp.cpp.o
                0x000023cc                stop()
 .text._Z18thumb_slow_commandv
                0x00002444       0x68 .\armApp.cpp.o
                0x00002444                thumb_slow_command()
 .text._Z18index_slow_commandv
                0x000024ac       0x68 .\armApp.cpp.o
                0x000024ac                index_slow_command()
 .text._Z20fingers_slow_commandv
                0x00002514       0x68 .\armApp.cpp.o
                0x00002514                fingers_slow_command()
 .text._Z8SayHellov
                0x0000257c       0x38 .\armApp.cpp.o
                0x0000257c                SayHello()
 .text._Z15process_commandv
                0x000025b4       0x84 .\armApp.cpp.o
                0x000025b4                process_command()
 .text._Z8arm_initv
                0x00002638      0x228 .\armApp.cpp.o
                0x00002638                arm_init()
 .text._Z12add_commandsv
                0x00002860      0x114 .\armApp.cpp.o
                0x00002860                add_commands()
 .text.setup    0x00002974       0x3c .\armApp.cpp.o
                0x00002974                setup
 .text.loop     0x000029b0       0x10 .\armApp.cpp.o
                0x000029b0                loop
 .text.startup._GLOBAL__sub_I_motorControlConfig_thumb
                0x000029c0       0x20 .\armApp.cpp.o
 .text._Z17motorControl_initPP13motorControl_
                0x000029e0       0x1c .\motor\motorControl.cpp.o
                0x000029e0                motorControl_init(motorControl_**)
 .text._Z21motorControl_addMotorP13motorControl_PP10motorUnit_23Adafruit_PWMServoDriverPP15motorOperation_P19motorControlConfig_
                0x000029fc       0x3e .\motor\motorControl.cpp.o
                0x000029fc                motorControl_addMotor(motorControl_*, motorUnit_**, Adafruit_PWMServoDriver, motorOperation_**, motorControlConfig_*)
 .text._Z18motorControl_startP13motorControl_
                0x00002a3a       0x10 .\motor\motorControl.cpp.o
                0x00002a3a                motorControl_start(motorControl_*)
 *fill*         0x00002a4a        0x2 
 .text._Z27motorControl_unit_moveStepsP13motorControl_P10motorUnit_16motorDirection_tm
                0x00002a4c       0xa0 .\motor\motorControl.cpp.o
                0x00002a4c                motorControl_unit_moveSteps(motorControl_*, motorUnit_*, motorDirection_t, unsigned long)
 .text._Z31motorControl_unit_moveSteps_lowP13motorControl_P10motorUnit_16motorDirection_tm
                0x00002aec       0xf0 .\motor\motorControl.cpp.o
                0x00002aec                motorControl_unit_moveSteps_low(motorControl_*, motorUnit_*, motorDirection_t, unsigned long)
 .text._ZN13SerialCommand11clearBufferEv
                0x00002bdc       0x12 .\libraries\generic\SerialCommand.cpp.o
                0x00002bdc                SerialCommand::clearBuffer()
 *fill*         0x00002bee        0x2 
 .text._ZN13SerialCommandC2Ev
                0x00002bf0       0x2c .\libraries\generic\SerialCommand.cpp.o
                0x00002bf0                SerialCommand::SerialCommand()
                0x00002bf0                SerialCommand::SerialCommand()
 .text._ZN13SerialCommand4nextEv
                0x00002c1c       0x12 .\libraries\generic\SerialCommand.cpp.o
                0x00002c1c                SerialCommand::next()
 .text._ZN13SerialCommand10addCommandEPKcPFvvE
                0x00002c2e       0x28 .\libraries\generic\SerialCommand.cpp.o
                0x00002c2e                SerialCommand::addCommand(char const*, void (*)())
 .text._ZN13SerialCommand17addDefaultHandlerEPFvvE
                0x00002c56        0x6 .\libraries\generic\SerialCommand.cpp.o
                0x00002c56                SerialCommand::addDefaultHandler(void (*)())
 .text._ZN13SerialCommand10readSerialEv
                0x00002c5c       0xb4 .\libraries\generic\SerialCommand.cpp.o
                0x00002c5c                SerialCommand::readSerial()
 .text._Z13gen_list_initv
                0x00002d10       0x10 .\libraries\generic\generic_list.cpp.o
                0x00002d10                gen_list_init()
 .text._Z12gen_list_addP8gen_listPv
                0x00002d20       0x1e .\libraries\generic\generic_list.cpp.o
                0x00002d20                gen_list_add(gen_list*, void*)
 .text._ZN7TwoWire5writeEPKhj
                0x00002d3e       0x24 .\libraries\Wire\Wire.cpp.o
                0x00002d3e                TwoWire::write(unsigned char const*, unsigned int)
 .text._ZN7TwoWire5flushEv
                0x00002d62        0x2 .\libraries\Wire\Wire.cpp.o
                0x00002d62                TwoWire::flush()
 .text._ZN7TwoWire4readEv
                0x00002d64        0xa .\libraries\Wire\Wire.cpp.o
                0x00002d64                TwoWire::read()
 .text._ZN7TwoWire9availableEv
                0x00002d6e        0xa .\libraries\Wire\Wire.cpp.o
                0x00002d6e                TwoWire::available()
 .text._ZN7TwoWire5writeEh
                0x00002d78       0x28 .\libraries\Wire\Wire.cpp.o
                0x00002d78                TwoWire::write(unsigned char)
 .text._ZN7TwoWire4peekEv
                0x00002da0        0xa .\libraries\Wire\Wire.cpp.o
                0x00002da0                TwoWire::peek()
 *fill*         0x00002daa        0x2 
 .text._ZN7TwoWireC2EP6SERCOMhh
                0x00002dac       0x3c .\libraries\Wire\Wire.cpp.o
                0x00002dac                TwoWire::TwoWire(SERCOM*, unsigned char, unsigned char)
                0x00002dac                TwoWire::TwoWire(SERCOM*, unsigned char, unsigned char)
 .text._ZN7TwoWire5beginEv
                0x00002de8       0x40 .\libraries\Wire\Wire.cpp.o
                0x00002de8                TwoWire::begin()
 .text._ZN7TwoWire11requestFromEhjb
                0x00002e28       0x76 .\libraries\Wire\Wire.cpp.o
                0x00002e28                TwoWire::requestFrom(unsigned char, unsigned int, bool)
 .text._ZN7TwoWire11requestFromEhj
                0x00002e9e        0xa .\libraries\Wire\Wire.cpp.o
                0x00002e9e                TwoWire::requestFrom(unsigned char, unsigned int)
 .text._ZN7TwoWire17beginTransmissionEh
                0x00002ea8       0x16 .\libraries\Wire\Wire.cpp.o
                0x00002ea8                TwoWire::beginTransmission(unsigned char)
 .text._ZN7TwoWire15endTransmissionEb
                0x00002ebe       0x66 .\libraries\Wire\Wire.cpp.o
                0x00002ebe                TwoWire::endTransmission(bool)
 .text._ZN7TwoWire15endTransmissionEv
                0x00002f24        0xa .\libraries\Wire\Wire.cpp.o
                0x00002f24                TwoWire::endTransmission()
 .text._ZN7TwoWire9onServiceEv
                0x00002f2e      0x104 .\libraries\Wire\Wire.cpp.o
                0x00002f2e                TwoWire::onService()
 *fill*         0x00003032        0x2 
 .text.SERCOM3_Handler
                0x00003034       0x10 .\libraries\Wire\Wire.cpp.o
                0x00003034                SERCOM3_Handler
 .text.startup._GLOBAL__sub_I__ZN7TwoWireC2EP6SERCOMhh
                0x00003044       0x18 .\libraries\Wire\Wire.cpp.o
 .text._ZN7TwoWire5writeEi
                0x0000305c        0xc .\libraries\Adafruit_PWM_Servo_Driver_Library\Adafruit_PWMServoDriver.cpp.o
                0x0000305c                TwoWire::write(int)
 .text._ZN23Adafruit_PWMServoDriverC2EP7TwoWireh
                0x00003068        0x6 .\libraries\Adafruit_PWM_Servo_Driver_Library\Adafruit_PWMServoDriver.cpp.o
                0x00003068                Adafruit_PWMServoDriver::Adafruit_PWMServoDriver(TwoWire*, unsigned char)
                0x00003068                Adafruit_PWMServoDriver::Adafruit_PWMServoDriver(TwoWire*, unsigned char)
 .text._ZN23Adafruit_PWMServoDriver6setPWMEhtt
                0x0000306e       0x44 .\libraries\Adafruit_PWM_Servo_Driver_Library\Adafruit_PWMServoDriver.cpp.o
                0x0000306e                Adafruit_PWMServoDriver::setPWM(unsigned char, unsigned short, unsigned short)
 .text._ZN23Adafruit_PWMServoDriver5read8Eh
                0x000030b2       0x34 .\libraries\Adafruit_PWM_Servo_Driver_Library\Adafruit_PWMServoDriver.cpp.o
                0x000030b2                Adafruit_PWMServoDriver::read8(unsigned char)
 .text._ZN23Adafruit_PWMServoDriver6write8Ehh
                0x000030e6       0x2c .\libraries\Adafruit_PWM_Servo_Driver_Library\Adafruit_PWMServoDriver.cpp.o
                0x000030e6                Adafruit_PWMServoDriver::write8(unsigned char, unsigned char)
 .text._ZN23Adafruit_PWMServoDriver5resetEv
                0x00003112       0x12 .\libraries\Adafruit_PWM_Servo_Driver_Library\Adafruit_PWMServoDriver.cpp.o
                0x00003112                Adafruit_PWMServoDriver::reset()
 *fill*         0x00003124        0x4 
 .text._ZN23Adafruit_PWMServoDriver10setPWMFreqEf
                0x00003128       0xa0 .\libraries\Adafruit_PWM_Servo_Driver_Library\Adafruit_PWMServoDriver.cpp.o
                0x00003128                Adafruit_PWMServoDriver::setPWMFreq(float)
 .text._ZN23Adafruit_PWMServoDriver5beginEv
                0x000031c8       0x20 .\libraries\Adafruit_PWM_Servo_Driver_Library\Adafruit_PWMServoDriver.cpp.o
                0x000031c8                Adafruit_PWMServoDriver::begin()
 .text._Z17armControl_createPP11armControl_
                0x000031e8       0x14 .\arm\armControl.cpp.o
                0x000031e8                armControl_create(armControl_**)
 .text._Z20armControl_configureP11armControl_P13motorControl_P10motorUnit_S4_S4_S4_S4_
                0x000031fc       0xec .\arm\armControl.cpp.o
                0x000031fc                armControl_configure(armControl_*, motorControl_*, motorUnit_*, motorUnit_*, motorUnit_*, motorUnit_*, motorUnit_*)
 .text.floor    0x000032e8      0x170 c:/cp/eclipse/arduinoplugin/packages/arduino/tools/arm-none-eabi-gcc/4.8.3-2014q1/bin/../lib/gcc/arm-none-eabi/4.8.3/../../../../arm-none-eabi/lib/armv6-m\libm.a(lib_a-s_floor.o)
                0x000032e8                floor
 .text.SERCOM0_Handler
                0x00003458       0x10 C:/Users/araujo/eclipse-workspace/armTest/Release/arduino.ar(variant.cpp.o)
                0x00003458                SERCOM0_Handler
 .text.SERCOM5_Handler
                0x00003468       0x10 C:/Users/araujo/eclipse-workspace/armTest/Release/arduino.ar(variant.cpp.o)
                0x00003468                SERCOM5_Handler
 .text.startup._GLOBAL__sub_I_g_APinDescription
                0x00003478       0x94 C:/Users/araujo/eclipse-workspace/armTest/Release/arduino.ar(variant.cpp.o)
 .text._ZN7Serial_17availableForWriteEv
                0x0000350c        0x4 C:/Users/araujo/eclipse-workspace/armTest/Release/arduino.ar(CDC.cpp.o)
                0x0000350c                Serial_::availableForWrite()
 .text._ZN7Serial_5writeEh
                0x00003510       0x14 C:/Users/araujo/eclipse-workspace/armTest/Release/arduino.ar(CDC.cpp.o)
                0x00003510                Serial_::write(unsigned char)
 .text._ZN7Serial_9availableEv
                0x00003524        0xc C:/Users/araujo/eclipse-workspace/armTest/Release/arduino.ar(CDC.cpp.o)
                0x00003524                Serial_::available()
 .text._ZN7Serial_5flushEv
                0x00003530        0xc C:/Users/araujo/eclipse-workspace/armTest/Release/arduino.ar(CDC.cpp.o)
                0x00003530                Serial_::flush()
 .text._ZN7Serial_5writeEPKhj
                0x0000353c       0x1c C:/Users/araujo/eclipse-workspace/armTest/Release/arduino.ar(CDC.cpp.o)
                0x0000353c                Serial_::write(unsigned char const*, unsigned int)
 .text._ZN7Serial_4peekEv
                0x00003558       0x1c C:/Users/araujo/eclipse-workspace/armTest/Release/arduino.ar(CDC.cpp.o)
                0x00003558                Serial_::peek()
 .text._ZN7Serial_4readEv
                0x00003574       0x24 C:/Users/araujo/eclipse-workspace/armTest/Release/arduino.ar(CDC.cpp.o)
                0x00003574                Serial_::read()
 .text._Z16CDC_GetInterfacePh
                0x00003598       0x1c C:/Users/araujo/eclipse-workspace/armTest/Release/arduino.ar(CDC.cpp.o)
                0x00003598                CDC_GetInterface(unsigned char*)
 .text._Z9CDC_SetupR8USBSetup
                0x000035b4       0x80 C:/Users/araujo/eclipse-workspace/armTest/Release/arduino.ar(CDC.cpp.o)
                0x000035b4                CDC_Setup(USBSetup&)
 .text._ZN7Serial_5beginEm
                0x00003634        0x2 C:/Users/araujo/eclipse-workspace/armTest/Release/arduino.ar(CDC.cpp.o)
                0x00003634                Serial_::begin(unsigned long)
 *fill*         0x00003636        0x2 
 .text.startup._GLOBAL__sub_I__Z17_CDC_GetInterfacev
                0x00003638       0x28 C:/Users/araujo/eclipse-workspace/armTest/Release/arduino.ar(CDC.cpp.o)
 .text._ZN14USBDeviceClass6initEPEmm.part.4
                0x00003660       0x80 C:/Users/araujo/eclipse-workspace/armTest/Release/arduino.ar(USBCore.cpp.o)
 .text._ZN20USBDevice_SAMD21G18x5resetEv
                0x000036e0       0x28 C:/Users/araujo/eclipse-workspace/armTest/Release/arduino.ar(USBCore.cpp.o)
                0x000036e0                USBDevice_SAMD21G18x::reset()
 .text._ZN20USBDevice_SAMD21G18x9calibrateEv
                0x00003708       0x5c C:/Users/araujo/eclipse-workspace/armTest/Release/arduino.ar(USBCore.cpp.o)
                0x00003708                USBDevice_SAMD21G18x::calibrate()
 .text._ZN7__GuardC2Ev
                0x00003764        0xe C:/Users/araujo/eclipse-workspace/armTest/Release/arduino.ar(USBCore.cpp.o)
                0x00003764                __Guard::__Guard()
                0x00003764                __Guard::__Guard()
 .text._ZN7__GuardD2Ev
                0x00003772        0xe C:/Users/araujo/eclipse-workspace/armTest/Release/arduino.ar(USBCore.cpp.o)
                0x00003772                __Guard::~__Guard()
                0x00003772                __Guard::~__Guard()
 .text._ZNK26DoubleBufferedEPOutHandler9availableEv
                0x00003780       0x5e C:/Users/araujo/eclipse-workspace/armTest/Release/arduino.ar(USBCore.cpp.o)
                0x00003780                DoubleBufferedEPOutHandler::available() const
 *fill*         0x000037de        0x2 
 .text._ZN26DoubleBufferedEPOutHandler7releaseEv
                0x000037e0       0x58 C:/Users/araujo/eclipse-workspace/armTest/Release/arduino.ar(USBCore.cpp.o)
                0x000037e0                DoubleBufferedEPOutHandler::release()
 .text._ZN26DoubleBufferedEPOutHandler4recvEPvm
                0x00003838      0x11c C:/Users/araujo/eclipse-workspace/armTest/Release/arduino.ar(USBCore.cpp.o)
                0x00003838                DoubleBufferedEPOutHandler::recv(void*, unsigned long)
 .text._ZN26DoubleBufferedEPOutHandler14handleEndpointEv
                0x00003954       0xc4 C:/Users/araujo/eclipse-workspace/armTest/Release/arduino.ar(USBCore.cpp.o)
                0x00003954                DoubleBufferedEPOutHandler::handleEndpoint()
 .text._ZN14USBDeviceClass14SendInterfacesEPm
                0x00003a18       0x2c C:/Users/araujo/eclipse-workspace/armTest/Release/arduino.ar(USBCore.cpp.o)
                0x00003a18                USBDeviceClass::SendInterfaces(unsigned long*)
 .text._ZN14USBDeviceClass14handleEndpointEh
                0x00003a44       0x40 C:/Users/araujo/eclipse-workspace/armTest/Release/arduino.ar(USBCore.cpp.o)
                0x00003a44                USBDeviceClass::handleEndpoint(unsigned char)
 .text._ZN14USBDeviceClass4initEv
                0x00003a84       0xf0 C:/Users/araujo/eclipse-workspace/armTest/Release/arduino.ar(USBCore.cpp.o)
                0x00003a84                USBDeviceClass::init()
 .text._ZN14USBDeviceClass6attachEv
                0x00003b74       0x34 C:/Users/araujo/eclipse-workspace/armTest/Release/arduino.ar(USBCore.cpp.o)
                0x00003b74                USBDeviceClass::attach()
 .text._ZN14USBDeviceClass10setAddressEm
                0x00003ba8       0x48 C:/Users/araujo/eclipse-workspace/armTest/Release/arduino.ar(USBCore.cpp.o)
                0x00003ba8                USBDeviceClass::setAddress(unsigned long)
 .text._ZN14USBDeviceClass25handleClassInterfaceSetupER8USBSetup
                0x00003bf0       0x40 C:/Users/araujo/eclipse-workspace/armTest/Release/arduino.ar(USBCore.cpp.o)
                0x00003bf0                USBDeviceClass::handleClassInterfaceSetup(USBSetup&)
 .text._ZN14USBDeviceClass6initEPEmm
                0x00003c30      0x128 C:/Users/araujo/eclipse-workspace/armTest/Release/arduino.ar(USBCore.cpp.o)
                0x00003c30                USBDeviceClass::initEP(unsigned long, unsigned long)
 .text._ZN14USBDeviceClass13initEndpointsEv
                0x00003d58       0x24 C:/Users/araujo/eclipse-workspace/armTest/Release/arduino.ar(USBCore.cpp.o)
                0x00003d58                USBDeviceClass::initEndpoints()
 .text._ZN14USBDeviceClass9availableEm
                0x00003d7c       0x2c C:/Users/araujo/eclipse-workspace/armTest/Release/arduino.ar(USBCore.cpp.o)
                0x00003d7c                USBDeviceClass::available(unsigned long)
 .text._ZN14USBDeviceClass5flushEm
                0x00003da8       0x2c C:/Users/araujo/eclipse-workspace/armTest/Release/arduino.ar(USBCore.cpp.o)
                0x00003da8                USBDeviceClass::flush(unsigned long)
 .text._ZN14USBDeviceClass14armRecvCtrlOUTEm
                0x00003dd4       0x60 C:/Users/araujo/eclipse-workspace/armTest/Release/arduino.ar(USBCore.cpp.o)
                0x00003dd4                USBDeviceClass::armRecvCtrlOUT(unsigned long)
 .text._ZN14USBDeviceClass11recvControlEPvm
                0x00003e34       0x3c C:/Users/araujo/eclipse-workspace/armTest/Release/arduino.ar(USBCore.cpp.o)
                0x00003e34                USBDeviceClass::recvControl(void*, unsigned long)
 .text._ZN14USBDeviceClass7armRecvEm
                0x00003e70       0x3c C:/Users/araujo/eclipse-workspace/armTest/Release/arduino.ar(USBCore.cpp.o)
                0x00003e70                USBDeviceClass::armRecv(unsigned long)
 .text._ZN14USBDeviceClass4recvEmPvm
                0x00003eac       0xd8 C:/Users/araujo/eclipse-workspace/armTest/Release/arduino.ar(USBCore.cpp.o)
                0x00003eac                USBDeviceClass::recv(unsigned long, void*, unsigned long)
 .text._ZN14USBDeviceClass4recvEm
                0x00003f84       0x1c C:/Users/araujo/eclipse-workspace/armTest/Release/arduino.ar(USBCore.cpp.o)
                0x00003f84                USBDeviceClass::recv(unsigned long)
 .text._ZN14USBDeviceClass4sendEmPKvm
                0x00003fa0      0x124 C:/Users/araujo/eclipse-workspace/armTest/Release/arduino.ar(USBCore.cpp.o)
                0x00003fa0                USBDeviceClass::send(unsigned long, void const*, unsigned long)
 .text._ZN14USBDeviceClass7armSendEmPKvm
                0x000040c4       0x48 C:/Users/araujo/eclipse-workspace/armTest/Release/arduino.ar(USBCore.cpp.o)
                0x000040c4                USBDeviceClass::armSend(unsigned long, void const*, unsigned long)
 .text._ZN14USBDeviceClass11sendControlEPKvm
                0x0000410c       0x58 C:/Users/araujo/eclipse-workspace/armTest/Release/arduino.ar(USBCore.cpp.o)
                0x0000410c                USBDeviceClass::sendControl(void const*, unsigned long)
 .text._ZN14USBDeviceClass20sendStringDescriptorEPKhh
                0x00004164       0x68 C:/Users/araujo/eclipse-workspace/armTest/Release/arduino.ar(USBCore.cpp.o)
                0x00004164                USBDeviceClass::sendStringDescriptor(unsigned char const*, unsigned char)
 .text._ZN14USBDeviceClass12packMessagesEb.part.6
                0x000041cc       0x20 C:/Users/araujo/eclipse-workspace/armTest/Release/arduino.ar(USBCore.cpp.o)
 .text._ZN14USBDeviceClass17sendConfigurationEm
                0x000041ec       0x90 C:/Users/araujo/eclipse-workspace/armTest/Release/arduino.ar(USBCore.cpp.o)
                0x000041ec                USBDeviceClass::sendConfiguration(unsigned long)
 .text._ZN14USBDeviceClass14sendDescriptorER8USBSetup
                0x0000427c       0xb4 C:/Users/araujo/eclipse-workspace/armTest/Release/arduino.ar(USBCore.cpp.o)
                0x0000427c                USBDeviceClass::sendDescriptor(USBSetup&)
 .text._ZN14USBDeviceClass19handleStandardSetupER8USBSetup
                0x00004330      0x118 C:/Users/araujo/eclipse-workspace/armTest/Release/arduino.ar(USBCore.cpp.o)
                0x00004330                USBDeviceClass::handleStandardSetup(USBSetup&)
 .text._ZN14USBDeviceClass10ISRHandlerEv
                0x00004448      0x150 C:/Users/araujo/eclipse-workspace/armTest/Release/arduino.ar(USBCore.cpp.o)
                0x00004448                USBDeviceClass::ISRHandler()
 .text.UDD_Handler
                0x00004598       0x10 C:/Users/araujo/eclipse-workspace/armTest/Release/arduino.ar(USBCore.cpp.o)
                0x00004598                UDD_Handler
 .text.startup._GLOBAL__sub_I__ZN20USBDevice_SAMD21G18x5resetEv
                0x000045a8       0x10 C:/Users/araujo/eclipse-workspace/armTest/Release/arduino.ar(USBCore.cpp.o)
 .text._ZN5Print5writeEPKhj
                0x000045b8       0x28 C:/Users/araujo/eclipse-workspace/armTest/Release/arduino.ar(Print.cpp.o)
                0x000045b8                Print::write(unsigned char const*, unsigned int)
 .text._ZN5Print5printEmi.part.3
                0x000045e0        0xc C:/Users/araujo/eclipse-workspace/armTest/Release/arduino.ar(Print.cpp.o)
 .text._ZN5Print5writeEPKc
                0x000045ec       0x1c C:/Users/araujo/eclipse-workspace/armTest/Release/arduino.ar(Print.cpp.o)
                0x000045ec                Print::write(char const*)
 .text._ZN5Print5printEPKc
                0x00004608        0x8 C:/Users/araujo/eclipse-workspace/armTest/Release/arduino.ar(Print.cpp.o)
                0x00004608                Print::print(char const*)
 .text._ZN5Print5printEc
                0x00004610        0xa C:/Users/araujo/eclipse-workspace/armTest/Release/arduino.ar(Print.cpp.o)
                0x00004610                Print::print(char)
 *fill*         0x0000461a        0x2 
 .text._ZN5Print7printlnEv
                0x0000461c       0x10 C:/Users/araujo/eclipse-workspace/armTest/Release/arduino.ar(Print.cpp.o)
                0x0000461c                Print::println()
 .text._ZN5Print7printlnEPKc
                0x0000462c       0x14 C:/Users/araujo/eclipse-workspace/armTest/Release/arduino.ar(Print.cpp.o)
                0x0000462c                Print::println(char const*)
 .text._ZN5Print11printNumberEmh
                0x00004640       0x4e C:/Users/araujo/eclipse-workspace/armTest/Release/arduino.ar(Print.cpp.o)
                0x00004640                Print::printNumber(unsigned long, unsigned char)
 .text._ZN5Print5printEli
                0x0000468e       0x3c C:/Users/araujo/eclipse-workspace/armTest/Release/arduino.ar(Print.cpp.o)
                0x0000468e                Print::print(long, int)
 .text._ZN5Print7printlnEii
                0x000046ca       0x14 C:/Users/araujo/eclipse-workspace/armTest/Release/arduino.ar(Print.cpp.o)
                0x000046ca                Print::println(int, int)
 .text._ZN5Print5printEmi
                0x000046de       0x14 C:/Users/araujo/eclipse-workspace/armTest/Release/arduino.ar(Print.cpp.o)
                0x000046de                Print::print(unsigned long, int)
 .text._ZN5Print7printlnEmi
                0x000046f2       0x14 C:/Users/araujo/eclipse-workspace/armTest/Release/arduino.ar(Print.cpp.o)
                0x000046f2                Print::println(unsigned long, int)
 *fill*         0x00004706        0x2 
 .text.initiateReset
                0x00004708        0xc C:/Users/araujo/eclipse-workspace/armTest/Release/arduino.ar(Reset.cpp.o)
                0x00004708                initiateReset
 .text.cancelReset
                0x00004714       0x10 C:/Users/araujo/eclipse-workspace/armTest/Release/arduino.ar(Reset.cpp.o)
                0x00004714                cancelReset
 .text.tickReset
                0x00004724       0x74 C:/Users/araujo/eclipse-workspace/armTest/Release/arduino.ar(Reset.cpp.o)
                0x00004724                tickReset
 .text._ZN10RingBufferC2Ev
                0x00004798       0x1a C:/Users/araujo/eclipse-workspace/armTest/Release/arduino.ar(RingBuffer.cpp.o)
                0x00004798                RingBuffer::RingBuffer()
                0x00004798                RingBuffer::RingBuffer()
 .text._ZN10RingBuffer10store_charEh
                0x000047b2       0x24 C:/Users/araujo/eclipse-workspace/armTest/Release/arduino.ar(RingBuffer.cpp.o)
                0x000047b2                RingBuffer::store_char(unsigned char)
 .text._ZN10RingBuffer5clearEv
                0x000047d6        0xe C:/Users/araujo/eclipse-workspace/armTest/Release/arduino.ar(RingBuffer.cpp.o)
                0x000047d6                RingBuffer::clear()
 .text._ZN10RingBuffer9read_charEv
                0x000047e4       0x28 C:/Users/araujo/eclipse-workspace/armTest/Release/arduino.ar(RingBuffer.cpp.o)
                0x000047e4                RingBuffer::read_char()
 .text._ZN10RingBuffer9availableEv
                0x0000480c       0x12 C:/Users/araujo/eclipse-workspace/armTest/Release/arduino.ar(RingBuffer.cpp.o)
                0x0000480c                RingBuffer::available()
 .text._ZN10RingBuffer4peekEv
                0x0000481e       0x1a C:/Users/araujo/eclipse-workspace/armTest/Release/arduino.ar(RingBuffer.cpp.o)
                0x0000481e                RingBuffer::peek()
 .text._ZN10RingBuffer6isFullEv
                0x00004838       0x20 C:/Users/araujo/eclipse-workspace/armTest/Release/arduino.ar(RingBuffer.cpp.o)
                0x00004838                RingBuffer::isFull()
 .text._ZN6SERCOMC2EP6Sercom
                0x00004858        0x4 C:/Users/araujo/eclipse-workspace/armTest/Release/arduino.ar(SERCOM.cpp.o)
                0x00004858                SERCOM::SERCOM(Sercom*)
                0x00004858                SERCOM::SERCOM(Sercom*)
 .text._ZN6SERCOM9initFrameE18SercomUartCharSize15SercomDataOrder16SercomParityMode19SercomNumberStopBit
                0x0000485c       0x38 C:/Users/araujo/eclipse-workspace/armTest/Release/arduino.ar(SERCOM.cpp.o)
                0x0000485c                SERCOM::initFrame(SercomUartCharSize, SercomDataOrder, SercomParityMode, SercomNumberStopBit)
 .text._ZN6SERCOM8initPadsE15SercomUartTXPad11SercomRXPad
                0x00004894       0x26 C:/Users/araujo/eclipse-workspace/armTest/Release/arduino.ar(SERCOM.cpp.o)
                0x00004894                SERCOM::initPads(SercomUartTXPad, SercomRXPad)
 .text._ZN6SERCOM9resetUARTEv
                0x000048ba       0x1c C:/Users/araujo/eclipse-workspace/armTest/Release/arduino.ar(SERCOM.cpp.o)
                0x000048ba                SERCOM::resetUART()
 .text._ZN6SERCOM10enableUARTEv
                0x000048d6       0x14 C:/Users/araujo/eclipse-workspace/armTest/Release/arduino.ar(SERCOM.cpp.o)
                0x000048d6                SERCOM::enableUART()
 .text._ZN6SERCOM9flushUARTEv
                0x000048ea       0x10 C:/Users/araujo/eclipse-workspace/armTest/Release/arduino.ar(SERCOM.cpp.o)
                0x000048ea                SERCOM::flushUART()
 .text._ZN6SERCOM15clearStatusUARTEv
                0x000048fa        0x8 C:/Users/araujo/eclipse-workspace/armTest/Release/arduino.ar(SERCOM.cpp.o)
                0x000048fa                SERCOM::clearStatusUART()
 .text._ZN6SERCOM17availableDataUARTEv
                0x00004902        0xa C:/Users/araujo/eclipse-workspace/armTest/Release/arduino.ar(SERCOM.cpp.o)
                0x00004902                SERCOM::availableDataUART()
 .text._ZN6SERCOM11isUARTErrorEv
                0x0000490c        0x8 C:/Users/araujo/eclipse-workspace/armTest/Release/arduino.ar(SERCOM.cpp.o)
                0x0000490c                SERCOM::isUARTError()
 .text._ZN6SERCOM20acknowledgeUARTErrorEv
                0x00004914        0xe C:/Users/araujo/eclipse-workspace/armTest/Release/arduino.ar(SERCOM.cpp.o)
                0x00004914                SERCOM::acknowledgeUARTError()
 .text._ZN6SERCOM12readDataUARTEv
                0x00004922        0x8 C:/Users/araujo/eclipse-workspace/armTest/Release/arduino.ar(SERCOM.cpp.o)
                0x00004922                SERCOM::readDataUART()
 .text._ZN6SERCOM13writeDataUARTEh
                0x0000492a        0xe C:/Users/araujo/eclipse-workspace/armTest/Release/arduino.ar(SERCOM.cpp.o)
                0x0000492a                SERCOM::writeDataUART(unsigned char)
 .text._ZN6SERCOM9resetWIREEv
                0x00004938       0x1c C:/Users/araujo/eclipse-workspace/armTest/Release/arduino.ar(SERCOM.cpp.o)
                0x00004938                SERCOM::resetWIRE()
 .text._ZN6SERCOM10enableWIREEv
                0x00004954       0x28 C:/Users/araujo/eclipse-workspace/armTest/Release/arduino.ar(SERCOM.cpp.o)
                0x00004954                SERCOM::enableWIRE()
 .text._ZN6SERCOM18prepareNackBitWIREEv
                0x0000497c       0x10 C:/Users/araujo/eclipse-workspace/armTest/Release/arduino.ar(SERCOM.cpp.o)
                0x0000497c                SERCOM::prepareNackBitWIRE()
 .text._ZN6SERCOM17prepareAckBitWIREEv
                0x0000498c       0x14 C:/Users/araujo/eclipse-workspace/armTest/Release/arduino.ar(SERCOM.cpp.o)
                0x0000498c                SERCOM::prepareAckBitWIRE()
 .text._ZN6SERCOM22prepareCommandBitsWireEh
                0x000049a0       0x2c C:/Users/araujo/eclipse-workspace/armTest/Release/arduino.ar(SERCOM.cpp.o)
                0x000049a0                SERCOM::prepareCommandBitsWire(unsigned char)
 .text._ZN6SERCOM21startTransmissionWIREEh23SercomWireReadWriteFlag
                0x000049cc       0x5e C:/Users/araujo/eclipse-workspace/armTest/Release/arduino.ar(SERCOM.cpp.o)
                0x000049cc                SERCOM::startTransmissionWIRE(unsigned char, SercomWireReadWriteFlag)
 .text._ZN6SERCOM18sendDataMasterWIREEh
                0x00004a2a       0x22 C:/Users/araujo/eclipse-workspace/armTest/Release/arduino.ar(SERCOM.cpp.o)
                0x00004a2a                SERCOM::sendDataMasterWIRE(unsigned char)
 .text._ZN6SERCOM17sendDataSlaveWIREEh
                0x00004a4c       0x1a C:/Users/araujo/eclipse-workspace/armTest/Release/arduino.ar(SERCOM.cpp.o)
                0x00004a4c                SERCOM::sendDataSlaveWIRE(unsigned char)
 .text._ZN6SERCOM11isSlaveWIREEv
                0x00004a66       0x12 C:/Users/araujo/eclipse-workspace/armTest/Release/arduino.ar(SERCOM.cpp.o)
                0x00004a66                SERCOM::isSlaveWIRE()
 .text._ZN6SERCOM15isDataReadyWIREEv
                0x00004a78        0xa C:/Users/araujo/eclipse-workspace/armTest/Release/arduino.ar(SERCOM.cpp.o)
                0x00004a78                SERCOM::isDataReadyWIRE()
 .text._ZN6SERCOM18isStopDetectedWIREEv
                0x00004a82        0xa C:/Users/araujo/eclipse-workspace/armTest/Release/arduino.ar(SERCOM.cpp.o)
                0x00004a82                SERCOM::isStopDetectedWIRE()
 .text._ZN6SERCOM21isRestartDetectedWIREEv
                0x00004a8c        0xa C:/Users/araujo/eclipse-workspace/armTest/Release/arduino.ar(SERCOM.cpp.o)
                0x00004a8c                SERCOM::isRestartDetectedWIRE()
 .text._ZN6SERCOM14isAddressMatchEv
                0x00004a96        0xa C:/Users/araujo/eclipse-workspace/armTest/Release/arduino.ar(SERCOM.cpp.o)
                0x00004a96                SERCOM::isAddressMatch()
 .text._ZN6SERCOM25isMasterReadOperationWIREEv
                0x00004aa0        0xa C:/Users/araujo/eclipse-workspace/armTest/Release/arduino.ar(SERCOM.cpp.o)
                0x00004aa0                SERCOM::isMasterReadOperationWIRE()
 .text._ZN6SERCOM12readDataWIREEv
                0x00004aaa       0x1a C:/Users/araujo/eclipse-workspace/armTest/Release/arduino.ar(SERCOM.cpp.o)
                0x00004aaa                SERCOM::readDataWIRE()
 .text._ZN6SERCOM13initClockNVICEv
                0x00004ac4       0xac C:/Users/araujo/eclipse-workspace/armTest/Release/arduino.ar(SERCOM.cpp.o)
                0x00004ac4                SERCOM::initClockNVIC()
 .text._ZN6SERCOM8initUARTE14SercomUartMode20SercomUartSampleRatem
                0x00004b70       0x6c C:/Users/araujo/eclipse-workspace/armTest/Release/arduino.ar(SERCOM.cpp.o)
                0x00004b70                SERCOM::initUART(SercomUartMode, SercomUartSampleRate, unsigned long)
 .text._ZN6SERCOM14initMasterWIREEm
                0x00004bdc       0x38 C:/Users/araujo/eclipse-workspace/armTest/Release/arduino.ar(SERCOM.cpp.o)
                0x00004bdc                SERCOM::initMasterWIRE(unsigned long)
 .text._ZN4UartcvbEv
                0x00004c14        0x4 C:/Users/araujo/eclipse-workspace/armTest/Release/arduino.ar(Uart.cpp.o)
                0x00004c14                Uart::operator bool()
 .text._ZN4Uart5beginEm
                0x00004c18       0x10 C:/Users/araujo/eclipse-workspace/armTest/Release/arduino.ar(Uart.cpp.o)
                0x00004c18                Uart::begin(unsigned long)
 .text._ZN4Uart3endEv
                0x00004c28       0x14 C:/Users/araujo/eclipse-workspace/armTest/Release/arduino.ar(Uart.cpp.o)
                0x00004c28                Uart::end()
 .text._ZN4Uart5flushEv
                0x00004c3c        0xa C:/Users/araujo/eclipse-workspace/armTest/Release/arduino.ar(Uart.cpp.o)
                0x00004c3c                Uart::flush()
 .text._ZN4Uart9availableEv
                0x00004c46        0xa C:/Users/araujo/eclipse-workspace/armTest/Release/arduino.ar(Uart.cpp.o)
                0x00004c46                Uart::available()
 .text._ZN4Uart4peekEv
                0x00004c50        0xa C:/Users/araujo/eclipse-workspace/armTest/Release/arduino.ar(Uart.cpp.o)
                0x00004c50                Uart::peek()
 .text._ZN4Uart4readEv
                0x00004c5a        0xa C:/Users/araujo/eclipse-workspace/armTest/Release/arduino.ar(Uart.cpp.o)
                0x00004c5a                Uart::read()
 .text._ZN4Uart5writeEh
                0x00004c64        0xc C:/Users/araujo/eclipse-workspace/armTest/Release/arduino.ar(Uart.cpp.o)
                0x00004c64                Uart::write(unsigned char)
 .text._ZN4UartC2EP6SERCOMhh11SercomRXPad15SercomUartTXPad
                0x00004c70       0x48 C:/Users/araujo/eclipse-workspace/armTest/Release/arduino.ar(Uart.cpp.o)
                0x00004c70                Uart::Uart(SERCOM*, unsigned char, unsigned char, SercomRXPad, SercomUartTXPad)
                0x00004c70                Uart::Uart(SERCOM*, unsigned char, unsigned char, SercomRXPad, SercomUartTXPad)
 .text._ZN4Uart10IrqHandlerEv
                0x00004cb8       0x36 C:/Users/araujo/eclipse-workspace/armTest/Release/arduino.ar(Uart.cpp.o)
                0x00004cb8                Uart::IrqHandler()
 .text._ZN4Uart16extractNbStopBitEt
                0x00004cee        0xe C:/Users/araujo/eclipse-workspace/armTest/Release/arduino.ar(Uart.cpp.o)
                0x00004cee                Uart::extractNbStopBit(unsigned short)
 .text._ZN4Uart15extractCharSizeEt
                0x00004cfc       0x2c C:/Users/araujo/eclipse-workspace/armTest/Release/arduino.ar(Uart.cpp.o)
                0x00004cfc                Uart::extractCharSize(unsigned short)
 .text._ZN4Uart13extractParityEt
                0x00004d28       0x18 C:/Users/araujo/eclipse-workspace/armTest/Release/arduino.ar(Uart.cpp.o)
                0x00004d28                Uart::extractParity(unsigned short)
 .text._ZN4Uart5beginEmt
                0x00004d40       0x88 C:/Users/araujo/eclipse-workspace/armTest/Release/arduino.ar(Uart.cpp.o)
                0x00004d40                Uart::begin(unsigned long, unsigned short)
 .text.Dummy_Handler
                0x00004dc8        0x2 C:/Users/araujo/eclipse-workspace/armTest/Release/arduino.ar(cortex_handlers.c.o)
                0x00004dc8                DMAC_Handler
                0x00004dc8                HardFault_Handler
                0x00004dc8                AC_Handler
                0x00004dc8                PendSV_Handler
                0x00004dc8                NMI_Handler
                0x00004dc8                TC7_Handler
                0x00004dc8                SERCOM1_Handler
                0x00004dc8                ADC_Handler
                0x00004dc8                TCC1_Handler
                0x00004dc8                SERCOM2_Handler
                0x00004dc8                TCC0_Handler
                0x00004dc8                RTC_Handler
                0x00004dc8                EIC_Handler
                0x00004dc8                TC6_Handler
                0x00004dc8                WDT_Handler
                0x00004dc8                TC4_Handler
                0x00004dc8                TC3_Handler
                0x00004dc8                Dummy_Handler
                0x00004dc8                PM_Handler
                0x00004dc8                SVC_Handler
                0x00004dc8                TCC2_Handler
                0x00004dc8                EVSYS_Handler
                0x00004dc8                SERCOM4_Handler
                0x00004dc8                I2S_Handler
                0x00004dc8                NVMCTRL_Handler
                0x00004dc8                DAC_Handler
                0x00004dc8                PTC_Handler
                0x00004dc8                SYSCTRL_Handler
 *fill*         0x00004dca        0x2 
 .text.USB_Handler
                0x00004dcc       0x14 C:/Users/araujo/eclipse-workspace/armTest/Release/arduino.ar(cortex_handlers.c.o)
                0x00004dcc                USB_Handler
 .text.Reset_Handler
                0x00004de0       0x54 C:/Users/araujo/eclipse-workspace/armTest/Release/arduino.ar(cortex_handlers.c.o)
                0x00004de0                Reset_Handler
 .text.SysTick_Handler
                0x00004e34       0x10 C:/Users/araujo/eclipse-workspace/armTest/Release/arduino.ar(cortex_handlers.c.o)
                0x00004e34                SysTick_Handler
 .text.USB_SetHandler
                0x00004e44        0xc C:/Users/araujo/eclipse-workspace/armTest/Release/arduino.ar(cortex_handlers.c.o)
                0x00004e44                USB_SetHandler
 .text.delay    0x00004e50       0x20 C:/Users/araujo/eclipse-workspace/armTest/Release/arduino.ar(delay.c.o)
                0x00004e50                delay
 .text.SysTick_DefaultHandler
                0x00004e70       0x14 C:/Users/araujo/eclipse-workspace/armTest/Release/arduino.ar(delay.c.o)
                0x00004e70                SysTick_DefaultHandler
 .text.__empty  0x00004e84        0x2 C:/Users/araujo/eclipse-workspace/armTest/Release/arduino.ar(hooks.c.o)
                0x00004e84                yield
 .text.__false  0x00004e86        0x4 C:/Users/araujo/eclipse-workspace/armTest/Release/arduino.ar(hooks.c.o)
                0x00004e86                sysTickHook
 .text._Z11initVariantv
                0x00004e8a        0x2 C:/Users/araujo/eclipse-workspace/armTest/Release/arduino.ar(main.cpp.o)
                0x00004e8a                initVariant()
 .text.startup.main
                0x00004e8c       0x40 C:/Users/araujo/eclipse-workspace/armTest/Release/arduino.ar(main.cpp.o)
                0x00004e8c                main
 .text._Znwj    0x00004ecc        0x8 C:/Users/araujo/eclipse-workspace/armTest/Release/arduino.ar(new.cpp.o)
                0x00004ecc                operator new(unsigned int)
 .text.SystemInit
                0x00004ed4      0x168 C:/Users/araujo/eclipse-workspace/armTest/Release/arduino.ar(startup.c.o)
                0x00004ed4                SystemInit
 .text.init     0x0000503c       0xf0 C:/Users/araujo/eclipse-workspace/armTest/Release/arduino.ar(wiring.c.o)
                0x0000503c                init
 .text.analogReference
                0x0000512c       0x5c C:/Users/araujo/eclipse-workspace/armTest/Release/arduino.ar(wiring_analog.c.o)
                0x0000512c                analogReference
 .text.pinMode  0x00005188       0xb4 C:/Users/araujo/eclipse-workspace/armTest/Release/arduino.ar(wiring_digital.c.o)
                0x00005188                pinMode
 .text.digitalWrite
                0x0000523c       0x60 C:/Users/araujo/eclipse-workspace/armTest/Release/arduino.ar(wiring_digital.c.o)
                0x0000523c                digitalWrite
 .text.pinPeripheral
                0x0000529c       0xc4 C:/Users/araujo/eclipse-workspace/armTest/Release/arduino.ar(wiring_private.c.o)
                0x0000529c                pinPeripheral
 .text._ZN13PluggableUSB_12getInterfaceEPh
                0x00005360       0x2a C:/Users/araujo/eclipse-workspace/armTest/Release/arduino.ar(PluggableUSB.cpp.o)
                0x00005360                PluggableUSB_::getInterface(unsigned char*)
 .text._ZN13PluggableUSB_13getDescriptorER8USBSetup
                0x0000538a       0x20 C:/Users/araujo/eclipse-workspace/armTest/Release/arduino.ar(PluggableUSB.cpp.o)
                0x0000538a                PluggableUSB_::getDescriptor(USBSetup&)
 .text._ZN13PluggableUSB_12getShortNameEPc
                0x000053aa       0x1e C:/Users/araujo/eclipse-workspace/armTest/Release/arduino.ar(PluggableUSB.cpp.o)
                0x000053aa                PluggableUSB_::getShortName(char*)
 .text._ZN13PluggableUSB_5setupER8USBSetup
                0x000053c8       0x24 C:/Users/araujo/eclipse-workspace/armTest/Release/arduino.ar(PluggableUSB.cpp.o)
                0x000053c8                PluggableUSB_::setup(USBSetup&)
 .text._Z12PluggableUSBv
                0x000053ec       0x24 C:/Users/araujo/eclipse-workspace/armTest/Release/arduino.ar(PluggableUSB.cpp.o)
                0x000053ec                PluggableUSB()
 .text          0x00005410       0x14 c:/cp/eclipse/arduinoplugin/packages/arduino/tools/arm-none-eabi-gcc/4.8.3-2014q1/bin/../lib/gcc/arm-none-eabi/4.8.3/armv6-m\libgcc.a(_thumb1_case_uqi.o)
                0x00005410                __gnu_thumb1_case_uqi
 .text          0x00005424       0x9c c:/cp/eclipse/arduinoplugin/packages/arduino/tools/arm-none-eabi-gcc/4.8.3-2014q1/bin/../lib/gcc/arm-none-eabi/4.8.3/armv6-m\libgcc.a(_udivsi3.o)
                0x00005424                __aeabi_uidiv
                0x00005424                __udivsi3
                0x000054ac                __aeabi_uidivmod
 .text          0x000054c0        0x4 c:/cp/eclipse/arduinoplugin/packages/arduino/tools/arm-none-eabi-gcc/4.8.3-2014q1/bin/../lib/gcc/arm-none-eabi/4.8.3/armv6-m\libgcc.a(_dvmd_tls.o)
                0x000054c0                __aeabi_idiv0
                0x000054c0                __aeabi_ldiv0
 .text          0x000054c4       0x7c c:/cp/eclipse/arduinoplugin/packages/arduino/tools/arm-none-eabi-gcc/4.8.3-2014q1/bin/../lib/gcc/arm-none-eabi/4.8.3/armv6-m\libgcc.a(_arm_cmpdf2.o)
                0x000054c4                __aeabi_cdrcmple
                0x000054d4                __aeabi_cdcmple
                0x000054d4                __aeabi_cdcmpeq
                0x000054e4                __aeabi_dcmpeq
                0x000054f0                __aeabi_dcmplt
                0x00005504                __aeabi_dcmple
                0x00005518                __aeabi_dcmpgt
                0x0000552c                __aeabi_dcmpge
 .text          0x00005540       0x40 c:/cp/eclipse/arduinoplugin/packages/arduino/tools/arm-none-eabi-gcc/4.8.3-2014q1/bin/../lib/gcc/arm-none-eabi/4.8.3/armv6-m\libgcc.a(_fixunsdfsi.o)
                0x00005540                __aeabi_d2uiz
                0x00005540                __fixunsdfsi
 .text          0x00005580      0x24c c:/cp/eclipse/arduinoplugin/packages/arduino/tools/arm-none-eabi-gcc/4.8.3-2014q1/bin/../lib/gcc/arm-none-eabi/4.8.3/armv6-m\libgcc.a(divsf3.o)
                0x00005580                __aeabi_fdiv
 .text          0x000057cc      0x2e0 c:/cp/eclipse/arduinoplugin/packages/arduino/tools/arm-none-eabi-gcc/4.8.3-2014q1/bin/../lib/gcc/arm-none-eabi/4.8.3/armv6-m\libgcc.a(subsf3.o)
                0x000057cc                __aeabi_fsub
 .text          0x00005aac      0x638 c:/cp/eclipse/arduinoplugin/packages/arduino/tools/arm-none-eabi-gcc/4.8.3-2014q1/bin/../lib/gcc/arm-none-eabi/4.8.3/armv6-m\libgcc.a(adddf3.o)
                0x00005aac                __aeabi_dadd
 .text          0x000060e4       0x94 c:/cp/eclipse/arduinoplugin/packages/arduino/tools/arm-none-eabi-gcc/4.8.3-2014q1/bin/../lib/gcc/arm-none-eabi/4.8.3/armv6-m\libgcc.a(eqdf2.o)
                0x000060e4                __nedf2
                0x000060e4                __eqdf2
 .text          0x00006178       0xfc c:/cp/eclipse/arduinoplugin/packages/arduino/tools/arm-none-eabi-gcc/4.8.3-2014q1/bin/../lib/gcc/arm-none-eabi/4.8.3/armv6-m\libgcc.a(gedf2.o)
                0x00006178                __gedf2
                0x00006178                __gtdf2
 .text          0x00006274       0xfc c:/cp/eclipse/arduinoplugin/packages/arduino/tools/arm-none-eabi-gcc/4.8.3-2014q1/bin/../lib/gcc/arm-none-eabi/4.8.3/armv6-m\libgcc.a(ledf2.o)
                0x00006274                __ledf2
                0x00006274                __ltdf2
 .text          0x00006370      0x520 c:/cp/eclipse/arduinoplugin/packages/arduino/tools/arm-none-eabi-gcc/4.8.3-2014q1/bin/../lib/gcc/arm-none-eabi/4.8.3/armv6-m\libgcc.a(muldf3.o)
                0x00006370                __aeabi_dmul
 .text          0x00006890      0x654 c:/cp/eclipse/arduinoplugin/packages/arduino/tools/arm-none-eabi-gcc/4.8.3-2014q1/bin/../lib/gcc/arm-none-eabi/4.8.3/armv6-m\libgcc.a(subdf3.o)
                0x00006890                __aeabi_dsub
 .text          0x00006ee4       0x68 c:/cp/eclipse/arduinoplugin/packages/arduino/tools/arm-none-eabi-gcc/4.8.3-2014q1/bin/../lib/gcc/arm-none-eabi/4.8.3/armv6-m\libgcc.a(fixdfsi.o)
                0x00006ee4                __aeabi_d2iz
 .text          0x00006f4c       0xa4 c:/cp/eclipse/arduinoplugin/packages/arduino/tools/arm-none-eabi-gcc/4.8.3-2014q1/bin/../lib/gcc/arm-none-eabi/4.8.3/armv6-m\libgcc.a(extendsfdf2.o)
                0x00006f4c                __aeabi_f2d
 .text          0x00006ff0      0x118 c:/cp/eclipse/arduinoplugin/packages/arduino/tools/arm-none-eabi-gcc/4.8.3-2014q1/bin/../lib/gcc/arm-none-eabi/4.8.3/armv6-m\libgcc.a(truncdfsf2.o)
                0x00006ff0                __aeabi_d2f
 .text          0x00007108       0x3c c:/cp/eclipse/arduinoplugin/packages/arduino/tools/arm-none-eabi-gcc/4.8.3-2014q1/bin/../lib/gcc/arm-none-eabi/4.8.3/armv6-m\libgcc.a(_clzsi2.o)
                0x00007108                __clzsi2
 .text.atoi     0x00007144        0xc c:/cp/eclipse/arduinoplugin/packages/arduino/tools/arm-none-eabi-gcc/4.8.3-2014q1/bin/../lib/gcc/arm-none-eabi/4.8.3/../../../../arm-none-eabi/lib/armv6-m\libc_s.a(lib_a-atoi.o)
                0x00007144                atoi
 .text.atol     0x00007150        0xc c:/cp/eclipse/arduinoplugin/packages/arduino/tools/arm-none-eabi-gcc/4.8.3-2014q1/bin/../lib/gcc/arm-none-eabi/4.8.3/../../../../arm-none-eabi/lib/armv6-m\libc_s.a(lib_a-atol.o)
                0x00007150                atol
 .text.__libc_init_array
                0x0000715c       0x4c c:/cp/eclipse/arduinoplugin/packages/arduino/tools/arm-none-eabi-gcc/4.8.3-2014q1/bin/../lib/gcc/arm-none-eabi/4.8.3/../../../../arm-none-eabi/lib/armv6-m\libc_s.a(lib_a-init.o)
                0x0000715c                __libc_init_array
 .text.isprint  0x000071a8       0x14 c:/cp/eclipse/arduinoplugin/packages/arduino/tools/arm-none-eabi-gcc/4.8.3-2014q1/bin/../lib/gcc/arm-none-eabi/4.8.3/../../../../arm-none-eabi/lib/armv6-m\libc_s.a(lib_a-isprint.o)
                0x000071a8                isprint
 .text.malloc   0x000071bc       0x14 c:/cp/eclipse/arduinoplugin/packages/arduino/tools/arm-none-eabi-gcc/4.8.3-2014q1/bin/../lib/gcc/arm-none-eabi/4.8.3/../../../../arm-none-eabi/lib/armv6-m\libc_s.a(lib_a-malloc.o)
                0x000071bc                malloc
 .text.memcpy   0x000071d0       0x12 c:/cp/eclipse/arduinoplugin/packages/arduino/tools/arm-none-eabi-gcc/4.8.3-2014q1/bin/../lib/gcc/arm-none-eabi/4.8.3/../../../../arm-none-eabi/lib/armv6-m\libc_s.a(lib_a-memcpy-stub.o)
                0x000071d0                memcpy
 .text.memset   0x000071e2       0x10 c:/cp/eclipse/arduinoplugin/packages/arduino/tools/arm-none-eabi-gcc/4.8.3-2014q1/bin/../lib/gcc/arm-none-eabi/4.8.3/../../../../arm-none-eabi/lib/armv6-m\libc_s.a(lib_a-memset.o)
                0x000071e2                memset
 *fill*         0x000071f2        0x2 
 .text._malloc_r
                0x000071f4       0xa8 c:/cp/eclipse/arduinoplugin/packages/arduino/tools/arm-none-eabi-gcc/4.8.3-2014q1/bin/../lib/gcc/arm-none-eabi/4.8.3/../../../../arm-none-eabi/lib/armv6-m\libc_s.a(lib_a-nano-mallocr.o)
                0x000071f4                _malloc_r
 .text._sbrk_r  0x0000729c       0x24 c:/cp/eclipse/arduinoplugin/packages/arduino/tools/arm-none-eabi-gcc/4.8.3-2014q1/bin/../lib/gcc/arm-none-eabi/4.8.3/../../../../arm-none-eabi/lib/armv6-m\libc_s.a(lib_a-sbrkr.o)
                0x0000729c                _sbrk_r
 .text.strlen   0x000072c0        0xe c:/cp/eclipse/arduinoplugin/packages/arduino/tools/arm-none-eabi-gcc/4.8.3-2014q1/bin/../lib/gcc/arm-none-eabi/4.8.3/../../../../arm-none-eabi/lib/armv6-m\libc_s.a(lib_a-strlen.o)
                0x000072c0                strlen
 .text.strncmp  0x000072ce       0x2c c:/cp/eclipse/arduinoplugin/packages/arduino/tools/arm-none-eabi-gcc/4.8.3-2014q1/bin/../lib/gcc/arm-none-eabi/4.8.3/../../../../arm-none-eabi/lib/armv6-m\libc_s.a(lib_a-strncmp.o)
                0x000072ce                strncmp
 .text.strncpy  0x000072fa       0x28 c:/cp/eclipse/arduinoplugin/packages/arduino/tools/arm-none-eabi-gcc/4.8.3-2014q1/bin/../lib/gcc/arm-none-eabi/4.8.3/../../../../arm-none-eabi/lib/armv6-m\libc_s.a(lib_a-strncpy.o)
                0x000072fa                strncpy
 .text.__strtok_r
                0x00007322       0x5c c:/cp/eclipse/arduinoplugin/packages/arduino/tools/arm-none-eabi-gcc/4.8.3-2014q1/bin/../lib/gcc/arm-none-eabi/4.8.3/../../../../arm-none-eabi/lib/armv6-m\libc_s.a(lib_a-strtok_r.o)
                0x00007322                __strtok_r
 .text.strtok_r
                0x0000737e        0xa c:/cp/eclipse/arduinoplugin/packages/arduino/tools/arm-none-eabi-gcc/4.8.3-2014q1/bin/../lib/gcc/arm-none-eabi/4.8.3/../../../../arm-none-eabi/lib/armv6-m\libc_s.a(lib_a-strtok_r.o)
                0x0000737e                strtok_r
 .text._strtol_r
                0x00007388      0x114 c:/cp/eclipse/arduinoplugin/packages/arduino/tools/arm-none-eabi-gcc/4.8.3-2014q1/bin/../lib/gcc/arm-none-eabi/4.8.3/../../../../arm-none-eabi/lib/armv6-m\libc_s.a(lib_a-strtol.o)
                0x00007388                _strtol_r
 .text.strtol   0x0000749c       0x1c c:/cp/eclipse/arduinoplugin/packages/arduino/tools/arm-none-eabi-gcc/4.8.3-2014q1/bin/../lib/gcc/arm-none-eabi/4.8.3/../../../../arm-none-eabi/lib/armv6-m\libc_s.a(lib_a-strtol.o)
                0x0000749c                strtol
 .text._sbrk    0x000074b8       0x34 c:/cp/eclipse/arduinoplugin/packages/arduino/tools/arm-none-eabi-gcc/4.8.3-2014q1/bin/../lib/gcc/arm-none-eabi/4.8.3/../../../../arm-none-eabi/lib/armv6-m\libnosys.a(sbrk.o)
                0x000074b8                _sbrk
 *(.init)
 .init          0x000074ec        0x4 c:/cp/eclipse/arduinoplugin/packages/arduino/tools/arm-none-eabi-gcc/4.8.3-2014q1/bin/../lib/gcc/arm-none-eabi/4.8.3/armv6-m/crti.o
                0x000074ec                _init
 .init          0x000074f0        0x8 c:/cp/eclipse/arduinoplugin/packages/arduino/tools/arm-none-eabi-gcc/4.8.3-2014q1/bin/../lib/gcc/arm-none-eabi/4.8.3/armv6-m/crtn.o
 *(.fini)
 .fini          0x000074f8        0x4 c:/cp/eclipse/arduinoplugin/packages/arduino/tools/arm-none-eabi-gcc/4.8.3-2014q1/bin/../lib/gcc/arm-none-eabi/4.8.3/armv6-m/crti.o
                0x000074f8                _fini
 .fini          0x000074fc        0x8 c:/cp/eclipse/arduinoplugin/packages/arduino/tools/arm-none-eabi-gcc/4.8.3-2014q1/bin/../lib/gcc/arm-none-eabi/4.8.3/armv6-m/crtn.o
 *crtbegin.o(.ctors)
 *crtbegin?.o(.ctors)
 *(EXCLUDE_FILE(*crtend.o *crtend?.o) .ctors)
 *(SORT(.ctors.*))
 *(.ctors)
 *crtbegin.o(.dtors)
 *crtbegin?.o(.dtors)
 *(EXCLUDE_FILE(*crtend.o *crtend?.o) .dtors)
 *(SORT(.dtors.*))
 *(.dtors)
 *(.rodata*)
 .rodata.str1.1
                0x00007504      0x225 .\armApp.cpp.o
                                0x229 (size before relaxing)
 .rodata.str1.1
                0x00007729       0x22 .\motor\motorControl.cpp.o
                                 0x24 (size before relaxing)
 .rodata.str1.1
                0x0000774b        0xb .\libraries\generic\SerialCommand.cpp.o
                                  0xd (size before relaxing)
 *fill*         0x00007756        0x2 
 .rodata._ZTV7TwoWire
                0x00007758       0x20 .\libraries\Wire\Wire.cpp.o
                0x00007758                vtable for TwoWire
 .rodata.g_APinDescription
                0x00007778      0x450 C:/Users/araujo/eclipse-workspace/armTest/Release/arduino.ar(variant.cpp.o)
                0x00007778                g_APinDescription
 .rodata._ZTV7Serial_
                0x00007bc8       0x28 C:/Users/araujo/eclipse-workspace/armTest/Release/arduino.ar(CDC.cpp.o)
                0x00007bc8                vtable for Serial_
 .rodata._ZTV26DoubleBufferedEPOutHandler
                0x00007bf0       0x18 C:/Users/araujo/eclipse-workspace/armTest/Release/arduino.ar(USBCore.cpp.o)
                0x00007bf0                vtable for DoubleBufferedEPOutHandler
 .rodata._ZL19STRING_MANUFACTURER
                0x00007c08        0x9 C:/Users/araujo/eclipse-workspace/armTest/Release/arduino.ar(USBCore.cpp.o)
 *fill*         0x00007c11        0x1 
 .rodata._ZL15STRING_LANGUAGE
                0x00007c12        0x4 C:/Users/araujo/eclipse-workspace/armTest/Release/arduino.ar(USBCore.cpp.o)
 .rodata._ZL21USB_DeviceDescriptorB
                0x00007c16       0x12 C:/Users/araujo/eclipse-workspace/armTest/Release/arduino.ar(USBCore.cpp.o)
 .rodata._ZL14STRING_PRODUCT
                0x00007c28        0xb C:/Users/araujo/eclipse-workspace/armTest/Release/arduino.ar(USBCore.cpp.o)
 .rodata.str1.1
                0x00007c33       0x11 C:/Users/araujo/eclipse-workspace/armTest/Release/arduino.ar(Print.cpp.o)
 *fill*         0x00007c44        0x4 
 .rodata._ZTV4Uart
                0x00007c48       0x30 C:/Users/araujo/eclipse-workspace/armTest/Release/arduino.ar(Uart.cpp.o)
                0x00007c48                vtable for Uart
 .rodata        0x00007c78       0x40 c:/cp/eclipse/arduinoplugin/packages/arduino/tools/arm-none-eabi-gcc/4.8.3-2014q1/bin/../lib/gcc/arm-none-eabi/4.8.3/armv6-m\libgcc.a(divsf3.o)
 .rodata        0x00007cb8       0x40 c:/cp/eclipse/arduinoplugin/packages/arduino/tools/arm-none-eabi-gcc/4.8.3-2014q1/bin/../lib/gcc/arm-none-eabi/4.8.3/armv6-m\libgcc.a(muldf3.o)
 .rodata.str1.1
                0x00007cf8        0x2 c:/cp/eclipse/arduinoplugin/packages/arduino/tools/arm-none-eabi-gcc/4.8.3-2014q1/bin/../lib/gcc/arm-none-eabi/4.8.3/../../../../arm-none-eabi/lib/armv6-m\libc_s.a(lib_a-impure.o)
 .rodata._ctype_
                0x00007cfa      0x101 c:/cp/eclipse/arduinoplugin/packages/arduino/tools/arm-none-eabi-gcc/4.8.3-2014q1/bin/../lib/gcc/arm-none-eabi/4.8.3/../../../../arm-none-eabi/lib/armv6-m\libc_s.a(lib_a-ctype_.o)
                0x00007cfa                _ctype_
 *(.eh_frame*)
 *fill*         0x00007dfb        0x1 
 .eh_frame      0x00007dfc        0x0 c:/cp/eclipse/arduinoplugin/packages/arduino/tools/arm-none-eabi-gcc/4.8.3-2014q1/bin/../lib/gcc/arm-none-eabi/4.8.3/armv6-m/crtbegin.o
 .eh_frame      0x00007dfc        0x4 c:/cp/eclipse/arduinoplugin/packages/arduino/tools/arm-none-eabi-gcc/4.8.3-2014q1/bin/../lib/gcc/arm-none-eabi/4.8.3/armv6-m/crtend.o

.glue_7         0x00007e00        0x0
 .glue_7        0x00000000        0x0 linker stubs

.glue_7t        0x00007e00        0x0
 .glue_7t       0x00000000        0x0 linker stubs

.vfp11_veneer   0x00007e00        0x0
 .vfp11_veneer  0x00000000        0x0 linker stubs

.v4_bx          0x00007e00        0x0
 .v4_bx         0x00000000        0x0 linker stubs

.iplt           0x00007e00        0x0
 .iplt          0x00000000        0x0 c:/cp/eclipse/arduinoplugin/packages/arduino/tools/arm-none-eabi-gcc/4.8.3-2014q1/bin/../lib/gcc/arm-none-eabi/4.8.3/armv6-m/crtbegin.o

.rel.dyn        0x00007e00        0x0
 .rel.iplt      0x00000000        0x0 c:/cp/eclipse/arduinoplugin/packages/arduino/tools/arm-none-eabi-gcc/4.8.3-2014q1/bin/../lib/gcc/arm-none-eabi/4.8.3/armv6-m/crtbegin.o

.ARM.extab
 *(.ARM.extab* .gnu.linkonce.armextab.*)
                0x00007e00                __exidx_start = .

.ARM.exidx
 *(.ARM.exidx* .gnu.linkonce.armexidx.*)
                0x00007e00                __exidx_end = .
                0x00007e00                __etext = .

.data           0x20000000      0x160 load address 0x00007e00
                0x20000000                __data_start__ = .
 *(vtable)
 *(.data*)
 .data.motorControlConfig_wrist_elevation
                0x20000000       0x10 .\armApp.cpp.o
                0x20000000                motorControlConfig_wrist_elevation
 .data.motorControlConfig_wrist_azimuth
                0x20000010       0x10 .\armApp.cpp.o
                0x20000010                motorControlConfig_wrist_azimuth
 .data.motorControlConfig_fingers
                0x20000020       0x10 .\armApp.cpp.o
                0x20000020                motorControlConfig_fingers
 .data.motorControlConfig_thumb
                0x20000030       0x10 .\armApp.cpp.o
                0x20000030                motorControlConfig_thumb
 .data.motorControlConfig_index
                0x20000040       0x10 .\armApp.cpp.o
                0x20000040                motorControlConfig_index
 .data._ZL12_usbLineInfo
                0x20000050        0x8 C:/Users/araujo/eclipse-workspace/armTest/Release/arduino.ar(CDC.cpp.o)
 .data._ZL10breakValue
                0x20000058        0x4 C:/Users/araujo/eclipse-workspace/armTest/Release/arduino.ar(CDC.cpp.o)
 .data._ZL13_cdcInterface
                0x2000005c       0x42 C:/Users/araujo/eclipse-workspace/armTest/Release/arduino.ar(CDC.cpp.o)
 *fill*         0x2000009e        0x2 
 .data._serialPeek
                0x200000a0        0x4 C:/Users/araujo/eclipse-workspace/armTest/Release/arduino.ar(CDC.cpp.o)
                0x200000a0                _serialPeek
 .data.EndPoints
                0x200000a4       0x28 C:/Users/araujo/eclipse-workspace/armTest/Release/arduino.ar(USBCore.cpp.o)
                0x200000a4                EndPoints
 .data._ZL5ticks
                0x200000cc        0x4 C:/Users/araujo/eclipse-workspace/armTest/Release/arduino.ar(Reset.cpp.o)
 .data.SystemCoreClock
                0x200000d0        0x4 C:/Users/araujo/eclipse-workspace/armTest/Release/arduino.ar(wiring.c.o)
                0x200000d0                SystemCoreClock
 .data.impure_data
                0x200000d4       0x60 c:/cp/eclipse/arduinoplugin/packages/arduino/tools/arm-none-eabi-gcc/4.8.3-2014q1/bin/../lib/gcc/arm-none-eabi/4.8.3/../../../../arm-none-eabi/lib/armv6-m\libc_s.a(lib_a-impure.o)
 .data._impure_ptr
                0x20000134        0x4 c:/cp/eclipse/arduinoplugin/packages/arduino/tools/arm-none-eabi-gcc/4.8.3-2014q1/bin/../lib/gcc/arm-none-eabi/4.8.3/../../../../arm-none-eabi/lib/armv6-m\libc_s.a(lib_a-impure.o)
                0x20000134                _impure_ptr
 .data.__ctype_ptr__
                0x20000138        0x4 c:/cp/eclipse/arduinoplugin/packages/arduino/tools/arm-none-eabi-gcc/4.8.3-2014q1/bin/../lib/gcc/arm-none-eabi/4.8.3/../../../../arm-none-eabi/lib/armv6-m\libc_s.a(lib_a-ctype_.o)
                0x20000138                __ctype_ptr__
                0x2000013c                . = ALIGN (0x4)
                0x2000013c                PROVIDE (__preinit_array_start, .)
 *(.preinit_array)
                0x2000013c                PROVIDE (__preinit_array_end, .)
                0x2000013c                . = ALIGN (0x4)
                0x2000013c                PROVIDE (__init_array_start, .)
 *(SORT(.init_array.*))
 *(.init_array)
 .init_array    0x2000013c        0x4 c:/cp/eclipse/arduinoplugin/packages/arduino/tools/arm-none-eabi-gcc/4.8.3-2014q1/bin/../lib/gcc/arm-none-eabi/4.8.3/armv6-m/crtbegin.o
 .init_array    0x20000140        0x4 .\armApp.cpp.o
 .init_array    0x20000144        0x4 .\libraries\Wire\Wire.cpp.o
 .init_array    0x20000148        0x4 C:/Users/araujo/eclipse-workspace/armTest/Release/arduino.ar(variant.cpp.o)
 .init_array    0x2000014c        0x4 C:/Users/araujo/eclipse-workspace/armTest/Release/arduino.ar(CDC.cpp.o)
 .init_array    0x20000150        0x4 C:/Users/araujo/eclipse-workspace/armTest/Release/arduino.ar(USBCore.cpp.o)
                0x20000154                PROVIDE (__init_array_end, .)
                0x20000154                . = ALIGN (0x4)
                0x20000154                PROVIDE (__fini_array_start, .)
 *(SORT(.fini_array.*))
 *(.fini_array)
 .fini_array    0x20000154        0x4 c:/cp/eclipse/arduinoplugin/packages/arduino/tools/arm-none-eabi-gcc/4.8.3-2014q1/bin/../lib/gcc/arm-none-eabi/4.8.3/armv6-m/crtbegin.o
                0x20000158                PROVIDE (__fini_array_end, .)
 *(.jcr*)
 .jcr           0x20000158        0x0 c:/cp/eclipse/arduinoplugin/packages/arduino/tools/arm-none-eabi-gcc/4.8.3-2014q1/bin/../lib/gcc/arm-none-eabi/4.8.3/armv6-m/crtbegin.o
 .jcr           0x20000158        0x4 c:/cp/eclipse/arduinoplugin/packages/arduino/tools/arm-none-eabi-gcc/4.8.3-2014q1/bin/../lib/gcc/arm-none-eabi/4.8.3/armv6-m/crtend.o
                0x20000160                . = ALIGN (0x10)
 *fill*         0x2000015c        0x4 
                0x20000160                __data_end__ = .

.igot.plt       0x20000160        0x0 load address 0x00007f60
 .igot.plt      0x00000000        0x0 c:/cp/eclipse/arduinoplugin/packages/arduino/tools/arm-none-eabi-gcc/4.8.3-2014q1/bin/../lib/gcc/arm-none-eabi/4.8.3/armv6-m/crtbegin.o

.bss            0x20000160      0xa54 load address 0x00007f60
                0x20000160                . = ALIGN (0x4)
                0x20000160                __bss_start__ = .
 *(.bss*)
 .bss           0x20000160       0x1c c:/cp/eclipse/arduinoplugin/packages/arduino/tools/arm-none-eabi-gcc/4.8.3-2014q1/bin/../lib/gcc/arm-none-eabi/4.8.3/armv6-m/crtbegin.o
 .bss.armControl
                0x2000017c        0x4 .\armApp.cpp.o
                0x2000017c                armControl
 .bss.servo     0x20000180        0x8 .\armApp.cpp.o
                0x20000180                servo
 .bss.motorUnit_wrist_azimuth
                0x20000188        0x4 .\armApp.cpp.o
                0x20000188                motorUnit_wrist_azimuth
 .bss.motorControl
                0x2000018c        0x4 .\armApp.cpp.o
                0x2000018c                motorControl
 .bss.motorUnit_index
                0x20000190        0x4 .\armApp.cpp.o
                0x20000190                motorUnit_index
 .bss.motorUnit_fingers
                0x20000194        0x4 .\armApp.cpp.o
                0x20000194                motorUnit_fingers
 .bss.motorUnit_wrist_elevation
                0x20000198        0x4 .\armApp.cpp.o
                0x20000198                motorUnit_wrist_elevation
 .bss.motorUnit_thumb
                0x2000019c        0x4 .\armApp.cpp.o
                0x2000019c                motorUnit_thumb
 .bss.SCmd      0x200001a0       0xf8 .\armApp.cpp.o
                0x200001a0                SCmd
 .bss.Wire      0x20000298      0x17c .\libraries\Wire\Wire.cpp.o
                0x20000298                Wire
 .bss.Serial1   0x20000414       0xc4 C:/Users/araujo/eclipse-workspace/armTest/Release/arduino.ar(variant.cpp.o)
                0x20000414                Serial1
 .bss.Serial5   0x200004d8       0xc4 C:/Users/araujo/eclipse-workspace/armTest/Release/arduino.ar(variant.cpp.o)
                0x200004d8                Serial5
 .bss.sercom3   0x2000059c        0x4 C:/Users/araujo/eclipse-workspace/armTest/Release/arduino.ar(variant.cpp.o)
                0x2000059c                sercom3
 .bss.sercom0   0x200005a0        0x4 C:/Users/araujo/eclipse-workspace/armTest/Release/arduino.ar(variant.cpp.o)
                0x200005a0                sercom0
 .bss.sercom1   0x200005a4        0x4 C:/Users/araujo/eclipse-workspace/armTest/Release/arduino.ar(variant.cpp.o)
                0x200005a4                sercom1
 .bss.sercom2   0x200005a8        0x4 C:/Users/araujo/eclipse-workspace/armTest/Release/arduino.ar(variant.cpp.o)
                0x200005a8                sercom2
 .bss.sercom4   0x200005ac        0x4 C:/Users/araujo/eclipse-workspace/armTest/Release/arduino.ar(variant.cpp.o)
                0x200005ac                sercom4
 .bss.sercom5   0x200005b0        0x4 C:/Users/araujo/eclipse-workspace/armTest/Release/arduino.ar(variant.cpp.o)
                0x200005b0                sercom5
 .bss.Serial    0x200005b4       0x1c C:/Users/araujo/eclipse-workspace/armTest/Release/arduino.ar(CDC.cpp.o)
                0x200005b4                Serial
 .bss._ZL14isEndpointHalt
                0x200005d0        0x1 C:/Users/araujo/eclipse-workspace/armTest/Release/arduino.ar(USBCore.cpp.o)
 .bss._pack_buffer
                0x200005d1      0x100 C:/Users/araujo/eclipse-workspace/armTest/Release/arduino.ar(USBCore.cpp.o)
                0x200005d1                _pack_buffer
 *fill*         0x200006d1        0x1 
 .bss._pack_size
                0x200006d2        0x2 C:/Users/araujo/eclipse-workspace/armTest/Release/arduino.ar(USBCore.cpp.o)
                0x200006d2                _pack_size
 .bss._ZL20LastTransmitTimedOut
                0x200006d4        0x7 C:/Users/araujo/eclipse-workspace/armTest/Release/arduino.ar(USBCore.cpp.o)
 *fill*         0x200006db        0x1 
 .bss._ZL22udd_ep_in_cache_buffer
                0x200006dc      0x1c0 C:/Users/araujo/eclipse-workspace/armTest/Release/arduino.ar(USBCore.cpp.o)
 .bss._ZL10txLEDPulse
                0x2000089c        0x1 C:/Users/araujo/eclipse-workspace/armTest/Release/arduino.ar(USBCore.cpp.o)
 *fill*         0x2000089d        0x3 
 .bss._ZL23udd_ep_out_cache_buffer
                0x200008a0      0x1c0 C:/Users/araujo/eclipse-workspace/armTest/Release/arduino.ar(USBCore.cpp.o)
 .bss._ZL10epHandlers
                0x20000a60       0x1c C:/Users/araujo/eclipse-workspace/armTest/Release/arduino.ar(USBCore.cpp.o)
 .bss._pack_message
                0x20000a7c        0x1 C:/Users/araujo/eclipse-workspace/armTest/Release/arduino.ar(USBCore.cpp.o)
                0x20000a7c                _pack_message
 .bss._ZL21isRemoteWakeUpEnabled
                0x20000a7d        0x1 C:/Users/araujo/eclipse-workspace/armTest/Release/arduino.ar(USBCore.cpp.o)
 .bss._dry_run  0x20000a7e        0x1 C:/Users/araujo/eclipse-workspace/armTest/Release/arduino.ar(USBCore.cpp.o)
                0x20000a7e                _dry_run
 .bss.USBDevice
                0x20000a7f        0x1 C:/Users/araujo/eclipse-workspace/armTest/Release/arduino.ar(USBCore.cpp.o)
                0x20000a7f                USBDevice
 .bss._usbSetInterface
                0x20000a80        0x4 C:/Users/araujo/eclipse-workspace/armTest/Release/arduino.ar(USBCore.cpp.o)
                0x20000a80                _usbSetInterface
 .bss._ZL10rxLEDPulse
                0x20000a84        0x1 C:/Users/araujo/eclipse-workspace/armTest/Release/arduino.ar(USBCore.cpp.o)
 *fill*         0x20000a85        0x3 
 .bss.usbd      0x20000a88      0x104 C:/Users/araujo/eclipse-workspace/armTest/Release/arduino.ar(USBCore.cpp.o)
                0x20000a88                usbd
 .bss._usbConfiguration
                0x20000b8c        0x4 C:/Users/araujo/eclipse-workspace/armTest/Release/arduino.ar(USBCore.cpp.o)
                0x20000b8c                _usbConfiguration
 .bss.usb_isr   0x20000b90        0x4 C:/Users/araujo/eclipse-workspace/armTest/Release/arduino.ar(cortex_handlers.c.o)
 .bss._ulTickCount
                0x20000b94        0x4 C:/Users/araujo/eclipse-workspace/armTest/Release/arduino.ar(delay.c.o)
 .bss._ZZ12PluggableUSBvE3obj
                0x20000b98        0x8 C:/Users/araujo/eclipse-workspace/armTest/Release/arduino.ar(PluggableUSB.cpp.o)
 .bss._ZGVZ12PluggableUSBvE3obj
                0x20000ba0        0x4 C:/Users/araujo/eclipse-workspace/armTest/Release/arduino.ar(PluggableUSB.cpp.o)
 .bss.__malloc_sbrk_start
                0x20000ba4        0x4 c:/cp/eclipse/arduinoplugin/packages/arduino/tools/arm-none-eabi-gcc/4.8.3-2014q1/bin/../lib/gcc/arm-none-eabi/4.8.3/../../../../arm-none-eabi/lib/armv6-m\libc_s.a(lib_a-nano-mallocr.o)
                0x20000ba4                __malloc_sbrk_start
 .bss.__malloc_free_list
                0x20000ba8        0x4 c:/cp/eclipse/arduinoplugin/packages/arduino/tools/arm-none-eabi-gcc/4.8.3-2014q1/bin/../lib/gcc/arm-none-eabi/4.8.3/../../../../arm-none-eabi/lib/armv6-m\libc_s.a(lib_a-nano-mallocr.o)
                0x20000ba8                __malloc_free_list
 .bss.heap_end.4243
                0x20000bac        0x4 c:/cp/eclipse/arduinoplugin/packages/arduino/tools/arm-none-eabi-gcc/4.8.3-2014q1/bin/../lib/gcc/arm-none-eabi/4.8.3/../../../../arm-none-eabi/lib/armv6-m\libnosys.a(sbrk.o)
 *(COMMON)
 COMMON         0x20000bb0        0x4 c:/cp/eclipse/arduinoplugin/packages/arduino/tools/arm-none-eabi-gcc/4.8.3-2014q1/bin/../lib/gcc/arm-none-eabi/4.8.3/../../../../arm-none-eabi/lib/armv6-m\libc_s.a(lib_a-reent.o)
                0x20000bb0                errno
                0x20000bb4                . = ALIGN (0x4)
                0x20000bb4                __bss_end__ = .

.heap           0x20000bb4        0x0
                0x20000bb4                __end__ = .
                0x20000bb4                PROVIDE (end, .)
 *(.heap*)
                0x20000bb4                __HeapLimit = .

.stack_dummy    0x20000bb4        0x0
 *(.stack*)
                0x20008000                __StackTop = (ORIGIN (RAM) + 0x8000)
                0x20008000                __StackLimit = (__StackTop - SIZEOF (.stack_dummy))
                0x20008000                PROVIDE (__stack, __StackTop)
                0x20007fff                __ram_end__ = ((ORIGIN (RAM) + 0x8000) - 0x1)
                0x00000001                ASSERT ((__StackLimit >= __HeapLimit), region RAM overflowed with stack)
OUTPUT(C:\Users\araujo\eclipse-workspace\armTest/Release/armTest.elf elf32-littlearm)

.ARM.attributes
                0x00000000       0x28
 .ARM.attributes
                0x00000000       0x1e c:/cp/eclipse/arduinoplugin/packages/arduino/tools/arm-none-eabi-gcc/4.8.3-2014q1/bin/../lib/gcc/arm-none-eabi/4.8.3/armv6-m/crti.o
 .ARM.attributes
                0x0000001e       0x2c c:/cp/eclipse/arduinoplugin/packages/arduino/tools/arm-none-eabi-gcc/4.8.3-2014q1/bin/../lib/gcc/arm-none-eabi/4.8.3/armv6-m/crtbegin.o
 .ARM.attributes
                0x0000004a       0x32 .\armApp.cpp.o
 .ARM.attributes
                0x0000007c       0x32 .\motor\motorControl.cpp.o
 .ARM.attributes
                0x000000ae       0x32 .\libraries\generic\SerialCommand.cpp.o
 .ARM.attributes
                0x000000e0       0x32 .\libraries\generic\generic_list.cpp.o
 .ARM.attributes
                0x00000112       0x32 .\libraries\Wire\Wire.cpp.o
 .ARM.attributes
                0x00000144       0x32 .\libraries\Adafruit_PWM_Servo_Driver_Library\Adafruit_PWMServoDriver.cpp.o
 .ARM.attributes
                0x00000176       0x32 .\arm\armControl.cpp.o
 .ARM.attributes
                0x000001a8       0x2c c:/cp/eclipse/arduinoplugin/packages/arduino/tools/arm-none-eabi-gcc/4.8.3-2014q1/bin/../lib/gcc/arm-none-eabi/4.8.3/../../../../arm-none-eabi/lib/armv6-m\libm.a(lib_a-s_floor.o)
 .ARM.attributes
                0x000001d4       0x32 C:/Users/araujo/eclipse-workspace/armTest/Release/arduino.ar(variant.cpp.o)
 .ARM.attributes
                0x00000206       0x32 C:/Users/araujo/eclipse-workspace/armTest/Release/arduino.ar(CDC.cpp.o)
 .ARM.attributes
                0x00000238       0x32 C:/Users/araujo/eclipse-workspace/armTest/Release/arduino.ar(USBCore.cpp.o)
 .ARM.attributes
                0x0000026a       0x32 C:/Users/araujo/eclipse-workspace/armTest/Release/arduino.ar(Print.cpp.o)
 .ARM.attributes
                0x0000029c       0x32 C:/Users/araujo/eclipse-workspace/armTest/Release/arduino.ar(Reset.cpp.o)
 .ARM.attributes
                0x000002ce       0x32 C:/Users/araujo/eclipse-workspace/armTest/Release/arduino.ar(RingBuffer.cpp.o)
 .ARM.attributes
                0x00000300       0x32 C:/Users/araujo/eclipse-workspace/armTest/Release/arduino.ar(SERCOM.cpp.o)
 .ARM.attributes
                0x00000332       0x32 C:/Users/araujo/eclipse-workspace/armTest/Release/arduino.ar(Uart.cpp.o)
 .ARM.attributes
                0x00000364       0x32 C:/Users/araujo/eclipse-workspace/armTest/Release/arduino.ar(cortex_handlers.c.o)
 .ARM.attributes
                0x00000396       0x32 C:/Users/araujo/eclipse-workspace/armTest/Release/arduino.ar(delay.c.o)
 .ARM.attributes
                0x000003c8       0x32 C:/Users/araujo/eclipse-workspace/armTest/Release/arduino.ar(hooks.c.o)
 .ARM.attributes
                0x000003fa       0x32 C:/Users/araujo/eclipse-workspace/armTest/Release/arduino.ar(main.cpp.o)
 .ARM.attributes
                0x0000042c       0x32 C:/Users/araujo/eclipse-workspace/armTest/Release/arduino.ar(new.cpp.o)
 .ARM.attributes
                0x0000045e       0x32 C:/Users/araujo/eclipse-workspace/armTest/Release/arduino.ar(startup.c.o)
 .ARM.attributes
                0x00000490       0x32 C:/Users/araujo/eclipse-workspace/armTest/Release/arduino.ar(wiring.c.o)
 .ARM.attributes
                0x000004c2       0x32 C:/Users/araujo/eclipse-workspace/armTest/Release/arduino.ar(wiring_analog.c.o)
 .ARM.attributes
                0x000004f4       0x32 C:/Users/araujo/eclipse-workspace/armTest/Release/arduino.ar(wiring_digital.c.o)
 .ARM.attributes
                0x00000526       0x32 C:/Users/araujo/eclipse-workspace/armTest/Release/arduino.ar(wiring_private.c.o)
 .ARM.attributes
                0x00000558       0x32 C:/Users/araujo/eclipse-workspace/armTest/Release/arduino.ar(PluggableUSB.cpp.o)
 .ARM.attributes
                0x0000058a       0x1e c:/cp/eclipse/arduinoplugin/packages/arduino/tools/arm-none-eabi-gcc/4.8.3-2014q1/bin/../lib/gcc/arm-none-eabi/4.8.3/armv6-m\libgcc.a(_thumb1_case_uqi.o)
 .ARM.attributes
                0x000005a8       0x1e c:/cp/eclipse/arduinoplugin/packages/arduino/tools/arm-none-eabi-gcc/4.8.3-2014q1/bin/../lib/gcc/arm-none-eabi/4.8.3/armv6-m\libgcc.a(_udivsi3.o)
 .ARM.attributes
                0x000005c6       0x1e c:/cp/eclipse/arduinoplugin/packages/arduino/tools/arm-none-eabi-gcc/4.8.3-2014q1/bin/../lib/gcc/arm-none-eabi/4.8.3/armv6-m\libgcc.a(_dvmd_tls.o)
 .ARM.attributes
                0x000005e4       0x1e c:/cp/eclipse/arduinoplugin/packages/arduino/tools/arm-none-eabi-gcc/4.8.3-2014q1/bin/../lib/gcc/arm-none-eabi/4.8.3/armv6-m\libgcc.a(_arm_cmpdf2.o)
 .ARM.attributes
                0x00000602       0x2c c:/cp/eclipse/arduinoplugin/packages/arduino/tools/arm-none-eabi-gcc/4.8.3-2014q1/bin/../lib/gcc/arm-none-eabi/4.8.3/armv6-m\libgcc.a(_fixunsdfsi.o)
 .ARM.attributes
                0x0000062e       0x2c c:/cp/eclipse/arduinoplugin/packages/arduino/tools/arm-none-eabi-gcc/4.8.3-2014q1/bin/../lib/gcc/arm-none-eabi/4.8.3/armv6-m\libgcc.a(divsf3.o)
 .ARM.attributes
                0x0000065a       0x2c c:/cp/eclipse/arduinoplugin/packages/arduino/tools/arm-none-eabi-gcc/4.8.3-2014q1/bin/../lib/gcc/arm-none-eabi/4.8.3/armv6-m\libgcc.a(subsf3.o)
 .ARM.attributes
                0x00000686       0x2c c:/cp/eclipse/arduinoplugin/packages/arduino/tools/arm-none-eabi-gcc/4.8.3-2014q1/bin/../lib/gcc/arm-none-eabi/4.8.3/armv6-m\libgcc.a(adddf3.o)
 .ARM.attributes
                0x000006b2       0x2c c:/cp/eclipse/arduinoplugin/packages/arduino/tools/arm-none-eabi-gcc/4.8.3-2014q1/bin/../lib/gcc/arm-none-eabi/4.8.3/armv6-m\libgcc.a(eqdf2.o)
 .ARM.attributes
                0x000006de       0x2c c:/cp/eclipse/arduinoplugin/packages/arduino/tools/arm-none-eabi-gcc/4.8.3-2014q1/bin/../lib/gcc/arm-none-eabi/4.8.3/armv6-m\libgcc.a(gedf2.o)
 .ARM.attributes
                0x0000070a       0x2c c:/cp/eclipse/arduinoplugin/packages/arduino/tools/arm-none-eabi-gcc/4.8.3-2014q1/bin/../lib/gcc/arm-none-eabi/4.8.3/armv6-m\libgcc.a(ledf2.o)
 .ARM.attributes
                0x00000736       0x2c c:/cp/eclipse/arduinoplugin/packages/arduino/tools/arm-none-eabi-gcc/4.8.3-2014q1/bin/../lib/gcc/arm-none-eabi/4.8.3/armv6-m\libgcc.a(muldf3.o)
 .ARM.attributes
                0x00000762       0x2c c:/cp/eclipse/arduinoplugin/packages/arduino/tools/arm-none-eabi-gcc/4.8.3-2014q1/bin/../lib/gcc/arm-none-eabi/4.8.3/armv6-m\libgcc.a(subdf3.o)
 .ARM.attributes
                0x0000078e       0x2c c:/cp/eclipse/arduinoplugin/packages/arduino/tools/arm-none-eabi-gcc/4.8.3-2014q1/bin/../lib/gcc/arm-none-eabi/4.8.3/armv6-m\libgcc.a(fixdfsi.o)
 .ARM.attributes
                0x000007ba       0x2c c:/cp/eclipse/arduinoplugin/packages/arduino/tools/arm-none-eabi-gcc/4.8.3-2014q1/bin/../lib/gcc/arm-none-eabi/4.8.3/armv6-m\libgcc.a(extendsfdf2.o)
 .ARM.attributes
                0x000007e6       0x2c c:/cp/eclipse/arduinoplugin/packages/arduino/tools/arm-none-eabi-gcc/4.8.3-2014q1/bin/../lib/gcc/arm-none-eabi/4.8.3/armv6-m\libgcc.a(truncdfsf2.o)
 .ARM.attributes
                0x00000812       0x1e c:/cp/eclipse/arduinoplugin/packages/arduino/tools/arm-none-eabi-gcc/4.8.3-2014q1/bin/../lib/gcc/arm-none-eabi/4.8.3/armv6-m\libgcc.a(_clzsi2.o)
 .ARM.attributes
                0x00000830       0x2c c:/cp/eclipse/arduinoplugin/packages/arduino/tools/arm-none-eabi-gcc/4.8.3-2014q1/bin/../lib/gcc/arm-none-eabi/4.8.3/../../../../arm-none-eabi/lib/armv6-m\libc_s.a(lib_a-atoi.o)
 .ARM.attributes
                0x0000085c       0x2c c:/cp/eclipse/arduinoplugin/packages/arduino/tools/arm-none-eabi-gcc/4.8.3-2014q1/bin/../lib/gcc/arm-none-eabi/4.8.3/../../../../arm-none-eabi/lib/armv6-m\libc_s.a(lib_a-atol.o)
 .ARM.attributes
                0x00000888       0x2c c:/cp/eclipse/arduinoplugin/packages/arduino/tools/arm-none-eabi-gcc/4.8.3-2014q1/bin/../lib/gcc/arm-none-eabi/4.8.3/../../../../arm-none-eabi/lib/armv6-m\libc_s.a(lib_a-impure.o)
 .ARM.attributes
                0x000008b4       0x2c c:/cp/eclipse/arduinoplugin/packages/arduino/tools/arm-none-eabi-gcc/4.8.3-2014q1/bin/../lib/gcc/arm-none-eabi/4.8.3/../../../../arm-none-eabi/lib/armv6-m\libc_s.a(lib_a-init.o)
 .ARM.attributes
                0x000008e0       0x2c c:/cp/eclipse/arduinoplugin/packages/arduino/tools/arm-none-eabi-gcc/4.8.3-2014q1/bin/../lib/gcc/arm-none-eabi/4.8.3/../../../../arm-none-eabi/lib/armv6-m\libc_s.a(lib_a-isprint.o)
 .ARM.attributes
                0x0000090c       0x2c c:/cp/eclipse/arduinoplugin/packages/arduino/tools/arm-none-eabi-gcc/4.8.3-2014q1/bin/../lib/gcc/arm-none-eabi/4.8.3/../../../../arm-none-eabi/lib/armv6-m\libc_s.a(lib_a-malloc.o)
 .ARM.attributes
                0x00000938       0x2c c:/cp/eclipse/arduinoplugin/packages/arduino/tools/arm-none-eabi-gcc/4.8.3-2014q1/bin/../lib/gcc/arm-none-eabi/4.8.3/../../../../arm-none-eabi/lib/armv6-m\libc_s.a(lib_a-memcpy-stub.o)
 .ARM.attributes
                0x00000964       0x2c c:/cp/eclipse/arduinoplugin/packages/arduino/tools/arm-none-eabi-gcc/4.8.3-2014q1/bin/../lib/gcc/arm-none-eabi/4.8.3/../../../../arm-none-eabi/lib/armv6-m\libc_s.a(lib_a-memset.o)
 .ARM.attributes
                0x00000990       0x2c c:/cp/eclipse/arduinoplugin/packages/arduino/tools/arm-none-eabi-gcc/4.8.3-2014q1/bin/../lib/gcc/arm-none-eabi/4.8.3/../../../../arm-none-eabi/lib/armv6-m\libc_s.a(lib_a-nano-mallocr.o)
 .ARM.attributes
                0x000009bc       0x2c c:/cp/eclipse/arduinoplugin/packages/arduino/tools/arm-none-eabi-gcc/4.8.3-2014q1/bin/../lib/gcc/arm-none-eabi/4.8.3/../../../../arm-none-eabi/lib/armv6-m\libc_s.a(lib_a-sbrkr.o)
 .ARM.attributes
                0x000009e8       0x2c c:/cp/eclipse/arduinoplugin/packages/arduino/tools/arm-none-eabi-gcc/4.8.3-2014q1/bin/../lib/gcc/arm-none-eabi/4.8.3/../../../../arm-none-eabi/lib/armv6-m\libc_s.a(lib_a-strlen.o)
 .ARM.attributes
                0x00000a14       0x2c c:/cp/eclipse/arduinoplugin/packages/arduino/tools/arm-none-eabi-gcc/4.8.3-2014q1/bin/../lib/gcc/arm-none-eabi/4.8.3/../../../../arm-none-eabi/lib/armv6-m\libc_s.a(lib_a-strncmp.o)
 .ARM.attributes
                0x00000a40       0x2c c:/cp/eclipse/arduinoplugin/packages/arduino/tools/arm-none-eabi-gcc/4.8.3-2014q1/bin/../lib/gcc/arm-none-eabi/4.8.3/../../../../arm-none-eabi/lib/armv6-m\libc_s.a(lib_a-strncpy.o)
 .ARM.attributes
                0x00000a6c       0x2c c:/cp/eclipse/arduinoplugin/packages/arduino/tools/arm-none-eabi-gcc/4.8.3-2014q1/bin/../lib/gcc/arm-none-eabi/4.8.3/../../../../arm-none-eabi/lib/armv6-m\libc_s.a(lib_a-strtok_r.o)
 .ARM.attributes
                0x00000a98       0x2c c:/cp/eclipse/arduinoplugin/packages/arduino/tools/arm-none-eabi-gcc/4.8.3-2014q1/bin/../lib/gcc/arm-none-eabi/4.8.3/../../../../arm-none-eabi/lib/armv6-m\libc_s.a(lib_a-strtol.o)
 .ARM.attributes
                0x00000ac4       0x2c c:/cp/eclipse/arduinoplugin/packages/arduino/tools/arm-none-eabi-gcc/4.8.3-2014q1/bin/../lib/gcc/arm-none-eabi/4.8.3/../../../../arm-none-eabi/lib/armv6-m\libc_s.a(lib_a-ctype_.o)
 .ARM.attributes
                0x00000af0       0x2c c:/cp/eclipse/arduinoplugin/packages/arduino/tools/arm-none-eabi-gcc/4.8.3-2014q1/bin/../lib/gcc/arm-none-eabi/4.8.3/../../../../arm-none-eabi/lib/armv6-m\libc_s.a(lib_a-reent.o)
 .ARM.attributes
                0x00000b1c       0x2c c:/cp/eclipse/arduinoplugin/packages/arduino/tools/arm-none-eabi-gcc/4.8.3-2014q1/bin/../lib/gcc/arm-none-eabi/4.8.3/../../../../arm-none-eabi/lib/armv6-m\libnosys.a(sbrk.o)
 .ARM.attributes
                0x00000b48       0x2c c:/cp/eclipse/arduinoplugin/packages/arduino/tools/arm-none-eabi-gcc/4.8.3-2014q1/bin/../lib/gcc/arm-none-eabi/4.8.3/armv6-m/crtend.o
 .ARM.attributes
                0x00000b74       0x1e c:/cp/eclipse/arduinoplugin/packages/arduino/tools/arm-none-eabi-gcc/4.8.3-2014q1/bin/../lib/gcc/arm-none-eabi/4.8.3/armv6-m/crtn.o

.comment        0x00000000       0x70
 .comment       0x00000000       0x70 .\armApp.cpp.o
                                 0x71 (size before relaxing)
 .comment       0x00000000       0x71 .\motor\motorControl.cpp.o
 .comment       0x00000000       0x71 .\libraries\generic\SerialCommand.cpp.o
 .comment       0x00000000       0x71 .\libraries\generic\generic_list.cpp.o
 .comment       0x00000000       0x71 .\libraries\Wire\Wire.cpp.o
 .comment       0x00000000       0x71 .\libraries\Adafruit_PWM_Servo_Driver_Library\Adafruit_PWMServoDriver.cpp.o
 .comment       0x00000000       0x71 .\arm\armControl.cpp.o
 .comment       0x00000000       0x71 C:/Users/araujo/eclipse-workspace/armTest/Release/arduino.ar(variant.cpp.o)
 .comment       0x00000000       0x71 C:/Users/araujo/eclipse-workspace/armTest/Release/arduino.ar(CDC.cpp.o)
 .comment       0x00000000       0x71 C:/Users/araujo/eclipse-workspace/armTest/Release/arduino.ar(USBCore.cpp.o)
 .comment       0x00000000       0x71 C:/Users/araujo/eclipse-workspace/armTest/Release/arduino.ar(Print.cpp.o)
 .comment       0x00000000       0x71 C:/Users/araujo/eclipse-workspace/armTest/Release/arduino.ar(Reset.cpp.o)
 .comment       0x00000000       0x71 C:/Users/araujo/eclipse-workspace/armTest/Release/arduino.ar(RingBuffer.cpp.o)
 .comment       0x00000000       0x71 C:/Users/araujo/eclipse-workspace/armTest/Release/arduino.ar(SERCOM.cpp.o)
 .comment       0x00000000       0x71 C:/Users/araujo/eclipse-workspace/armTest/Release/arduino.ar(Uart.cpp.o)
 .comment       0x00000000       0x71 C:/Users/araujo/eclipse-workspace/armTest/Release/arduino.ar(cortex_handlers.c.o)
 .comment       0x00000000       0x71 C:/Users/araujo/eclipse-workspace/armTest/Release/arduino.ar(delay.c.o)
 .comment       0x00000000       0x71 C:/Users/araujo/eclipse-workspace/armTest/Release/arduino.ar(hooks.c.o)
 .comment       0x00000000       0x71 C:/Users/araujo/eclipse-workspace/armTest/Release/arduino.ar(main.cpp.o)
 .comment       0x00000000       0x71 C:/Users/araujo/eclipse-workspace/armTest/Release/arduino.ar(new.cpp.o)
 .comment       0x00000000       0x71 C:/Users/araujo/eclipse-workspace/armTest/Release/arduino.ar(startup.c.o)
 .comment       0x00000000       0x71 C:/Users/araujo/eclipse-workspace/armTest/Release/arduino.ar(wiring.c.o)
 .comment       0x00000000       0x71 C:/Users/araujo/eclipse-workspace/armTest/Release/arduino.ar(wiring_analog.c.o)
 .comment       0x00000000       0x71 C:/Users/araujo/eclipse-workspace/armTest/Release/arduino.ar(wiring_digital.c.o)
 .comment       0x00000000       0x71 C:/Users/araujo/eclipse-workspace/armTest/Release/arduino.ar(wiring_private.c.o)
 .comment       0x00000000       0x71 C:/Users/araujo/eclipse-workspace/armTest/Release/arduino.ar(PluggableUSB.cpp.o)

.debug_info     0x00000000    0x31667
 .debug_info    0x00000000     0x2271 .\armApp.cpp.o
 .debug_info    0x00002271      0xe65 .\motor\motorControl.cpp.o
 .debug_info    0x000030d6      0x74f .\libraries\generic\SerialCommand.cpp.o
 .debug_info    0x00003825      0x2f0 .\libraries\generic\generic_list.cpp.o
 .debug_info    0x00003b15     0x4d8b .\libraries\Wire\Wire.cpp.o
 .debug_info    0x000088a0      0x8cb .\libraries\Adafruit_PWM_Servo_Driver_Library\Adafruit_PWMServoDriver.cpp.o
 .debug_info    0x0000916b     0x1698 .\arm\armControl.cpp.o
 .debug_info    0x0000a803     0x54f9 C:/Users/araujo/eclipse-workspace/armTest/Release/arduino.ar(variant.cpp.o)
 .debug_info    0x0000fcfc     0x2c0b C:/Users/araujo/eclipse-workspace/armTest/Release/arduino.ar(CDC.cpp.o)
 .debug_info    0x00012907     0x7bec C:/Users/araujo/eclipse-workspace/armTest/Release/arduino.ar(USBCore.cpp.o)
 .debug_info    0x0001a4f3     0x2703 C:/Users/araujo/eclipse-workspace/armTest/Release/arduino.ar(Print.cpp.o)
 .debug_info    0x0001cbf6      0x85c C:/Users/araujo/eclipse-workspace/armTest/Release/arduino.ar(Reset.cpp.o)
 .debug_info    0x0001d452      0x488 C:/Users/araujo/eclipse-workspace/armTest/Release/arduino.ar(RingBuffer.cpp.o)
 .debug_info    0x0001d8da     0x3a1b C:/Users/araujo/eclipse-workspace/armTest/Release/arduino.ar(SERCOM.cpp.o)
 .debug_info    0x000212f5     0x485a C:/Users/araujo/eclipse-workspace/armTest/Release/arduino.ar(Uart.cpp.o)
 .debug_info    0x00025b4f      0x4ec C:/Users/araujo/eclipse-workspace/armTest/Release/arduino.ar(cortex_handlers.c.o)
 .debug_info    0x0002603b      0x378 C:/Users/araujo/eclipse-workspace/armTest/Release/arduino.ar(delay.c.o)
 .debug_info    0x000263b3       0x60 C:/Users/araujo/eclipse-workspace/armTest/Release/arduino.ar(hooks.c.o)
 .debug_info    0x00026413      0x7d8 C:/Users/araujo/eclipse-workspace/armTest/Release/arduino.ar(main.cpp.o)
 .debug_info    0x00026beb      0x1a1 C:/Users/araujo/eclipse-workspace/armTest/Release/arduino.ar(new.cpp.o)
 .debug_info    0x00026d8c     0x2915 C:/Users/araujo/eclipse-workspace/armTest/Release/arduino.ar(startup.c.o)
 .debug_info    0x000296a1     0x1df2 C:/Users/araujo/eclipse-workspace/armTest/Release/arduino.ar(wiring.c.o)
 .debug_info    0x0002b493     0x43b1 C:/Users/araujo/eclipse-workspace/armTest/Release/arduino.ar(wiring_analog.c.o)
 .debug_info    0x0002f844      0xba5 C:/Users/araujo/eclipse-workspace/armTest/Release/arduino.ar(wiring_digital.c.o)
 .debug_info    0x000303e9      0xb8e C:/Users/araujo/eclipse-workspace/armTest/Release/arduino.ar(wiring_private.c.o)
 .debug_info    0x00030f77      0x6f0 C:/Users/araujo/eclipse-workspace/armTest/Release/arduino.ar(PluggableUSB.cpp.o)

.debug_abbrev   0x00000000     0x4fba
 .debug_abbrev  0x00000000      0x3bb .\armApp.cpp.o
 .debug_abbrev  0x000003bb      0x35d .\motor\motorControl.cpp.o
 .debug_abbrev  0x00000718      0x2f7 .\libraries\generic\SerialCommand.cpp.o
 .debug_abbrev  0x00000a0f      0x135 .\libraries\generic\generic_list.cpp.o
 .debug_abbrev  0x00000b44      0x5fc .\libraries\Wire\Wire.cpp.o
 .debug_abbrev  0x00001140      0x295 .\libraries\Adafruit_PWM_Servo_Driver_Library\Adafruit_PWMServoDriver.cpp.o
 .debug_abbrev  0x000013d5      0x304 .\arm\armControl.cpp.o
 .debug_abbrev  0x000016d9      0x32b C:/Users/araujo/eclipse-workspace/armTest/Release/arduino.ar(variant.cpp.o)
 .debug_abbrev  0x00001a04      0x61c C:/Users/araujo/eclipse-workspace/armTest/Release/arduino.ar(CDC.cpp.o)
 .debug_abbrev  0x00002020      0x8aa C:/Users/araujo/eclipse-workspace/armTest/Release/arduino.ar(USBCore.cpp.o)
 .debug_abbrev  0x000028ca      0x476 C:/Users/araujo/eclipse-workspace/armTest/Release/arduino.ar(Print.cpp.o)
 .debug_abbrev  0x00002d40      0x264 C:/Users/araujo/eclipse-workspace/armTest/Release/arduino.ar(Reset.cpp.o)
 .debug_abbrev  0x00002fa4      0x20d C:/Users/araujo/eclipse-workspace/armTest/Release/arduino.ar(RingBuffer.cpp.o)
 .debug_abbrev  0x000031b1      0x48d C:/Users/araujo/eclipse-workspace/armTest/Release/arduino.ar(SERCOM.cpp.o)
 .debug_abbrev  0x0000363e      0x500 C:/Users/araujo/eclipse-workspace/armTest/Release/arduino.ar(Uart.cpp.o)
 .debug_abbrev  0x00003b3e      0x159 C:/Users/araujo/eclipse-workspace/armTest/Release/arduino.ar(cortex_handlers.c.o)
 .debug_abbrev  0x00003c97      0x158 C:/Users/araujo/eclipse-workspace/armTest/Release/arduino.ar(delay.c.o)
 .debug_abbrev  0x00003def       0x47 C:/Users/araujo/eclipse-workspace/armTest/Release/arduino.ar(hooks.c.o)
 .debug_abbrev  0x00003e36      0x216 C:/Users/araujo/eclipse-workspace/armTest/Release/arduino.ar(main.cpp.o)
 .debug_abbrev  0x0000404c       0xd7 C:/Users/araujo/eclipse-workspace/armTest/Release/arduino.ar(new.cpp.o)