Archive member included because of file (symbol)

c:/cp/eclipse/arduinoplugin/packages/arduino/tools/arm-none-eabi-gcc/4.8.3-2014q1/bin/../lib/gcc/arm-none-eabi/4.8.3/../../../../arm-none-eabi/lib/armv6-m\libm.a(lib_a-s_floor.o)
                              .\libraries\Adafruit_PWM_Servo_Driver_Library\Adafruit_PWMServoDriver.cpp.o (floor)
C:/Users/araujo/eclipse-workspace/BWRCprostheticArm/Release/arduino.ar(variant.cpp.o)
                              .\libraries\SPI\SPI.cpp.o (sercom4)
C:/Users/araujo/eclipse-workspace/BWRCprostheticArm/Release/arduino.ar(CDC.cpp.o)
                              .\armApp.cpp.o (Serial_::available())
C:/Users/araujo/eclipse-workspace/BWRCprostheticArm/Release/arduino.ar(USBCore.cpp.o)
                              C:/Users/araujo/eclipse-workspace/BWRCprostheticArm/Release/arduino.ar(CDC.cpp.o) (USBDeviceClass::available(unsigned long))
C:/Users/araujo/eclipse-workspace/BWRCprostheticArm/Release/arduino.ar(Print.cpp.o)
                              .\libraries\Wire\Wire.cpp.o (Print::write(unsigned char const*, unsigned int))
C:/Users/araujo/eclipse-workspace/BWRCprostheticArm/Release/arduino.ar(Reset.cpp.o)
                              C:/Users/araujo/eclipse-workspace/BWRCprostheticArm/Release/arduino.ar(CDC.cpp.o) (initiateReset)
C:/Users/araujo/eclipse-workspace/BWRCprostheticArm/Release/arduino.ar(RingBuffer.cpp.o)
                              .\libraries\Wire\Wire.cpp.o (RingBuffer::RingBuffer())
C:/Users/araujo/eclipse-workspace/BWRCprostheticArm/Release/arduino.ar(SERCOM.cpp.o)
                              C:/Users/araujo/eclipse-workspace/BWRCprostheticArm/Release/arduino.ar(variant.cpp.o) (SERCOM::SERCOM(Sercom*))
C:/Users/araujo/eclipse-workspace/BWRCprostheticArm/Release/arduino.ar(Stream.cpp.o)
                              .\libraries\Adafruit_BluefruitLE_nRF51\Adafruit_BluefruitLE_UART.cpp.o (Stream::setTimeout(unsigned long))
C:/Users/araujo/eclipse-workspace/BWRCprostheticArm/Release/arduino.ar(Uart.cpp.o)
                              C:/Users/araujo/eclipse-workspace/BWRCprostheticArm/Release/arduino.ar(variant.cpp.o) (Uart::Uart(SERCOM*, unsigned char, unsigned char, SercomRXPad, SercomUartTXPad))
C:/Users/araujo/eclipse-workspace/BWRCprostheticArm/Release/arduino.ar(WMath.cpp.o)
                              .\motor\motorControl.cpp.o (map(long, long, long, long, long))
C:/Users/araujo/eclipse-workspace/BWRCprostheticArm/Release/arduino.ar(WString.cpp.o)
                              C:/Users/araujo/eclipse-workspace/BWRCprostheticArm/Release/arduino.ar(Stream.cpp.o) (String::String(char const*))
C:/Users/araujo/eclipse-workspace/BWRCprostheticArm/Release/arduino.ar(abi.cpp.o)
                              .\libraries\Wire\Wire.cpp.o (__cxa_pure_virtual)
C:/Users/araujo/eclipse-workspace/BWRCprostheticArm/Release/arduino.ar(cortex_handlers.c.o)
                              (Reset_Handler)
C:/Users/araujo/eclipse-workspace/BWRCprostheticArm/Release/arduino.ar(delay.c.o)
                              .\armApp.cpp.o (millis)
C:/Users/araujo/eclipse-workspace/BWRCprostheticArm/Release/arduino.ar(hooks.c.o)
                              C:/Users/araujo/eclipse-workspace/BWRCprostheticArm/Release/arduino.ar(delay.c.o) (yield)
C:/Users/araujo/eclipse-workspace/BWRCprostheticArm/Release/arduino.ar(itoa.c.o)
                              C:/Users/araujo/eclipse-workspace/BWRCprostheticArm/Release/arduino.ar(WString.cpp.o) (ltoa)
C:/Users/araujo/eclipse-workspace/BWRCprostheticArm/Release/arduino.ar(main.cpp.o)
                              c:/cp/eclipse/arduinoplugin/packages/arduino/tools/arm-none-eabi-gcc/4.8.3-2014q1/bin/../lib/gcc/arm-none-eabi/4.8.3/../../../../arm-none-eabi/lib/armv6-m/crt0.o (main)
C:/Users/araujo/eclipse-workspace/BWRCprostheticArm/Release/arduino.ar(new.cpp.o)
                              C:/Users/araujo/eclipse-workspace/BWRCprostheticArm/Release/arduino.ar(USBCore.cpp.o) (operator new(unsigned int))
C:/Users/araujo/eclipse-workspace/BWRCprostheticArm/Release/arduino.ar(startup.c.o)
                              C:/Users/araujo/eclipse-workspace/BWRCprostheticArm/Release/arduino.ar(cortex_handlers.c.o) (SystemInit)
C:/Users/araujo/eclipse-workspace/BWRCprostheticArm/Release/arduino.ar(wiring.c.o)
                              C:/Users/araujo/eclipse-workspace/BWRCprostheticArm/Release/arduino.ar(main.cpp.o) (init)
C:/Users/araujo/eclipse-workspace/BWRCprostheticArm/Release/arduino.ar(wiring_analog.c.o)
                              C:/Users/araujo/eclipse-workspace/BWRCprostheticArm/Release/arduino.ar(wiring.c.o) (analogReference)
C:/Users/araujo/eclipse-workspace/BWRCprostheticArm/Release/arduino.ar(wiring_digital.c.o)
                              .\armApp.cpp.o (pinMode)
C:/Users/araujo/eclipse-workspace/BWRCprostheticArm/Release/arduino.ar(wiring_private.c.o)
                              .\libraries\Wire\Wire.cpp.o (pinPeripheral)
C:/Users/araujo/eclipse-workspace/BWRCprostheticArm/Release/arduino.ar(dtostrf.c.o)
[...]
Memory Configuration

Name             Origin             Length             Attributes
FLASH            0x00002000         0x0003e000         xr
RAM              0x20000000         0x00008000         xrw
*default*        0x00000000         0xffffffff

Linker script and memory map

LOAD c:/cp/eclipse/arduinoplugin/packages/arduino/tools/arm-none-eabi-gcc/4.8.3-2014q1/bin/../lib/gcc/arm-none-eabi/4.8.3/armv6-m/crti.o
LOAD c:/cp/eclipse/arduinoplugin/packages/arduino/tools/arm-none-eabi-gcc/4.8.3-2014q1/bin/../lib/gcc/arm-none-eabi/4.8.3/armv6-m/crtbegin.o
LOAD c:/cp/eclipse/arduinoplugin/packages/arduino/tools/arm-none-eabi-gcc/4.8.3-2014q1/bin/../lib/gcc/arm-none-eabi/4.8.3/../../../../arm-none-eabi/lib/armv6-m/crt0.o
LOAD .\armApp.cpp.o
LOAD .\motor\motorControl.cpp.o
LOAD .\libraries\generic\SerialCommand.cpp.o
LOAD .\libraries\generic\generic_list.cpp.o
LOAD .\libraries\Wire\Wire.cpp.o
LOAD .\libraries\SPI\SPI.cpp.o
LOAD .\libraries\Adafruit_PWM_Servo_Driver_Library\Adafruit_PWMServoDriver.cpp.o
LOAD .\libraries\Adafruit_BluefruitLE_nRF51\utility\Adafruit_FIFO.cpp.o
LOAD .\libraries\Adafruit_BluefruitLE_nRF51\Adafruit_ATParser.cpp.o
LOAD .\libraries\Adafruit_BluefruitLE_nRF51\Adafruit_BLE.cpp.o
LOAD .\libraries\Adafruit_BluefruitLE_nRF51\Adafruit_BLEBattery.cpp.o
LOAD .\libraries\Adafruit_BluefruitLE_nRF51\Adafruit_BLEEddystone.cpp.o
LOAD .\libraries\Adafruit_BluefruitLE_nRF51\Adafruit_BLEGatt.cpp.o
LOAD .\libraries\Adafruit_BluefruitLE_nRF51\Adafruit_BLEMIDI.cpp.o
LOAD .\libraries\Adafruit_BluefruitLE_nRF51\Adafruit_BluefruitLE_SPI.cpp.o
LOAD .\libraries\Adafruit_BluefruitLE_nRF51\Adafruit_BluefruitLE_UART.cpp.o
LOAD .\arm\armControl.cpp.o
LOAD .\arm\armSupervisor.c.o
START GROUP
LOAD C:\cp\eclipse\/arduinoPlugin/packages/arduino/tools/CMSIS/4.5.0/CMSIS/Lib/GCC/\libarm_cortexM0l_math.a
LOAD c:/cp/eclipse/arduinoplugin/packages/arduino/tools/arm-none-eabi-gcc/4.8.3-2014q1/bin/../lib/gcc/arm-none-eabi/4.8.3/../../../../arm-none-eabi/lib/armv6-m\libm.a
LOAD C:/Users/araujo/eclipse-workspace/BWRCprostheticArm/Release/arduino.ar
END GROUP
START GROUP
LOAD c:/cp/eclipse/arduinoplugin/packages/arduino/tools/arm-none-eabi-gcc/4.8.3-2014q1/bin/../lib/gcc/arm-none-eabi/4.8.3/armv6-m\libgcc.a
LOAD c:/cp/eclipse/arduinoplugin/packages/arduino/tools/arm-none-eabi-gcc/4.8.3-2014q1/bin/../lib/gcc/arm-none-eabi/4.8.3/../../../../arm-none-eabi/lib/armv6-m\libc_s.a
END GROUP
START GROUP
LOAD c:/cp/eclipse/arduinoplugin/packages/arduino/tools/arm-none-eabi-gcc/4.8.3-2014q1/bin/../lib/gcc/arm-none-eabi/4.8.3/armv6-m\libgcc.a
LOAD c:/cp/eclipse/arduinoplugin/packages/arduino/tools/arm-none-eabi-gcc/4.8.3-2014q1/bin/../lib/gcc/arm-none-eabi/4.8.3/../../../../arm-none-eabi/lib/armv6-m\libc_s.a
LOAD c:/cp/eclipse/arduinoplugin/packages/arduino/tools/arm-none-eabi-gcc/4.8.3-2014q1/bin/../lib/gcc/arm-none-eabi/4.8.3/../../../../arm-none-eabi/lib/armv6-m\libnosys.a
END GROUP
START GROUP
LOAD c:/cp/eclipse/arduinoplugin/packages/arduino/tools/arm-none-eabi-gcc/4.8.3-2014q1/bin/../lib/gcc/arm-none-eabi/4.8.3/armv6-m\libgcc.a
LOAD c:/cp/eclipse/arduinoplugin/packages/arduino/tools/arm-none-eabi-gcc/4.8.3-2014q1/bin/../lib/gcc/arm-none-eabi/4.8.3/../../../../arm-none-eabi/lib/armv6-m\libc_s.a
LOAD c:/cp/eclipse/arduinoplugin/packages/arduino/tools/arm-none-eabi-gcc/4.8.3-2014q1/bin/../lib/gcc/arm-none-eabi/4.8.3/../../../../arm-none-eabi/lib/armv6-m\libnosys.a
END GROUP
LOAD c:/cp/eclipse/arduinoplugin/packages/arduino/tools/arm-none-eabi-gcc/4.8.3-2014q1/bin/../lib/gcc/arm-none-eabi/4.8.3/armv6-m/crtend.o
LOAD c:/cp/eclipse/arduinoplugin/packages/arduino/tools/arm-none-eabi-gcc/4.8.3-2014q1/bin/../lib/gcc/arm-none-eabi/4.8.3/armv6-m/crtn.o

.text           0x00002000     0x73a8
                0x00002000                __text_start__ = .
 *(.sketch_boot)
                0x00002000                . = ALIGN (0x2000)
 *(.isr_vector)
 .isr_vector    0x00002000       0xb4 C:/Users/araujo/eclipse-workspace/BWRCprostheticArm/Release/arduino.ar(cortex_handlers.c.o)
                0x00002000                exception_table
 *(.text*)
 .text          0x000020b4       0x60 c:/cp/eclipse/arduinoplugin/packages/arduino/tools/arm-none-eabi-gcc/4.8.3-2014q1/bin/../lib/gcc/arm-none-eabi/4.8.3/armv6-m/crtbegin.o
 .text._Z12unrecognizedv
                0x00002114       0x14 .\armApp.cpp.o
                0x00002114                unrecognized()
 .text._Z6LED_onv
                0x00002128       0x1c .\armApp.cpp.o
                0x00002128                LED_on()
 .text._Z7LED_offv
                0x00002144       0x1c .\armApp.cpp.o
                0x00002144                LED_off()
 .text._Z4stopv
                0x00002160       0x78 .\armApp.cpp.o
                0x00002160                stop()
 .text._Z10ok_commandv
                0x000021d8       0x64 .\armApp.cpp.o
                0x000021d8                ok_command()
 .text._Z13thumb_commandv
                0x0000223c       0x68 .\armApp.cpp.o
                0x0000223c                thumb_command()
 .text._Z18thumb_slow_commandv
                0x000022a4       0x68 .\armApp.cpp.o
                0x000022a4                thumb_slow_command()
 .text._Z13index_commandv
                0x0000230c       0x68 .\armApp.cpp.o
                0x0000230c                index_command()
 .text._Z18index_slow_commandv
                0x00002374       0x68 .\armApp.cpp.o
                0x00002374                index_slow_command()
 .text._Z15fingers_commandv
                0x000023dc       0x68 .\armApp.cpp.o
                0x000023dc                fingers_command()
 .text._Z20fingers_slow_commandv
                0x00002444       0x68 .\armApp.cpp.o
                0x00002444                fingers_slow_command()
 .text._Z23wrist_elevation_commandv
                0x000024ac       0x68 .\armApp.cpp.o
                0x000024ac                wrist_elevation_command()
 .text._Z21wrist_azimuth_commandv
                0x00002514       0x68 .\armApp.cpp.o
                0x00002514                wrist_azimuth_command()
 .text._Z8SayHellov
                0x0000257c       0x38 .\armApp.cpp.o
                0x0000257c                SayHello()
 .text._Z8arm_initv
                0x000025b4      0x1f4 .\armApp.cpp.o
                0x000025b4                arm_init()
 .text._Z12fist_commandv
                0x000027a8       0x50 .\armApp.cpp.o
                0x000027a8                fist_command()
 .text._Z13three_commandv
                0x000027f8       0x54 .\armApp.cpp.o
                0x000027f8                three_command()
 .text._Z14extend_commandv
                0x0000284c       0x58 .\armApp.cpp.o
                0x0000284c                extend_command()
 .text._Z12cool_commandv
                0x000028a4       0x54 .\armApp.cpp.o
                0x000028a4                cool_command()
 .text._Z15pointer_commandv
                0x000028f8       0x54 .\armApp.cpp.o
                0x000028f8                pointer_command()
 .text._Z12add_commandsv
                0x0000294c      0x100 .\armApp.cpp.o
                0x0000294c                add_commands()
 .text._Z5errorPK19__FlashStringHelper
                0x00002a4c       0x10 .\armApp.cpp.o
                0x00002a4c                error(__FlashStringHelper const*)
 .text._Z12voteDecisionPc
                0x00002a5c       0x78 .\armApp.cpp.o
                0x00002a5c                voteDecision(char*)
 .text.setup    0x00002ad4      0x138 .\armApp.cpp.o
                0x00002ad4                setup
 .text.loop     0x00002c0c       0xc0 .\armApp.cpp.o
                0x00002c0c                loop
 .text.startup._GLOBAL__sub_I_motorControlConfig_thumb
                0x00002ccc       0x30 .\armApp.cpp.o
 .text._Z17motorControl_initPP13motorControl_
                0x00002cfc       0x1c .\motor\motorControl.cpp.o
                0x00002cfc                motorControl_init(motorControl_**)
 .text._Z21motorControl_addMotorP13motorControl_PP10motorUnit_23Adafruit_PWMServoDriverPP15motorOperation_P19motorControlConfig_
                0x00002d18       0x3e .\motor\motorControl.cpp.o
                0x00002d18                motorControl_addMotor(motorControl_*, motorUnit_**, Adafruit_PWMServoDriver, motorOperation_**, motorControlConfig_*)
 .text._Z18motorControl_startP13motorControl_
                0x00002d56       0x10 .\motor\motorControl.cpp.o
                0x00002d56                motorControl_start(motorControl_*)
 *fill*         0x00002d66        0x2 
 .text._Z27motorControl_unit_moveStepsP13motorControl_P10motorUnit_16motorDirection_tm
                0x00002d68       0x70 .\motor\motorControl.cpp.o
                0x00002d68                motorControl_unit_moveSteps(motorControl_*, motorUnit_*, motorDirection_t, unsigned long)
 .text._Z31motorControl_unit_moveSteps_lowP13motorControl_P10motorUnit_16motorDirection_tm
                0x00002dd8       0xbc .\motor\motorControl.cpp.o
                0x00002dd8                motorControl_unit_moveSteps_low(motorControl_*, motorUnit_*, motorDirection_t, unsigned long)
 .text._ZN13SerialCommand11clearBufferEv
                0x00002e94       0x12 .\libraries\generic\SerialCommand.cpp.o
                0x00002e94                SerialCommand::clearBuffer()
 *fill*         0x00002ea6        0x2 
 .text._ZN13SerialCommandC2Ev
                0x00002ea8       0x2c .\libraries\generic\SerialCommand.cpp.o
                0x00002ea8                SerialCommand::SerialCommand()
                0x00002ea8                SerialCommand::SerialCommand()
 .text._ZN13SerialCommand4nextEv
                0x00002ed4       0x12 .\libraries\generic\SerialCommand.cpp.o
                0x00002ed4                SerialCommand::next()
 .text._ZN13SerialCommand10addCommandEPKcPFvvE
                0x00002ee6       0x28 .\libraries\generic\SerialCommand.cpp.o
                0x00002ee6                SerialCommand::addCommand(char const*, void (*)())
 .text._ZN13SerialCommand17addDefaultHandlerEPFvvE
                0x00002f0e        0x6 .\libraries\generic\SerialCommand.cpp.o
                0x00002f0e                SerialCommand::addDefaultHandler(void (*)())
 .text._ZN13SerialCommand10readSerialEv
                0x00002f14       0xb4 .\libraries\generic\SerialCommand.cpp.o
                0x00002f14                SerialCommand::readSerial()
 .text._Z13gen_list_initv
                0x00002fc8       0x10 .\libraries\generic\generic_list.cpp.o
                0x00002fc8                gen_list_init()
 .text._Z12gen_list_addP8gen_listPv
                0x00002fd8       0x1e .\libraries\generic\generic_list.cpp.o
                0x00002fd8                gen_list_add(gen_list*, void*)
 .text._ZN7TwoWire5writeEPKhj
                0x00002ff6       0x24 .\libraries\Wire\Wire.cpp.o
                0x00002ff6                TwoWire::write(unsigned char const*, unsigned int)
 .text._ZN7TwoWire5flushEv
                0x0000301a        0x2 .\libraries\Wire\Wire.cpp.o
                0x0000301a                TwoWire::flush()
 .text._ZN7TwoWire4readEv
                0x0000301c        0xa .\libraries\Wire\Wire.cpp.o
                0x0000301c                TwoWire::read()
 .text._ZN7TwoWire9availableEv
                0x00003026        0xa .\libraries\Wire\Wire.cpp.o
                0x00003026                TwoWire::available()
 .text._ZN7TwoWire5writeEh
                0x00003030       0x28 .\libraries\Wire\Wire.cpp.o
                0x00003030                TwoWire::write(unsigned char)
 .text._ZN7TwoWire4peekEv
                0x00003058        0xa .\libraries\Wire\Wire.cpp.o
                0x00003058                TwoWire::peek()
 *fill*         0x00003062        0x2 
 .text._ZN7TwoWireC2EP6SERCOMhh
                0x00003064       0x3c .\libraries\Wire\Wire.cpp.o
                0x00003064                TwoWire::TwoWire(SERCOM*, unsigned char, unsigned char)
                0x00003064                TwoWire::TwoWire(SERCOM*, unsigned char, unsigned char)
 .text._ZN7TwoWire5beginEv
                0x000030a0       0x40 .\libraries\Wire\Wire.cpp.o
                0x000030a0                TwoWire::begin()
 .text._ZN7TwoWire11requestFromEhjb
                0x000030e0       0x76 .\libraries\Wire\Wire.cpp.o
                0x000030e0                TwoWire::requestFrom(unsigned char, unsigned int, bool)
 .text._ZN7TwoWire11requestFromEhj
                0x00003156        0xa .\libraries\Wire\Wire.cpp.o
                0x00003156                TwoWire::requestFrom(unsigned char, unsigned int)
 .text._ZN7TwoWire17beginTransmissionEh
                0x00003160       0x16 .\libraries\Wire\Wire.cpp.o
                0x00003160                TwoWire::beginTransmission(unsigned char)
 .text._ZN7TwoWire15endTransmissionEb
                0x00003176       0x66 .\libraries\Wire\Wire.cpp.o
                0x00003176                TwoWire::endTransmission(bool)
 .text._ZN7TwoWire15endTransmissionEv
                0x000031dc        0xa .\libraries\Wire\Wire.cpp.o
                0x000031dc                TwoWire::endTransmission()
 .text._ZN7TwoWire9onServiceEv
                0x000031e6      0x104 .\libraries\Wire\Wire.cpp.o
                0x000031e6                TwoWire::onService()
 *fill*         0x000032ea        0x2 
 .text.SERCOM3_Handler
                0x000032ec       0x10 .\libraries\Wire\Wire.cpp.o
                0x000032ec                SERCOM3_Handler
 .text.startup._GLOBAL__sub_I__ZN7TwoWireC2EP6SERCOMhh
                0x000032fc       0x18 .\libraries\Wire\Wire.cpp.o
 .text._ZN8SPIClass4initEv
                0x00003314       0x12 .\libraries\SPI\SPI.cpp.o
                0x00003314                SPIClass::init()
 .text._ZN8SPIClass6configE11SPISettings
                0x00003326       0x36 .\libraries\SPI\SPI.cpp.o
                0x00003326                SPIClass::config(SPISettings)
 .text._ZN8SPIClass5beginEv
                0x0000335c       0x50 .\libraries\SPI\SPI.cpp.o
                0x0000335c                SPIClass::begin()
 .text._ZN8SPIClass16beginTransactionE11SPISettings
                0x000033ac       0x38 .\libraries\SPI\SPI.cpp.o
                0x000033ac                SPIClass::beginTransaction(SPISettings)
 .text._ZN8SPIClass14endTransactionEv
                0x000033e4       0x24 .\libraries\SPI\SPI.cpp.o
                0x000033e4                SPIClass::endTransaction()
 .text._ZN8SPIClass8transferEh
                0x00003408        0xa .\libraries\SPI\SPI.cpp.o
                0x00003408                SPIClass::transfer(unsigned char)
 *fill*         0x00003412        0x2 
 .text.startup._GLOBAL__sub_I__ZN8SPIClassC2EP6SERCOMhhh14SercomSpiTXPad11SercomRXPad
                0x00003414       0x38 .\libraries\SPI\SPI.cpp.o
 .text._ZN7TwoWire5writeEi
                0x0000344c        0xc .\libraries\Adafruit_PWM_Servo_Driver_Library\Adafruit_PWMServoDriver.cpp.o
                0x0000344c                TwoWire::write(int)
 .text._ZN23Adafruit_PWMServoDriverC2EP7TwoWireh
                0x00003458        0x6 .\libraries\Adafruit_PWM_Servo_Driver_Library\Adafruit_PWMServoDriver.cpp.o
                0x00003458                Adafruit_PWMServoDriver::Adafruit_PWMServoDriver(TwoWire*, unsigned char)
                0x00003458                Adafruit_PWMServoDriver::Adafruit_PWMServoDriver(TwoWire*, unsigned char)
 .text._ZN23Adafruit_PWMServoDriver6setPWMEhtt
                0x0000345e       0x44 .\libraries\Adafruit_PWM_Servo_Driver_Library\Adafruit_PWMServoDriver.cpp.o
                0x0000345e                Adafruit_PWMServoDriver::setPWM(unsigned char, unsigned short, unsigned short)
 .text._ZN23Adafruit_PWMServoDriver5read8Eh
                0x000034a2       0x34 .\libraries\Adafruit_PWM_Servo_Driver_Library\Adafruit_PWMServoDriver.cpp.o
                0x000034a2                Adafruit_PWMServoDriver::read8(unsigned char)
 .text._ZN23Adafruit_PWMServoDriver6write8Ehh
                0x000034d6       0x2c .\libraries\Adafruit_PWM_Servo_Driver_Library\Adafruit_PWMServoDriver.cpp.o
                0x000034d6                Adafruit_PWMServoDriver::write8(unsigned char, unsigned char)
 .text._ZN23Adafruit_PWMServoDriver5resetEv
                0x00003502       0x12 .\libraries\Adafruit_PWM_Servo_Driver_Library\Adafruit_PWMServoDriver.cpp.o
                0x00003502                Adafruit_PWMServoDriver::reset()
 *fill*         0x00003514        0x4 
 .text._ZN23Adafruit_PWMServoDriver10setPWMFreqEf
                0x00003518       0xa0 .\libraries\Adafruit_PWM_Servo_Driver_Library\Adafruit_PWMServoDriver.cpp.o
                0x00003518                Adafruit_PWMServoDriver::setPWMFreq(float)
 .text._ZN23Adafruit_PWMServoDriver5beginEv
                0x000035b8       0x20 .\libraries\Adafruit_PWM_Servo_Driver_Library\Adafruit_PWMServoDriver.cpp.o
                0x000035b8                Adafruit_PWMServoDriver::begin()
 .text._ZN13Adafruit_FIFOC2EPvthb
                0x000035d8       0x18 .\libraries\Adafruit_BluefruitLE_nRF51\utility\Adafruit_FIFO.cpp.o
                0x000035d8                Adafruit_FIFO::Adafruit_FIFO(void*, unsigned short, unsigned char, bool)
                0x000035d8                Adafruit_FIFO::Adafruit_FIFO(void*, unsigned short, unsigned char, bool)
 .text._ZN13Adafruit_FIFO5clearEv
                0x000035f0        0xa .\libraries\Adafruit_BluefruitLE_nRF51\utility\Adafruit_FIFO.cpp.o
                0x000035f0                Adafruit_FIFO::clear()
 .text._ZN13Adafruit_FIFO5writeEPKv
                0x000035fa       0x4a .\libraries\Adafruit_BluefruitLE_nRF51\utility\Adafruit_FIFO.cpp.o
                0x000035fa                Adafruit_FIFO::write(void const*)
 .text._ZN13Adafruit_FIFO7write_nEPKvt
                0x00003644       0x30 .\libraries\Adafruit_BluefruitLE_nRF51\utility\Adafruit_FIFO.cpp.o
                0x00003644                Adafruit_FIFO::write_n(void const*, unsigned short)
 .text._ZN13Adafruit_FIFO4readEPv
                0x00003674       0x38 .\libraries\Adafruit_BluefruitLE_nRF51\utility\Adafruit_FIFO.cpp.o
                0x00003674                Adafruit_FIFO::read(void*)
 .text._ZN13Adafruit_FIFO4peekEPv
                0x000036ac       0x22 .\libraries\Adafruit_BluefruitLE_nRF51\utility\Adafruit_FIFO.cpp.o
                0x000036ac                Adafruit_FIFO::peek(void*)
 *fill*         0x000036ce        0x2 
 .text._ZN17Adafruit_ATParserC2Ev
                0x000036d0       0x1c .\libraries\Adafruit_BluefruitLE_nRF51\Adafruit_ATParser.cpp.o
                0x000036d0                Adafruit_ATParser::Adafruit_ATParser()
                0x000036d0                Adafruit_ATParser::Adafruit_ATParser()
 .text._ZN17Adafruit_ATParser8readlineEPcttb
                0x000036ec       0x8c .\libraries\Adafruit_BluefruitLE_nRF51\Adafruit_ATParser.cpp.o
                0x000036ec                Adafruit_ATParser::readline(char*, unsigned short, unsigned short, bool)
 .text._ZN17Adafruit_ATParser9waitForOKEv
                0x00003778       0x64 .\libraries\Adafruit_BluefruitLE_nRF51\Adafruit_ATParser.cpp.o
                0x00003778                Adafruit_ATParser::waitForOK()
 .text._ZN17Adafruit_ATParser17readline_parseIntEv
                0x000037dc       0x28 .\libraries\Adafruit_BluefruitLE_nRF51\Adafruit_ATParser.cpp.o
                0x000037dc                Adafruit_ATParser::readline_parseInt()
 .text._ZN17Adafruit_ATParser14printByteArrayEPKhi
                0x00003804       0x52 .\libraries\Adafruit_BluefruitLE_nRF51\Adafruit_ATParser.cpp.o
                0x00003804                Adafruit_ATParser::printByteArray(unsigned char const*, int)
 *fill*         0x00003856        0x2 
 .text._ZN17Adafruit_ATParser17send_arg_get_respEPlhPtPm
                0x00003858      0x10c .\libraries\Adafruit_BluefruitLE_nRF51\Adafruit_ATParser.cpp.o
                0x00003858                Adafruit_ATParser::send_arg_get_resp(long*, unsigned char, unsigned short*, unsigned long*)
 .text._ZN17Adafruit_ATParser14atcommand_fullEPKcPlhPtPm
                0x00003964       0x48 .\libraries\Adafruit_BluefruitLE_nRF51\Adafruit_ATParser.cpp.o
                0x00003964                Adafruit_ATParser::atcommand_full(char const*, long*, unsigned char, unsigned short*, unsigned long*)
 .text._ZN17Adafruit_ATParser14atcommand_fullEPK19__FlashStringHelperPlhPtPm
                0x000039ac       0x48 .\libraries\Adafruit_BluefruitLE_nRF51\Adafruit_ATParser.cpp.o
                0x000039ac                Adafruit_ATParser::atcommand_full(__FlashStringHelper const*, long*, unsigned char, unsigned short*, unsigned long*)
 .text._ZN17Adafruit_ATParser8readlineEv
                0x000039f4       0x14 .\libraries\Adafruit_BluefruitLE_nRF51\Adafruit_BLE.cpp.o
                0x000039f4                Adafruit_ATParser::readline()
 .text._ZN12Adafruit_BLEC2Ev
                0x00003a08       0x28 .\libraries\Adafruit_BluefruitLE_nRF51\Adafruit_BLE.cpp.o
                0x00003a08                Adafruit_BLE::Adafruit_BLE()
                0x00003a08                Adafruit_BLE::Adafruit_BLE()
 .text._ZN12Adafruit_BLE12factoryResetEb
                0x00003a30       0x38 .\libraries\Adafruit_BluefruitLE_nRF51\Adafruit_BLE.cpp.o
                0x00003a30                Adafruit_BLE::factoryReset(bool)
 .text._ZN12Adafruit_BLE4echoEb
                0x00003a68       0x24 .\libraries\Adafruit_BluefruitLE_nRF51\Adafruit_BLE.cpp.o
                0x00003a68                Adafruit_BLE::echo(bool)
 .text._ZN12Adafruit_BLE11isConnectedEv
                0x00003a8c       0x24 .\libraries\Adafruit_BluefruitLE_nRF51\Adafruit_BLE.cpp.o
                0x00003a8c                Adafruit_BLE::isConnected()
 .text._ZN12Adafruit_BLE4infoEv
                0x00003ab0       0x90 .\libraries\Adafruit_BluefruitLE_nRF51\Adafruit_BLE.cpp.o
                0x00003ab0                Adafruit_BLE::info()
 .text._ZN12Adafruit_BLE16isVersionAtLeastEPKc
                0x00003b40       0x4c .\libraries\Adafruit_BluefruitLE_nRF51\Adafruit_BLE.cpp.o
                0x00003b40                Adafruit_BLE::isVersionAtLeast(char const*)
 .text._ZN24Adafruit_BluefruitLE_SPI7setModeEh
                0x00003b8c       0x14 .\libraries\Adafruit_BluefruitLE_nRF51\Adafruit_BluefruitLE_SPI.cpp.o
                0x00003b8c                Adafruit_BluefruitLE_SPI::setMode(unsigned char)
 .text._ZN24Adafruit_BluefruitLE_SPI5flushEv
                0x00003ba0        0xa .\libraries\Adafruit_BluefruitLE_nRF51\Adafruit_BluefruitLE_SPI.cpp.o
                0x00003ba0                Adafruit_BluefruitLE_SPI::flush()
 .text._ZNK12TimeoutTimer7expiredEv
                0x00003baa       0x18 .\libraries\Adafruit_BluefruitLE_nRF51\Adafruit_BluefruitLE_SPI.cpp.o
                0x00003baa                TimeoutTimer::expired() const
 *fill*         0x00003bc2        0x2 
 .text._ZN24Adafruit_BluefruitLE_SPIC2Eaaa
                0x00003bc4       0x50 .\libraries\Adafruit_BluefruitLE_nRF51\Adafruit_BluefruitLE_SPI.cpp.o
                0x00003bc4                Adafruit_BluefruitLE_SPI::Adafruit_BluefruitLE_SPI(signed char, signed char, signed char)
                0x00003bc4                Adafruit_BluefruitLE_SPI::Adafruit_BluefruitLE_SPI(signed char, signed char, signed char)
 .text._ZN24Adafruit_BluefruitLE_SPI18simulateSwitchModeEv
                0x00003c14       0x30 .\libraries\Adafruit_BluefruitLE_nRF51\Adafruit_BluefruitLE_SPI.cpp.o
                0x00003c14                Adafruit_BluefruitLE_SPI::simulateSwitchMode()
 .text._ZN24Adafruit_BluefruitLE_SPI7spixferEh
                0x00003c44       0x6c .\libraries\Adafruit_BluefruitLE_nRF51\Adafruit_BluefruitLE_SPI.cpp.o
                0x00003c44                Adafruit_BluefruitLE_SPI::spixfer(unsigned char)
 .text._ZN24Adafruit_BluefruitLE_SPI7spixferEPvj
                0x00003cb0       0x1c .\libraries\Adafruit_BluefruitLE_nRF51\Adafruit_BluefruitLE_SPI.cpp.o
                0x00003cb0                Adafruit_BluefruitLE_SPI::spixfer(void*, unsigned int)
 .text._ZN24Adafruit_BluefruitLE_SPI10sendPacketEtPKhhh
                0x00003ccc      0x114 .\libraries\Adafruit_BluefruitLE_nRF51\Adafruit_BluefruitLE_SPI.cpp.o
                0x00003ccc                Adafruit_BluefruitLE_SPI::sendPacket(unsigned short, unsigned char const*, unsigned char, unsigned char)
 .text._ZN24Adafruit_BluefruitLE_SPI21sendInitializePatternEv
                0x00003de0       0x14 .\libraries\Adafruit_BluefruitLE_nRF51\Adafruit_BluefruitLE_SPI.cpp.o
                0x00003de0                Adafruit_BluefruitLE_SPI::sendInitializePattern()
 .text._ZN24Adafruit_BluefruitLE_SPI5beginEbb
                0x00003df4       0xbc .\libraries\Adafruit_BluefruitLE_nRF51\Adafruit_BluefruitLE_SPI.cpp.o
                0x00003df4                Adafruit_BluefruitLE_SPI::begin(bool, bool)
 .text._ZN24Adafruit_BluefruitLE_SPI9getPacketEP16sdepMsgCommand_t
                0x00003eb0      0x150 .\libraries\Adafruit_BluefruitLE_nRF51\Adafruit_BluefruitLE_SPI.cpp.o
                0x00003eb0                Adafruit_BluefruitLE_SPI::getPacket(sdepMsgCommand_t*)
 .text._ZN24Adafruit_BluefruitLE_SPI11getResponseEv
                0x00004000       0x4e .\libraries\Adafruit_BluefruitLE_nRF51\Adafruit_BluefruitLE_SPI.cpp.o
                0x00004000                Adafruit_BluefruitLE_SPI::getResponse()
 *fill*         0x0000404e        0x2 
 .text._ZN24Adafruit_BluefruitLE_SPI5writeEh
                0x00004050       0xb8 .\libraries\Adafruit_BluefruitLE_nRF51\Adafruit_BluefruitLE_SPI.cpp.o
                0x00004050                Adafruit_BluefruitLE_SPI::write(unsigned char)
 .text._ZN24Adafruit_BluefruitLE_SPI5writeEPKhj
                0x00004108       0x98 .\libraries\Adafruit_BluefruitLE_nRF51\Adafruit_BluefruitLE_SPI.cpp.o
                0x00004108                Adafruit_BluefruitLE_SPI::write(unsigned char const*, unsigned int)
 .text._ZN24Adafruit_BluefruitLE_SPI9availableEv
                0x000041a0       0x38 .\libraries\Adafruit_BluefruitLE_nRF51\Adafruit_BluefruitLE_SPI.cpp.o
                0x000041a0                Adafruit_BluefruitLE_SPI::available()
 .text._ZN24Adafruit_BluefruitLE_SPI4readEv
                0x000041d8       0x5c .\libraries\Adafruit_BluefruitLE_nRF51\Adafruit_BluefruitLE_SPI.cpp.o
                0x000041d8                Adafruit_BluefruitLE_SPI::read()
 .text._ZN24Adafruit_BluefruitLE_SPI4peekEv
                0x00004234       0x5c .\libraries\Adafruit_BluefruitLE_nRF51\Adafruit_BluefruitLE_SPI.cpp.o
                0x00004234                Adafruit_BluefruitLE_SPI::peek()
 .text.startup._GLOBAL__sub_I_bluefruitSPI
                0x00004290       0x18 .\libraries\Adafruit_BluefruitLE_nRF51\Adafruit_BluefruitLE_SPI.cpp.o
 .text.floor    0x000042a8      0x170 c:/cp/eclipse/arduinoplugin/packages/arduino/tools/arm-none-eabi-gcc/4.8.3-2014q1/bin/../lib/gcc/arm-none-eabi/4.8.3/../../../../arm-none-eabi/lib/armv6-m\libm.a(lib_a-s_floor.o)
                0x000042a8                floor
 .text.SERCOM0_Handler
                0x00004418       0x10 C:/Users/araujo/eclipse-workspace/BWRCprostheticArm/Release/arduino.ar(variant.cpp.o)
                0x00004418                SERCOM0_Handler
 .text.SERCOM5_Handler
                0x00004428       0x10 C:/Users/araujo/eclipse-workspace/BWRCprostheticArm/Release/arduino.ar(variant.cpp.o)
                0x00004428                SERCOM5_Handler
 .text.startup._GLOBAL__sub_I_g_APinDescription
                0x00004438       0x94 C:/Users/araujo/eclipse-workspace/BWRCprostheticArm/Release/arduino.ar(variant.cpp.o)
 .text._ZN7Serial_17availableForWriteEv
                0x000044cc        0x4 C:/Users/araujo/eclipse-workspace/BWRCprostheticArm/Release/arduino.ar(CDC.cpp.o)
                0x000044cc                Serial_::availableForWrite()
 .text._ZN7Serial_5writeEh
                0x000044d0       0x14 C:/Users/araujo/eclipse-workspace/BWRCprostheticArm/Release/arduino.ar(CDC.cpp.o)
                0x000044d0                Serial_::write(unsigned char)
 .text._ZN7Serial_9availableEv
                0x000044e4        0xc C:/Users/araujo/eclipse-workspace/BWRCprostheticArm/Release/arduino.ar(CDC.cpp.o)
                0x000044e4                Serial_::available()
 .text._ZN7Serial_5flushEv
                0x000044f0        0xc C:/Users/araujo/eclipse-workspace/BWRCprostheticArm/Release/arduino.ar(CDC.cpp.o)
                0x000044f0                Serial_::flush()
 .text._ZN7Serial_5writeEPKhj
                0x000044fc       0x1c C:/Users/araujo/eclipse-workspace/BWRCprostheticArm/Release/arduino.ar(CDC.cpp.o)
                0x000044fc                Serial_::write(unsigned char const*, unsigned int)
 .text._ZN7Serial_4peekEv
                0x00004518       0x1c C:/Users/araujo/eclipse-workspace/BWRCprostheticArm/Release/arduino.ar(CDC.cpp.o)
                0x00004518                Serial_::peek()
 .text._ZN7Serial_4readEv
                0x00004534       0x24 C:/Users/araujo/eclipse-workspace/BWRCprostheticArm/Release/arduino.ar(CDC.cpp.o)
                0x00004534                Serial_::read()
 .text._Z16CDC_GetInterfacePh
                0x00004558       0x1c C:/Users/araujo/eclipse-workspace/BWRCprostheticArm/Release/arduino.ar(CDC.cpp.o)
                0x00004558                CDC_GetInterface(unsigned char*)
 .text._Z9CDC_SetupR8USBSetup
                0x00004574       0x80 C:/Users/araujo/eclipse-workspace/BWRCprostheticArm/Release/arduino.ar(CDC.cpp.o)
                0x00004574                CDC_Setup(USBSetup&)
 .text._ZN7Serial_5beginEm
                0x000045f4        0x2 C:/Users/araujo/eclipse-workspace/BWRCprostheticArm/Release/arduino.ar(CDC.cpp.o)
                0x000045f4                Serial_::begin(unsigned long)
 *fill*         0x000045f6        0x2 
 .text.startup._GLOBAL__sub_I__Z17_CDC_GetInterfacev
                0x000045f8       0x28 C:/Users/araujo/eclipse-workspace/BWRCprostheticArm/Release/arduino.ar(CDC.cpp.o)
 .text._ZN14USBDeviceClass6initEPEmm.part.4
                0x00004620       0x80 C:/Users/araujo/eclipse-workspace/BWRCprostheticArm/Release/arduino.ar(USBCore.cpp.o)
 .text._ZN20USBDevice_SAMD21G18x5resetEv
                0x000046a0       0x28 C:/Users/araujo/eclipse-workspace/BWRCprostheticArm/Release/arduino.ar(USBCore.cpp.o)
                0x000046a0                USBDevice_SAMD21G18x::reset()
 .text._ZN20USBDevice_SAMD21G18x9calibrateEv
                0x000046c8       0x5c C:/Users/araujo/eclipse-workspace/BWRCprostheticArm/Release/arduino.ar(USBCore.cpp.o)
                0x000046c8                USBDevice_SAMD21G18x::calibrate()
 .text._ZN7__GuardC2Ev
                0x00004724        0xe C:/Users/araujo/eclipse-workspace/BWRCprostheticArm/Release/arduino.ar(USBCore.cpp.o)
                0x00004724                __Guard::__Guard()
                0x00004724                __Guard::__Guard()
 .text._ZN7__GuardD2Ev
                0x00004732        0xe C:/Users/araujo/eclipse-workspace/BWRCprostheticArm/Release/arduino.ar(USBCore.cpp.o)
                0x00004732                __Guard::~__Guard()
                0x00004732                __Guard::~__Guard()
 .text._ZNK26DoubleBufferedEPOutHandler9availableEv
                0x00004740       0x5e C:/Users/araujo/eclipse-workspace/BWRCprostheticArm/Release/arduino.ar(USBCore.cpp.o)
                0x00004740                DoubleBufferedEPOutHandler::available() const
 *fill*         0x0000479e        0x2 
 .text._ZN26DoubleBufferedEPOutHandler7releaseEv
                0x000047a0       0x58 C:/Users/araujo/eclipse-workspace/BWRCprostheticArm/Release/arduino.ar(USBCore.cpp.o)
                0x000047a0                DoubleBufferedEPOutHandler::release()
 .text._ZN26DoubleBufferedEPOutHandler4recvEPvm
                0x000047f8      0x11c C:/Users/araujo/eclipse-workspace/BWRCprostheticArm/Release/arduino.ar(USBCore.cpp.o)
                0x000047f8                DoubleBufferedEPOutHandler::recv(void*, unsigned long)
 .text._ZN26DoubleBufferedEPOutHandler14handleEndpointEv
                0x00004914       0xc4 C:/Users/araujo/eclipse-workspace/BWRCprostheticArm/Release/arduino.ar(USBCore.cpp.o)
                0x00004914                DoubleBufferedEPOutHandler::handleEndpoint()
 .text._ZN14USBDeviceClass14SendInterfacesEPm
                0x000049d8       0x2c C:/Users/araujo/eclipse-workspace/BWRCprostheticArm/Release/arduino.ar(USBCore.cpp.o)
                0x000049d8                USBDeviceClass::SendInterfaces(unsigned long*)
 .text._ZN14USBDeviceClass14handleEndpointEh
                0x00004a04       0x40 C:/Users/araujo/eclipse-workspace/BWRCprostheticArm/Release/arduino.ar(USBCore.cpp.o)
                0x00004a04                USBDeviceClass::handleEndpoint(unsigned char)
 .text._ZN14USBDeviceClass4initEv
                0x00004a44       0xf0 C:/Users/araujo/eclipse-workspace/BWRCprostheticArm/Release/arduino.ar(USBCore.cpp.o)
                0x00004a44                USBDeviceClass::init()
 .text._ZN14USBDeviceClass6attachEv
                0x00004b34       0x34 C:/Users/araujo/eclipse-workspace/BWRCprostheticArm/Release/arduino.ar(USBCore.cpp.o)
                0x00004b34                USBDeviceClass::attach()
 .text._ZN14USBDeviceClass10setAddressEm
                0x00004b68       0x48 C:/Users/araujo/eclipse-workspace/BWRCprostheticArm/Release/arduino.ar(USBCore.cpp.o)
                0x00004b68                USBDeviceClass::setAddress(unsigned long)
 .text._ZN14USBDeviceClass25handleClassInterfaceSetupER8USBSetup
                0x00004bb0       0x40 C:/Users/araujo/eclipse-workspace/BWRCprostheticArm/Release/arduino.ar(USBCore.cpp.o)
                0x00004bb0                USBDeviceClass::handleClassInterfaceSetup(USBSetup&)
 .text._ZN14USBDeviceClass6initEPEmm
                0x00004bf0      0x128 C:/Users/araujo/eclipse-workspace/BWRCprostheticArm/Release/arduino.ar(USBCore.cpp.o)
                0x00004bf0                USBDeviceClass::initEP(unsigned long, unsigned long)
 .text._ZN14USBDeviceClass13initEndpointsEv
                0x00004d18       0x24 C:/Users/araujo/eclipse-workspace/BWRCprostheticArm/Release/arduino.ar(USBCore.cpp.o)
                0x00004d18                USBDeviceClass::initEndpoints()
 .text._ZN14USBDeviceClass9availableEm
                0x00004d3c       0x2c C:/Users/araujo/eclipse-workspace/BWRCprostheticArm/Release/arduino.ar(USBCore.cpp.o)
                0x00004d3c                USBDeviceClass::available(unsigned long)
 .text._ZN14USBDeviceClass5flushEm
                0x00004d68       0x2c C:/Users/araujo/eclipse-workspace/BWRCprostheticArm/Release/arduino.ar(USBCore.cpp.o)
                0x00004d68                USBDeviceClass::flush(unsigned long)
 .text._ZN14USBDeviceClass14armRecvCtrlOUTEm
                0x00004d94       0x60 C:/Users/araujo/eclipse-workspace/BWRCprostheticArm/Release/arduino.ar(USBCore.cpp.o)
                0x00004d94                USBDeviceClass::armRecvCtrlOUT(unsigned long)
 .text._ZN14USBDeviceClass11recvControlEPvm
                0x00004df4       0x3c C:/Users/araujo/eclipse-workspace/BWRCprostheticArm/Release/arduino.ar(USBCore.cpp.o)
                0x00004df4                USBDeviceClass::recvControl(void*, unsigned long)
 .text._ZN14USBDeviceClass7armRecvEm
                0x00004e30       0x3c C:/Users/araujo/eclipse-workspace/BWRCprostheticArm/Release/arduino.ar(USBCore.cpp.o)
                0x00004e30                USBDeviceClass::armRecv(unsigned long)
 .text._ZN14USBDeviceClass4recvEmPvm
                0x00004e6c       0xd8 C:/Users/araujo/eclipse-workspace/BWRCprostheticArm/Release/arduino.ar(USBCore.cpp.o)
                0x00004e6c                USBDeviceClass::recv(unsigned long, void*, unsigned long)
 .text._ZN14USBDeviceClass4recvEm
                0x00004f44       0x1c C:/Users/araujo/eclipse-workspace/BWRCprostheticArm/Release/arduino.ar(USBCore.cpp.o)
                0x00004f44                USBDeviceClass::recv(unsigned long)
 .text._ZN14USBDeviceClass4sendEmPKvm
                0x00004f60      0x124 C:/Users/araujo/eclipse-workspace/BWRCprostheticArm/Release/arduino.ar(USBCore.cpp.o)
                0x00004f60                USBDeviceClass::send(unsigned long, void const*, unsigned long)
 .text._ZN14USBDeviceClass7armSendEmPKvm
                0x00005084       0x48 C:/Users/araujo/eclipse-workspace/BWRCprostheticArm/Release/arduino.ar(USBCore.cpp.o)
                0x00005084                USBDeviceClass::armSend(unsigned long, void const*, unsigned long)
 .text._ZN14USBDeviceClass11sendControlEPKvm
                0x000050cc       0x58 C:/Users/araujo/eclipse-workspace/BWRCprostheticArm/Release/arduino.ar(USBCore.cpp.o)
                0x000050cc                USBDeviceClass::sendControl(void const*, unsigned long)
 .text._ZN14USBDeviceClass20sendStringDescriptorEPKhh
                0x00005124       0x68 C:/Users/araujo/eclipse-workspace/BWRCprostheticArm/Release/arduino.ar(USBCore.cpp.o)
                0x00005124                USBDeviceClass::sendStringDescriptor(unsigned char const*, unsigned char)
 .text._ZN14USBDeviceClass12packMessagesEb.part.6
                0x0000518c       0x20 C:/Users/araujo/eclipse-workspace/BWRCprostheticArm/Release/arduino.ar(USBCore.cpp.o)
 .text._ZN14USBDeviceClass17sendConfigurationEm
                0x000051ac       0x90 C:/Users/araujo/eclipse-workspace/BWRCprostheticArm/Release/arduino.ar(USBCore.cpp.o)
                0x000051ac                USBDeviceClass::sendConfiguration(unsigned long)
 .text._ZN14USBDeviceClass14sendDescriptorER8USBSetup
                0x0000523c       0xb4 C:/Users/araujo/eclipse-workspace/BWRCprostheticArm/Release/arduino.ar(USBCore.cpp.o)
                0x0000523c                USBDeviceClass::sendDescriptor(USBSetup&)
 .text._ZN14USBDeviceClass19handleStandardSetupER8USBSetup
                0x000052f0      0x118 C:/Users/araujo/eclipse-workspace/BWRCprostheticArm/Release/arduino.ar(USBCore.cpp.o)
                0x000052f0                USBDeviceClass::handleStandardSetup(USBSetup&)
 .text._ZN14USBDeviceClass10ISRHandlerEv
                0x00005408      0x150 C:/Users/araujo/eclipse-workspace/BWRCprostheticArm/Release/arduino.ar(USBCore.cpp.o)
                0x00005408                USBDeviceClass::ISRHandler()
 .text.UDD_Handler
                0x00005558       0x10 C:/Users/araujo/eclipse-workspace/BWRCprostheticArm/Release/arduino.ar(USBCore.cpp.o)
                0x00005558                UDD_Handler
 .text.startup._GLOBAL__sub_I__ZN20USBDevice_SAMD21G18x5resetEv
                0x00005568       0x10 C:/Users/araujo/eclipse-workspace/BWRCprostheticArm/Release/arduino.ar(USBCore.cpp.o)
 .text._ZN5Print5writeEPKhj
                0x00005578       0x28 C:/Users/araujo/eclipse-workspace/BWRCprostheticArm/Release/arduino.ar(Print.cpp.o)
                0x00005578                Print::write(unsigned char const*, unsigned int)
 .text._ZN5Print5printEmi.part.3
                0x000055a0        0xc C:/Users/araujo/eclipse-workspace/BWRCprostheticArm/Release/arduino.ar(Print.cpp.o)
 .text._ZN5Print5writeEPKc
                0x000055ac       0x1c C:/Users/araujo/eclipse-workspace/BWRCprostheticArm/Release/arduino.ar(Print.cpp.o)
                0x000055ac                Print::write(char const*)
 .text._ZN5Print5printEPK19__FlashStringHelper
                0x000055c8        0x8 C:/Users/araujo/eclipse-workspace/BWRCprostheticArm/Release/arduino.ar(Print.cpp.o)
                0x000055c8                Print::print(__FlashStringHelper const*)
 .text._ZN5Print5printEPKc
                0x000055d0        0x8 C:/Users/araujo/eclipse-workspace/BWRCprostheticArm/Release/arduino.ar(Print.cpp.o)
                0x000055d0                Print::print(char const*)
 .text._ZN5Print5printEc
                0x000055d8        0xa C:/Users/araujo/eclipse-workspace/BWRCprostheticArm/Release/arduino.ar(Print.cpp.o)
                0x000055d8                Print::print(char)
 *fill*         0x000055e2        0x2 
 .text._ZN5Print7printlnEv
                0x000055e4       0x10 C:/Users/araujo/eclipse-workspace/BWRCprostheticArm/Release/arduino.ar(Print.cpp.o)
                0x000055e4                Print::println()
 .text._ZN5Print7printlnEPK19__FlashStringHelper
                0x000055f4       0x14 C:/Users/araujo/eclipse-workspace/BWRCprostheticArm/Release/arduino.ar(Print.cpp.o)
                0x000055f4                Print::println(__FlashStringHelper const*)
 .text._ZN5Print7printlnEPKc
                0x00005608       0x14 C:/Users/araujo/eclipse-workspace/BWRCprostheticArm/Release/arduino.ar(Print.cpp.o)
                0x00005608                Print::println(char const*)
 .text._ZN5Print11printNumberEmh
                0x0000561c       0x4e C:/Users/araujo/eclipse-workspace/BWRCprostheticArm/Release/arduino.ar(Print.cpp.o)
                0x0000561c                Print::printNumber(unsigned long, unsigned char)
 .text._ZN5Print5printEli
                0x0000566a       0x3c C:/Users/araujo/eclipse-workspace/BWRCprostheticArm/Release/arduino.ar(Print.cpp.o)
                0x0000566a                Print::print(long, int)
 .text._ZN5Print5printEii
                0x000056a6        0x8 C:/Users/araujo/eclipse-workspace/BWRCprostheticArm/Release/arduino.ar(Print.cpp.o)
                0x000056a6                Print::print(int, int)
 .text._ZN5Print7printlnEii
                0x000056ae       0x14 C:/Users/araujo/eclipse-workspace/BWRCprostheticArm/Release/arduino.ar(Print.cpp.o)
                0x000056ae                Print::println(int, int)
 .text._ZN5Print5printEmi
                0x000056c2       0x14 C:/Users/araujo/eclipse-workspace/BWRCprostheticArm/Release/arduino.ar(Print.cpp.o)
                0x000056c2                Print::print(unsigned long, int)
 .text._ZN5Print5printEhi
                0x000056d6        0x8 C:/Users/araujo/eclipse-workspace/BWRCprostheticArm/Release/arduino.ar(Print.cpp.o)
                0x000056d6                Print::print(unsigned char, int)
 *fill*         0x000056de        0x2 
 .text.initiateReset
                0x000056e0        0xc C:/Users/araujo/eclipse-workspace/BWRCprostheticArm/Release/arduino.ar(Reset.cpp.o)
                0x000056e0                initiateReset
 .text.cancelReset
                0x000056ec       0x10 C:/Users/araujo/eclipse-workspace/BWRCprostheticArm/Release/arduino.ar(Reset.cpp.o)
                0x000056ec                cancelReset
 .text.tickReset
                0x000056fc       0x74 C:/Users/araujo/eclipse-workspace/BWRCprostheticArm/Release/arduino.ar(Reset.cpp.o)
                0x000056fc                tickReset
 .text._ZN10RingBufferC2Ev
                0x00005770       0x1a C:/Users/araujo/eclipse-workspace/BWRCprostheticArm/Release/arduino.ar(RingBuffer.cpp.o)
                0x00005770                RingBuffer::RingBuffer()
                0x00005770                RingBuffer::RingBuffer()
 .text._ZN10RingBuffer10store_charEh
                0x0000578a       0x24 C:/Users/araujo/eclipse-workspace/BWRCprostheticArm/Release/arduino.ar(RingBuffer.cpp.o)
                0x0000578a                RingBuffer::store_char(unsigned char)
 .text._ZN10RingBuffer5clearEv
                0x000057ae        0xe C:/Users/araujo/eclipse-workspace/BWRCprostheticArm/Release/arduino.ar(RingBuffer.cpp.o)
                0x000057ae                RingBuffer::clear()
 .text._ZN10RingBuffer9read_charEv
                0x000057bc       0x28 C:/Users/araujo/eclipse-workspace/BWRCprostheticArm/Release/arduino.ar(RingBuffer.cpp.o)
                0x000057bc                RingBuffer::read_char()
 .text._ZN10RingBuffer9availableEv
                0x000057e4       0x12 C:/Users/araujo/eclipse-workspace/BWRCprostheticArm/Release/arduino.ar(RingBuffer.cpp.o)
                0x000057e4                RingBuffer::available()
 .text._ZN10RingBuffer4peekEv
                0x000057f6       0x1a C:/Users/araujo/eclipse-workspace/BWRCprostheticArm/Release/arduino.ar(RingBuffer.cpp.o)
                0x000057f6                RingBuffer::peek()
 .text._ZN10RingBuffer6isFullEv
                0x00005810       0x20 C:/Users/araujo/eclipse-workspace/BWRCprostheticArm/Release/arduino.ar(RingBuffer.cpp.o)
                0x00005810                RingBuffer::isFull()
 .text._ZN6SERCOMC2EP6Sercom
                0x00005830        0x4 C:/Users/araujo/eclipse-workspace/BWRCprostheticArm/Release/arduino.ar(SERCOM.cpp.o)
                0x00005830                SERCOM::SERCOM(Sercom*)
                0x00005830                SERCOM::SERCOM(Sercom*)
 .text._ZN6SERCOM9initFrameE18SercomUartCharSize15SercomDataOrder16SercomParityMode19SercomNumberStopBit
                0x00005834       0x38 C:/Users/araujo/eclipse-workspace/BWRCprostheticArm/Release/arduino.ar(SERCOM.cpp.o)
                0x00005834                SERCOM::initFrame(SercomUartCharSize, SercomDataOrder, SercomParityMode, SercomNumberStopBit)
 .text._ZN6SERCOM8initPadsE15SercomUartTXPad11SercomRXPad
                0x0000586c       0x26 C:/Users/araujo/eclipse-workspace/BWRCprostheticArm/Release/arduino.ar(SERCOM.cpp.o)
                0x0000586c                SERCOM::initPads(SercomUartTXPad, SercomRXPad)
 .text._ZN6SERCOM9resetUARTEv
                0x00005892       0x1c C:/Users/araujo/eclipse-workspace/BWRCprostheticArm/Release/arduino.ar(SERCOM.cpp.o)
                0x00005892                SERCOM::resetUART()
 .text._ZN6SERCOM10enableUARTEv
                0x000058ae       0x14 C:/Users/araujo/eclipse-workspace/BWRCprostheticArm/Release/arduino.ar(SERCOM.cpp.o)
                0x000058ae                SERCOM::enableUART()
 .text._ZN6SERCOM9flushUARTEv
                0x000058c2       0x10 C:/Users/araujo/eclipse-workspace/BWRCprostheticArm/Release/arduino.ar(SERCOM.cpp.o)
                0x000058c2                SERCOM::flushUART()
 .text._ZN6SERCOM15clearStatusUARTEv
                0x000058d2        0x8 C:/Users/araujo/eclipse-workspace/BWRCprostheticArm/Release/arduino.ar(SERCOM.cpp.o)
                0x000058d2                SERCOM::clearStatusUART()
 .text._ZN6SERCOM17availableDataUARTEv
                0x000058da        0xa C:/Users/araujo/eclipse-workspace/BWRCprostheticArm/Release/arduino.ar(SERCOM.cpp.o)
                0x000058da                SERCOM::availableDataUART()
 .text._ZN6SERCOM11isUARTErrorEv
                0x000058e4        0x8 C:/Users/araujo/eclipse-workspace/BWRCprostheticArm/Release/arduino.ar(SERCOM.cpp.o)
                0x000058e4                SERCOM::isUARTError()
 .text._ZN6SERCOM20acknowledgeUARTErrorEv
                0x000058ec        0xe C:/Users/araujo/eclipse-workspace/BWRCprostheticArm/Release/arduino.ar(SERCOM.cpp.o)
                0x000058ec                SERCOM::acknowledgeUARTError()
 .text._ZN6SERCOM12readDataUARTEv
                0x000058fa        0x8 C:/Users/araujo/eclipse-workspace/BWRCprostheticArm/Release/arduino.ar(SERCOM.cpp.o)
                0x000058fa                SERCOM::readDataUART()
 .text._ZN6SERCOM13writeDataUARTEh
                0x00005902        0xe C:/Users/araujo/eclipse-workspace/BWRCprostheticArm/Release/arduino.ar(SERCOM.cpp.o)
                0x00005902                SERCOM::writeDataUART(unsigned char)
 .text._ZN6SERCOM12initSPIClockE18SercomSpiClockModem
                0x00005910       0x30 C:/Users/araujo/eclipse-workspace/BWRCprostheticArm/Release/arduino.ar(SERCOM.cpp.o)
                0x00005910                SERCOM::initSPIClock(SercomSpiClockMode, unsigned long)
 .text._ZN6SERCOM8resetSPIEv
                0x00005940       0x1c C:/Users/araujo/eclipse-workspace/BWRCprostheticArm/Release/arduino.ar(SERCOM.cpp.o)
                0x00005940                SERCOM::resetSPI()
 .text._ZN6SERCOM9enableSPIEv
                0x0000595c       0x14 C:/Users/araujo/eclipse-workspace/BWRCprostheticArm/Release/arduino.ar(SERCOM.cpp.o)
                0x0000595c                SERCOM::enableSPI()
 .text._ZN6SERCOM10disableSPIEv
                0x00005970       0x12 C:/Users/araujo/eclipse-workspace/BWRCprostheticArm/Release/arduino.ar(SERCOM.cpp.o)
                0x00005970                SERCOM::disableSPI()
 .text._ZN6SERCOM15transferDataSPIEh
                0x00005982       0x1a C:/Users/araujo/eclipse-workspace/BWRCprostheticArm/Release/arduino.ar(SERCOM.cpp.o)
                0x00005982                SERCOM::transferDataSPI(unsigned char)
 .text._ZN6SERCOM9resetWIREEv
                0x0000599c       0x1c C:/Users/araujo/eclipse-workspace/BWRCprostheticArm/Release/arduino.ar(SERCOM.cpp.o)
                0x0000599c                SERCOM::resetWIRE()
 .text._ZN6SERCOM10enableWIREEv
                0x000059b8       0x28 C:/Users/araujo/eclipse-workspace/BWRCprostheticArm/Release/arduino.ar(SERCOM.cpp.o)
                0x000059b8                SERCOM::enableWIRE()
 .text._ZN6SERCOM18prepareNackBitWIREEv
                0x000059e0       0x10 C:/Users/araujo/eclipse-workspace/BWRCprostheticArm/Release/arduino.ar(SERCOM.cpp.o)
                0x000059e0                SERCOM::prepareNackBitWIRE()
 .text._ZN6SERCOM17prepareAckBitWIREEv
                0x000059f0       0x14 C:/Users/araujo/eclipse-workspace/BWRCprostheticArm/Release/arduino.ar(SERCOM.cpp.o)
                0x000059f0                SERCOM::prepareAckBitWIRE()
 .text._ZN6SERCOM22prepareCommandBitsWireEh
                0x00005a04       0x2c C:/Users/araujo/eclipse-workspace/BWRCprostheticArm/Release/arduino.ar(SERCOM.cpp.o)
                0x00005a04                SERCOM::prepareCommandBitsWire(unsigned char)
 .text._ZN6SERCOM21startTransmissionWIREEh23SercomWireReadWriteFlag
                0x00005a30       0x5e C:/Users/araujo/eclipse-workspace/BWRCprostheticArm/Release/arduino.ar(SERCOM.cpp.o)
                0x00005a30                SERCOM::startTransmissionWIRE(unsigned char, SercomWireReadWriteFlag)
 .text._ZN6SERCOM18sendDataMasterWIREEh
                0x00005a8e       0x22 C:/Users/araujo/eclipse-workspace/BWRCprostheticArm/Release/arduino.ar(SERCOM.cpp.o)
                0x00005a8e                SERCOM::sendDataMasterWIRE(unsigned char)
 .text._ZN6SERCOM17sendDataSlaveWIREEh
                0x00005ab0       0x1a C:/Users/araujo/eclipse-workspace/BWRCprostheticArm/Release/arduino.ar(SERCOM.cpp.o)
                0x00005ab0                SERCOM::sendDataSlaveWIRE(unsigned char)
 .text._ZN6SERCOM11isSlaveWIREEv
                0x00005aca       0x12 C:/Users/araujo/eclipse-workspace/BWRCprostheticArm/Release/arduino.ar(SERCOM.cpp.o)
                0x00005aca                SERCOM::isSlaveWIRE()
 .text._ZN6SERCOM15isDataReadyWIREEv
                0x00005adc        0xa C:/Users/araujo/eclipse-workspace/BWRCprostheticArm/Release/arduino.ar(SERCOM.cpp.o)
                0x00005adc                SERCOM::isDataReadyWIRE()
 .text._ZN6SERCOM18isStopDetectedWIREEv
                0x00005ae6        0xa C:/Users/araujo/eclipse-workspace/BWRCprostheticArm/Release/arduino.ar(SERCOM.cpp.o)
                0x00005ae6                SERCOM::isStopDetectedWIRE()
 .text._ZN6SERCOM21isRestartDetectedWIREEv
                0x00005af0        0xa C:/Users/araujo/eclipse-workspace/BWRCprostheticArm/Release/arduino.ar(SERCOM.cpp.o)
                0x00005af0                SERCOM::isRestartDetectedWIRE()
 .text._ZN6SERCOM14isAddressMatchEv
                0x00005afa        0xa C:/Users/araujo/eclipse-workspace/BWRCprostheticArm/Release/arduino.ar(SERCOM.cpp.o)
                0x00005afa                SERCOM::isAddressMatch()
 .text._ZN6SERCOM25isMasterReadOperationWIREEv
                0x00005b04        0xa C:/Users/araujo/eclipse-workspace/BWRCprostheticArm/Release/arduino.ar(SERCOM.cpp.o)
                0x00005b04                SERCOM::isMasterReadOperationWIRE()
 .text._ZN6SERCOM12readDataWIREEv
                0x00005b0e       0x1a C:/Users/araujo/eclipse-workspace/BWRCprostheticArm/Release/arduino.ar(SERCOM.cpp.o)
                0x00005b0e                SERCOM::readDataWIRE()
 .text._ZN6SERCOM13initClockNVICEv
                0x00005b28       0xac C:/Users/araujo/eclipse-workspace/BWRCprostheticArm/Release/arduino.ar(SERCOM.cpp.o)
                0x00005b28                SERCOM::initClockNVIC()
 .text._ZN6SERCOM8initUARTE14SercomUartMode20SercomUartSampleRatem
                0x00005bd4       0x6c C:/Users/araujo/eclipse-workspace/BWRCprostheticArm/Release/arduino.ar(SERCOM.cpp.o)
                0x00005bd4                SERCOM::initUART(SercomUartMode, SercomUartSampleRate, unsigned long)
 .text._ZN6SERCOM7initSPIE14SercomSpiTXPad11SercomRXPad17SercomSpiCharSize15SercomDataOrder
                0x00005c40       0x48 C:/Users/araujo/eclipse-workspace/BWRCprostheticArm/Release/arduino.ar(SERCOM.cpp.o)
                0x00005c40                SERCOM::initSPI(SercomSpiTXPad, SercomRXPad, SercomSpiCharSize, SercomDataOrder)
 .text._ZN6SERCOM14initMasterWIREEm
                0x00005c88       0x38 C:/Users/araujo/eclipse-workspace/BWRCprostheticArm/Release/arduino.ar(SERCOM.cpp.o)
                0x00005c88                SERCOM::initMasterWIRE(unsigned long)
 .text._ZN4UartcvbEv
                0x00005cc0        0x4 C:/Users/araujo/eclipse-workspace/BWRCprostheticArm/Release/arduino.ar(Uart.cpp.o)
                0x00005cc0                Uart::operator bool()
 .text._ZN4Uart5beginEm
                0x00005cc4       0x10 C:/Users/araujo/eclipse-workspace/BWRCprostheticArm/Release/arduino.ar(Uart.cpp.o)
                0x00005cc4                Uart::begin(unsigned long)
 .text._ZN4Uart3endEv
                0x00005cd4       0x14 C:/Users/araujo/eclipse-workspace/BWRCprostheticArm/Release/arduino.ar(Uart.cpp.o)
                0x00005cd4                Uart::end()
 .text._ZN4Uart5flushEv
                0x00005ce8        0xa C:/Users/araujo/eclipse-workspace/BWRCprostheticArm/Release/arduino.ar(Uart.cpp.o)
                0x00005ce8                Uart::flush()
 .text._ZN4Uart9availableEv
                0x00005cf2        0xa C:/Users/araujo/eclipse-workspace/BWRCprostheticArm/Release/arduino.ar(Uart.cpp.o)
                0x00005cf2                Uart::available()
 .text._ZN4Uart4peekEv
                0x00005cfc        0xa C:/Users/araujo/eclipse-workspace/BWRCprostheticArm/Release/arduino.ar(Uart.cpp.o)
                0x00005cfc                Uart::peek()
 .text._ZN4Uart4readEv
                0x00005d06        0xa C:/Users/araujo/eclipse-workspace/BWRCprostheticArm/Release/arduino.ar(Uart.cpp.o)
                0x00005d06                Uart::read()
 .text._ZN4Uart5writeEh
                0x00005d10        0xc C:/Users/araujo/eclipse-workspace/BWRCprostheticArm/Release/arduino.ar(Uart.cpp.o)
                0x00005d10                Uart::write(unsigned char)
 .text._ZN4UartC2EP6SERCOMhh11SercomRXPad15SercomUartTXPad
                0x00005d1c       0x48 C:/Users/araujo/eclipse-workspace/BWRCprostheticArm/Release/arduino.ar(Uart.cpp.o)
                0x00005d1c                Uart::Uart(SERCOM*, unsigned char, unsigned char, SercomRXPad, SercomUartTXPad)
                0x00005d1c                Uart::Uart(SERCOM*, unsigned char, unsigned char, SercomRXPad, SercomUartTXPad)
 .text._ZN4Uart10IrqHandlerEv
                0x00005d64       0x36 C:/Users/araujo/eclipse-workspace/BWRCprostheticArm/Release/arduino.ar(Uart.cpp.o)
                0x00005d64                Uart::IrqHandler()
 .text._ZN4Uart16extractNbStopBitEt
                0x00005d9a        0xe C:/Users/araujo/eclipse-workspace/BWRCprostheticArm/Release/arduino.ar(Uart.cpp.o)
                0x00005d9a                Uart::extractNbStopBit(unsigned short)
 .text._ZN4Uart15extractCharSizeEt
                0x00005da8       0x2c C:/Users/araujo/eclipse-workspace/BWRCprostheticArm/Release/arduino.ar(Uart.cpp.o)
                0x00005da8                Uart::extractCharSize(unsigned short)
 .text._ZN4Uart13extractParityEt
                0x00005dd4       0x18 C:/Users/araujo/eclipse-workspace/BWRCprostheticArm/Release/arduino.ar(Uart.cpp.o)
                0x00005dd4                Uart::extractParity(unsigned short)
 .text._ZN4Uart5beginEmt
                0x00005dec       0x88 C:/Users/araujo/eclipse-workspace/BWRCprostheticArm/Release/arduino.ar(Uart.cpp.o)
                0x00005dec                Uart::begin(unsigned long, unsigned short)
 .text._Z8makeWordhh
                0x00005e74        0x6 C:/Users/araujo/eclipse-workspace/BWRCprostheticArm/Release/arduino.ar(WMath.cpp.o)
                0x00005e74                makeWord(unsigned char, unsigned char)
 .text.__cxa_pure_virtual
                0x00005e7a        0x2 C:/Users/araujo/eclipse-workspace/BWRCprostheticArm/Release/arduino.ar(abi.cpp.o)
                0x00005e7a                __cxa_pure_virtual
 .text.Dummy_Handler
                0x00005e7c        0x2 C:/Users/araujo/eclipse-workspace/BWRCprostheticArm/Release/arduino.ar(cortex_handlers.c.o)
                0x00005e7c                DMAC_Handler
                0x00005e7c                HardFault_Handler
                0x00005e7c                AC_Handler
                0x00005e7c                PendSV_Handler
                0x00005e7c                NMI_Handler
                0x00005e7c                TC7_Handler
                0x00005e7c                SERCOM1_Handler
                0x00005e7c                ADC_Handler
                0x00005e7c                TCC1_Handler
                0x00005e7c                SERCOM2_Handler
                0x00005e7c                TCC0_Handler
                0x00005e7c                RTC_Handler
                0x00005e7c                EIC_Handler
                0x00005e7c                TC6_Handler
                0x00005e7c                WDT_Handler
                0x00005e7c                TC4_Handler
                0x00005e7c                TC3_Handler
                0x00005e7c                Dummy_Handler
                0x00005e7c                PM_Handler
                0x00005e7c                SVC_Handler
                0x00005e7c                TCC2_Handler
                0x00005e7c                EVSYS_Handler
                0x00005e7c                SERCOM4_Handler
                0x00005e7c                I2S_Handler
                0x00005e7c                NVMCTRL_Handler
                0x00005e7c                DAC_Handler
                0x00005e7c                PTC_Handler
                0x00005e7c                SYSCTRL_Handler
 *fill*         0x00005e7e        0x2 
 .text.USB_Handler
                0x00005e80       0x14 C:/Users/araujo/eclipse-workspace/BWRCprostheticArm/Release/arduino.ar(cortex_handlers.c.o)
                0x00005e80                USB_Handler
 .text.Reset_Handler
                0x00005e94       0x54 C:/Users/araujo/eclipse-workspace/BWRCprostheticArm/Release/arduino.ar(cortex_handlers.c.o)
                0x00005e94                Reset_Handler
 .text.SysTick_Handler
                0x00005ee8       0x10 C:/Users/araujo/eclipse-workspace/BWRCprostheticArm/Release/arduino.ar(cortex_handlers.c.o)
                0x00005ee8                SysTick_Handler
 .text.USB_SetHandler
                0x00005ef8        0xc C:/Users/araujo/eclipse-workspace/BWRCprostheticArm/Release/arduino.ar(cortex_handlers.c.o)
                0x00005ef8                USB_SetHandler
 .text.millis   0x00005f04        0xc C:/Users/araujo/eclipse-workspace/BWRCprostheticArm/Release/arduino.ar(delay.c.o)
                0x00005f04                millis
 .text.delay    0x00005f10       0x20 C:/Users/araujo/eclipse-workspace/BWRCprostheticArm/Release/arduino.ar(delay.c.o)
                0x00005f10                delay
 .text.SysTick_DefaultHandler
                0x00005f30       0x14 C:/Users/araujo/eclipse-workspace/BWRCprostheticArm/Release/arduino.ar(delay.c.o)
                0x00005f30                SysTick_DefaultHandler
 .text.__empty  0x00005f44        0x2 C:/Users/araujo/eclipse-workspace/BWRCprostheticArm/Release/arduino.ar(hooks.c.o)
                0x00005f44                yield
 .text.__false  0x00005f46        0x4 C:/Users/araujo/eclipse-workspace/BWRCprostheticArm/Release/arduino.ar(hooks.c.o)
                0x00005f46                sysTickHook
 .text._Z11initVariantv
                0x00005f4a        0x2 C:/Users/araujo/eclipse-workspace/BWRCprostheticArm/Release/arduino.ar(main.cpp.o)
                0x00005f4a                initVariant()
 .text.startup.main
                0x00005f4c       0x40 C:/Users/araujo/eclipse-workspace/BWRCprostheticArm/Release/arduino.ar(main.cpp.o)
                0x00005f4c                main
 .text._Znwj    0x00005f8c        0x8 C:/Users/araujo/eclipse-workspace/BWRCprostheticArm/Release/arduino.ar(new.cpp.o)
                0x00005f8c                operator new(unsigned int)
 .text.SystemInit
                0x00005f94      0x168 C:/Users/araujo/eclipse-workspace/BWRCprostheticArm/Release/arduino.ar(startup.c.o)
                0x00005f94                SystemInit
 .text.init     0x000060fc       0xf0 C:/Users/araujo/eclipse-workspace/BWRCprostheticArm/Release/arduino.ar(wiring.c.o)
                0x000060fc                init
 .text.analogReference
                0x000061ec       0x5c C:/Users/araujo/eclipse-workspace/BWRCprostheticArm/Release/arduino.ar(wiring_analog.c.o)
                0x000061ec                analogReference
 .text.pinMode  0x00006248       0xb4 C:/Users/araujo/eclipse-workspace/BWRCprostheticArm/Release/arduino.ar(wiring_digital.c.o)
                0x00006248                pinMode
 .text.digitalWrite
                0x000062fc       0x60 C:/Users/araujo/eclipse-workspace/BWRCprostheticArm/Release/arduino.ar(wiring_digital.c.o)
                0x000062fc                digitalWrite
 .text.digitalRead
                0x0000635c       0x30 C:/Users/araujo/eclipse-workspace/BWRCprostheticArm/Release/arduino.ar(wiring_digital.c.o)
                0x0000635c                digitalRead
 .text.pinPeripheral
                0x0000638c       0xc4 C:/Users/araujo/eclipse-workspace/BWRCprostheticArm/Release/arduino.ar(wiring_private.c.o)
                0x0000638c                pinPeripheral
 .text._ZN13PluggableUSB_12getInterfaceEPh
                0x00006450       0x2a C:/Users/araujo/eclipse-workspace/BWRCprostheticArm/Release/arduino.ar(PluggableUSB.cpp.o)
                0x00006450                PluggableUSB_::getInterface(unsigned char*)
 .text._ZN13PluggableUSB_13getDescriptorER8USBSetup
                0x0000647a       0x20 C:/Users/araujo/eclipse-workspace/BWRCprostheticArm/Release/arduino.ar(PluggableUSB.cpp.o)
                0x0000647a                PluggableUSB_::getDescriptor(USBSetup&)
 .text._ZN13PluggableUSB_12getShortNameEPc
                0x0000649a       0x1e C:/Users/araujo/eclipse-workspace/BWRCprostheticArm/Release/arduino.ar(PluggableUSB.cpp.o)
                0x0000649a                PluggableUSB_::getShortName(char*)
 .text._ZN13PluggableUSB_5setupER8USBSetup
                0x000064b8       0x24 C:/Users/araujo/eclipse-workspace/BWRCprostheticArm/Release/arduino.ar(PluggableUSB.cpp.o)
                0x000064b8                PluggableUSB_::setup(USBSetup&)
 .text._Z12PluggableUSBv
                0x000064dc       0x24 C:/Users/araujo/eclipse-workspace/BWRCprostheticArm/Release/arduino.ar(PluggableUSB.cpp.o)
                0x000064dc                PluggableUSB()
 .text          0x00006500       0x14 c:/cp/eclipse/arduinoplugin/packages/arduino/tools/arm-none-eabi-gcc/4.8.3-2014q1/bin/../lib/gcc/arm-none-eabi/4.8.3/armv6-m\libgcc.a(_thumb1_case_uqi.o)
                0x00006500                __gnu_thumb1_case_uqi
 .text          0x00006514       0x9c c:/cp/eclipse/arduinoplugin/packages/arduino/tools/arm-none-eabi-gcc/4.8.3-2014q1/bin/../lib/gcc/arm-none-eabi/4.8.3/armv6-m\libgcc.a(_udivsi3.o)
                0x00006514                __aeabi_uidiv
                0x00006514                __udivsi3
                0x0000659c                __aeabi_uidivmod
 .text          0x000065b0       0xc0 c:/cp/eclipse/arduinoplugin/packages/arduino/tools/arm-none-eabi-gcc/4.8.3-2014q1/bin/../lib/gcc/arm-none-eabi/4.8.3/armv6-m\libgcc.a(_divsi3.o)
                0x000065b0                __divsi3
                0x000065b0                __aeabi_idiv
                0x0000665c                __aeabi_idivmod
 .text          0x00006670        0x4 c:/cp/eclipse/arduinoplugin/packages/arduino/tools/arm-none-eabi-gcc/4.8.3-2014q1/bin/../lib/gcc/arm-none-eabi/4.8.3/armv6-m\libgcc.a(_dvmd_tls.o)
                0x00006670                __aeabi_idiv0
                0x00006670                __aeabi_ldiv0
 .text          0x00006674       0x7c c:/cp/eclipse/arduinoplugin/packages/arduino/tools/arm-none-eabi-gcc/4.8.3-2014q1/bin/../lib/gcc/arm-none-eabi/4.8.3/armv6-m\libgcc.a(_arm_cmpdf2.o)
                0x00006674                __aeabi_cdrcmple
                0x00006684                __aeabi_cdcmple
                0x00006684                __aeabi_cdcmpeq
                0x00006694                __aeabi_dcmpeq
                0x000066a0                __aeabi_dcmplt
                0x000066b4                __aeabi_dcmple
                0x000066c8                __aeabi_dcmpgt
                0x000066dc                __aeabi_dcmpge
 .text          0x000066f0       0x40 c:/cp/eclipse/arduinoplugin/packages/arduino/tools/arm-none-eabi-gcc/4.8.3-2014q1/bin/../lib/gcc/arm-none-eabi/4.8.3/armv6-m\libgcc.a(_fixunsdfsi.o)
                0x000066f0                __aeabi_d2uiz
                0x000066f0                __fixunsdfsi
 .text          0x00006730      0x24c c:/cp/eclipse/arduinoplugin/packages/arduino/tools/arm-none-eabi-gcc/4.8.3-2014q1/bin/../lib/gcc/arm-none-eabi/4.8.3/armv6-m\libgcc.a(divsf3.o)
                0x00006730                __aeabi_fdiv
 .text          0x0000697c      0x2e0 c:/cp/eclipse/arduinoplugin/packages/arduino/tools/arm-none-eabi-gcc/4.8.3-2014q1/bin/../lib/gcc/arm-none-eabi/4.8.3/armv6-m\libgcc.a(subsf3.o)
                0x0000697c                __aeabi_fsub
 .text          0x00006c5c      0x638 c:/cp/eclipse/arduinoplugin/packages/arduino/tools/arm-none-eabi-gcc/4.8.3-2014q1/bin/../lib/gcc/arm-none-eabi/4.8.3/armv6-m\libgcc.a(adddf3.o)
                0x00006c5c                __aeabi_dadd
 .text          0x00007294       0x94 c:/cp/eclipse/arduinoplugin/packages/arduino/tools/arm-none-eabi-gcc/4.8.3-2014q1/bin/../lib/gcc/arm-none-eabi/4.8.3/armv6-m\libgcc.a(eqdf2.o)
                0x00007294                __nedf2
                0x00007294                __eqdf2
 .text          0x00007328       0xfc c:/cp/eclipse/arduinoplugin/packages/arduino/tools/arm-none-eabi-gcc/4.8.3-2014q1/bin/../lib/gcc/arm-none-eabi/4.8.3/armv6-m\libgcc.a(gedf2.o)
                0x00007328                __gedf2
                0x00007328                __gtdf2
 .text          0x00007424       0xfc c:/cp/eclipse/arduinoplugin/packages/arduino/tools/arm-none-eabi-gcc/4.8.3-2014q1/bin/../lib/gcc/arm-none-eabi/4.8.3/armv6-m\libgcc.a(ledf2.o)
                0x00007424                __ledf2
                0x00007424                __ltdf2
 .text          0x00007520      0x520 c:/cp/eclipse/arduinoplugin/packages/arduino/tools/arm-none-eabi-gcc/4.8.3-2014q1/bin/../lib/gcc/arm-none-eabi/4.8.3/armv6-m\libgcc.a(muldf3.o)
                0x00007520                __aeabi_dmul
 .text          0x00007a40      0x654 c:/cp/eclipse/arduinoplugin/packages/arduino/tools/arm-none-eabi-gcc/4.8.3-2014q1/bin/../lib/gcc/arm-none-eabi/4.8.3/armv6-m\libgcc.a(subdf3.o)
                0x00007a40                __aeabi_dsub
 .text          0x00008094       0x68 c:/cp/eclipse/arduinoplugin/packages/arduino/tools/arm-none-eabi-gcc/4.8.3-2014q1/bin/../lib/gcc/arm-none-eabi/4.8.3/armv6-m\libgcc.a(fixdfsi.o)
                0x00008094                __aeabi_d2iz
 .text          0x000080fc       0xa4 c:/cp/eclipse/arduinoplugin/packages/arduino/tools/arm-none-eabi-gcc/4.8.3-2014q1/bin/../lib/gcc/arm-none-eabi/4.8.3/armv6-m\libgcc.a(extendsfdf2.o)
                0x000080fc                __aeabi_f2d
 .text          0x000081a0      0x118 c:/cp/eclipse/arduinoplugin/packages/arduino/tools/arm-none-eabi-gcc/4.8.3-2014q1/bin/../lib/gcc/arm-none-eabi/4.8.3/armv6-m\libgcc.a(truncdfsf2.o)
                0x000081a0                __aeabi_d2f
 .text          0x000082b8       0x3c c:/cp/eclipse/arduinoplugin/packages/arduino/tools/arm-none-eabi-gcc/4.8.3-2014q1/bin/../lib/gcc/arm-none-eabi/4.8.3/armv6-m\libgcc.a(_clzsi2.o)
                0x000082b8                __clzsi2
 .text.atoi     0x000082f4        0xc c:/cp/eclipse/arduinoplugin/packages/arduino/tools/arm-none-eabi-gcc/4.8.3-2014q1/bin/../lib/gcc/arm-none-eabi/4.8.3/../../../../arm-none-eabi/lib/armv6-m\libc_s.a(lib_a-atoi.o)
                0x000082f4                atoi
 .text.__libc_init_array
                0x00008300       0x4c c:/cp/eclipse/arduinoplugin/packages/arduino/tools/arm-none-eabi-gcc/4.8.3-2014q1/bin/../lib/gcc/arm-none-eabi/4.8.3/../../../../arm-none-eabi/lib/armv6-m\libc_s.a(lib_a-init.o)
                0x00008300                __libc_init_array
 .text.isprint  0x0000834c       0x14 c:/cp/eclipse/arduinoplugin/packages/arduino/tools/arm-none-eabi-gcc/4.8.3-2014q1/bin/../lib/gcc/arm-none-eabi/4.8.3/../../../../arm-none-eabi/lib/armv6-m\libc_s.a(lib_a-isprint.o)
                0x0000834c                isprint
 .text.malloc   0x00008360       0x14 c:/cp/eclipse/arduinoplugin/packages/arduino/tools/arm-none-eabi-gcc/4.8.3-2014q1/bin/../lib/gcc/arm-none-eabi/4.8.3/../../../../arm-none-eabi/lib/armv6-m\libc_s.a(lib_a-malloc.o)
                0x00008360                malloc
 .text.memcmp   0x00008374       0x1e c:/cp/eclipse/arduinoplugin/packages/arduino/tools/arm-none-eabi-gcc/4.8.3-2014q1/bin/../lib/gcc/arm-none-eabi/4.8.3/../../../../arm-none-eabi/lib/armv6-m\libc_s.a(lib_a-memcmp.o)
                0x00008374                memcmp
 .text.memcpy   0x00008392       0x12 c:/cp/eclipse/arduinoplugin/packages/arduino/tools/arm-none-eabi-gcc/4.8.3-2014q1/bin/../lib/gcc/arm-none-eabi/4.8.3/../../../../arm-none-eabi/lib/armv6-m\libc_s.a(lib_a-memcpy-stub.o)
                0x00008392                memcpy
 .text.memset   0x000083a4       0x10 c:/cp/eclipse/arduinoplugin/packages/arduino/tools/arm-none-eabi-gcc/4.8.3-2014q1/bin/../lib/gcc/arm-none-eabi/4.8.3/../../../../arm-none-eabi/lib/armv6-m\libc_s.a(lib_a-memset.o)
                0x000083a4                memset
 .text._malloc_r
                0x000083b4       0xa8 c:/cp/eclipse/arduinoplugin/packages/arduino/tools/arm-none-eabi-gcc/4.8.3-2014q1/bin/../lib/gcc/arm-none-eabi/4.8.3/../../../../arm-none-eabi/lib/armv6-m\libc_s.a(lib_a-nano-mallocr.o)
                0x000083b4                _malloc_r
 .text._sbrk_r  0x0000845c       0x24 c:/cp/eclipse/arduinoplugin/packages/arduino/tools/arm-none-eabi-gcc/4.8.3-2014q1/bin/../lib/gcc/arm-none-eabi/4.8.3/../../../../arm-none-eabi/lib/armv6-m\libc_s.a(lib_a-sbrkr.o)
                0x0000845c                _sbrk_r
 .text          0x00008480       0x14 c:/cp/eclipse/arduinoplugin/packages/arduino/tools/arm-none-eabi-gcc/4.8.3-2014q1/bin/../lib/gcc/arm-none-eabi/4.8.3/../../../../arm-none-eabi/lib/armv6-m\libc_s.a(lib_a-strcmp.o)
                0x00008480                strcmp
 .text.strcpy   0x00008494       0x10 c:/cp/eclipse/arduinoplugin/packages/arduino/tools/arm-none-eabi-gcc/4.8.3-2014q1/bin/../lib/gcc/arm-none-eabi/4.8.3/../../../../arm-none-eabi/lib/armv6-m\libc_s.a(lib_a-strcpy.o)
                0x00008494                strcpy
 .text.strlen   0x000084a4        0xe c:/cp/eclipse/arduinoplugin/packages/arduino/tools/arm-none-eabi-gcc/4.8.3-2014q1/bin/../lib/gcc/arm-none-eabi/4.8.3/../../../../arm-none-eabi/lib/armv6-m\libc_s.a(lib_a-strlen.o)
                0x000084a4                strlen
 .text.strncmp  0x000084b2       0x2c c:/cp/eclipse/arduinoplugin/packages/arduino/tools/arm-none-eabi-gcc/4.8.3-2014q1/bin/../lib/gcc/arm-none-eabi/4.8.3/../../../../arm-none-eabi/lib/armv6-m\libc_s.a(lib_a-strncmp.o)
                0x000084b2                strncmp
 .text.strncpy  0x000084de       0x28 c:/cp/eclipse/arduinoplugin/packages/arduino/tools/arm-none-eabi-gcc/4.8.3-2014q1/bin/../lib/gcc/arm-none-eabi/4.8.3/../../../../arm-none-eabi/lib/armv6-m\libc_s.a(lib_a-strncpy.o)
                0x000084de                strncpy
 .text.__strtok_r
                0x00008506       0x5c c:/cp/eclipse/arduinoplugin/packages/arduino/tools/arm-none-eabi-gcc/4.8.3-2014q1/bin/../lib/gcc/arm-none-eabi/4.8.3/../../../../arm-none-eabi/lib/armv6-m\libc_s.a(lib_a-strtok_r.o)
                0x00008506                __strtok_r
 .text.strtok_r
                0x00008562        0xa c:/cp/eclipse/arduinoplugin/packages/arduino/tools/arm-none-eabi-gcc/4.8.3-2014q1/bin/../lib/gcc/arm-none-eabi/4.8.3/../../../../arm-none-eabi/lib/armv6-m\libc_s.a(lib_a-strtok_r.o)
                0x00008562                strtok_r
 .text._strtol_r
                0x0000856c      0x114 c:/cp/eclipse/arduinoplugin/packages/arduino/tools/arm-none-eabi-gcc/4.8.3-2014q1/bin/../lib/gcc/arm-none-eabi/4.8.3/../../../../arm-none-eabi/lib/armv6-m\libc_s.a(lib_a-strtol.o)
                0x0000856c                _strtol_r
 .text.strtol   0x00008680       0x1c c:/cp/eclipse/arduinoplugin/packages/arduino/tools/arm-none-eabi-gcc/4.8.3-2014q1/bin/../lib/gcc/arm-none-eabi/4.8.3/../../../../arm-none-eabi/lib/armv6-m\libc_s.a(lib_a-strtol.o)
                0x00008680                strtol
 .text._sbrk    0x0000869c       0x34 c:/cp/eclipse/arduinoplugin/packages/arduino/tools/arm-none-eabi-gcc/4.8.3-2014q1/bin/../lib/gcc/arm-none-eabi/4.8.3/../../../../arm-none-eabi/lib/armv6-m\libnosys.a(sbrk.o)
                0x0000869c                _sbrk
 *(.init)
 .init          0x000086d0        0x4 c:/cp/eclipse/arduinoplugin/packages/arduino/tools/arm-none-eabi-gcc/4.8.3-2014q1/bin/../lib/gcc/arm-none-eabi/4.8.3/armv6-m/crti.o
                0x000086d0                _init
 .init          0x000086d4        0x8 c:/cp/eclipse/arduinoplugin/packages/arduino/tools/arm-none-eabi-gcc/4.8.3-2014q1/bin/../lib/gcc/arm-none-eabi/4.8.3/armv6-m/crtn.o
 *(.fini)
 .fini          0x000086dc        0x4 c:/cp/eclipse/arduinoplugin/packages/arduino/tools/arm-none-eabi-gcc/4.8.3-2014q1/bin/../lib/gcc/arm-none-eabi/4.8.3/armv6-m/crti.o
                0x000086dc                _fini
 .fini          0x000086e0        0x8 c:/cp/eclipse/arduinoplugin/packages/arduino/tools/arm-none-eabi-gcc/4.8.3-2014q1/bin/../lib/gcc/arm-none-eabi/4.8.3/armv6-m/crtn.o
 *crtbegin.o(.ctors)
 *crtbegin?.o(.ctors)
 *(EXCLUDE_FILE(*crtend.o *crtend?.o) .ctors)
 *(SORT(.ctors.*))
 *(.ctors)
 *crtbegin.o(.dtors)
 *crtbegin?.o(.dtors)
 *(EXCLUDE_FILE(*crtend.o *crtend?.o) .dtors)
 *(SORT(.dtors.*))
 *(.dtors)
 *(.rodata*)
 .rodata.str1.1
                0x000086e8      0x42f .\armApp.cpp.o
                                0x435 (size before relaxing)
 .rodata.str1.1
                0x00008b17        0xe .\motor\motorControl.cpp.o
 .rodata.str1.1
                0x00008b25        0xb .\libraries\generic\SerialCommand.cpp.o
                                  0xd (size before relaxing)
 .rodata._ZTV7TwoWire
                0x00008b30       0x20 .\libraries\Wire\Wire.cpp.o
                0x00008b30                vtable for TwoWire
 .rodata._ZTV17Adafruit_ATParser
                0x00008b50       0x28 .\libraries\Adafruit_BluefruitLE_nRF51\Adafruit_ATParser.cpp.o
                0x00008b50                vtable for Adafruit_ATParser
 .rodata.str1.1
                0x00008b78       0x16 .\libraries\Adafruit_BluefruitLE_nRF51\Adafruit_ATParser.cpp.o
                                 0x19 (size before relaxing)
 *fill*         0x00008b8e        0x2 
 .rodata._ZTV12Adafruit_BLE
                0x00008b90       0x28 .\libraries\Adafruit_BluefruitLE_nRF51\Adafruit_BLE.cpp.o
                0x00008b90                vtable for Adafruit_BLE
 .rodata.str1.1
                0x00008bb8       0xd0 .\libraries\Adafruit_BluefruitLE_nRF51\Adafruit_BLE.cpp.o
                                 0xf7 (size before relaxing)
 .rodata._ZTV24Adafruit_BluefruitLE_SPI
                0x00008c88       0x28 .\libraries\Adafruit_BluefruitLE_nRF51\Adafruit_BluefruitLE_SPI.cpp.o
                0x00008c88                vtable for Adafruit_BluefruitLE_SPI
 .rodata.str1.1
                0x00008cb0        0xb .\libraries\Adafruit_BluefruitLE_nRF51\Adafruit_BluefruitLE_SPI.cpp.o
 *fill*         0x00008cbb        0x1 
 .rodata.g_APinDescription
                0x00008cbc      0x450 C:/Users/araujo/eclipse-workspace/BWRCprostheticArm/Release/arduino.ar(variant.cpp.o)
                0x00008cbc                g_APinDescription
 *fill*         0x0000910c        0x4 
 .rodata._ZTV7Serial_
                0x00009110       0x28 C:/Users/araujo/eclipse-workspace/BWRCprostheticArm/Release/arduino.ar(CDC.cpp.o)
                0x00009110                vtable for Serial_
 .rodata._ZTV26DoubleBufferedEPOutHandler
                0x00009138       0x18 C:/Users/araujo/eclipse-workspace/BWRCprostheticArm/Release/arduino.ar(USBCore.cpp.o)
                0x00009138                vtable for DoubleBufferedEPOutHandler
 .rodata._ZL19STRING_MANUFACTURER
                0x00009150        0x9 C:/Users/araujo/eclipse-workspace/BWRCprostheticArm/Release/arduino.ar(USBCore.cpp.o)
 *fill*         0x00009159        0x1 
 .rodata._ZL15STRING_LANGUAGE
                0x0000915a        0x4 C:/Users/araujo/eclipse-workspace/BWRCprostheticArm/Release/arduino.ar(USBCore.cpp.o)
 .rodata._ZL21USB_DeviceDescriptorB
                0x0000915e       0x12 C:/Users/araujo/eclipse-workspace/BWRCprostheticArm/Release/arduino.ar(USBCore.cpp.o)
 .rodata._ZL14STRING_PRODUCT
                0x00009170        0xb C:/Users/araujo/eclipse-workspace/BWRCprostheticArm/Release/arduino.ar(USBCore.cpp.o)
 .rodata.str1.1
                0x0000917b        0xe C:/Users/araujo/eclipse-workspace/BWRCprostheticArm/Release/arduino.ar(Print.cpp.o)
                                 0x11 (size before relaxing)
 *fill*         0x00009189        0x7 
 .rodata._ZTV4Uart
                0x00009190       0x30 C:/Users/araujo/eclipse-workspace/BWRCprostheticArm/Release/arduino.ar(Uart.cpp.o)
                0x00009190                vtable for Uart
 .rodata        0x000091c0       0x40 c:/cp/eclipse/arduinoplugin/packages/arduino/tools/arm-none-eabi-gcc/4.8.3-2014q1/bin/../lib/gcc/arm-none-eabi/4.8.3/armv6-m\libgcc.a(divsf3.o)
 .rodata        0x00009200       0x40 c:/cp/eclipse/arduinoplugin/packages/arduino/tools/arm-none-eabi-gcc/4.8.3-2014q1/bin/../lib/gcc/arm-none-eabi/4.8.3/armv6-m\libgcc.a(muldf3.o)
 .rodata.str1.1
                0x00009240        0x2 c:/cp/eclipse/arduinoplugin/packages/arduino/tools/arm-none-eabi-gcc/4.8.3-2014q1/bin/../lib/gcc/arm-none-eabi/4.8.3/../../../../arm-none-eabi/lib/armv6-m\libc_s.a(lib_a-impure.o)
 .rodata._ctype_
                0x00009242      0x101 c:/cp/eclipse/arduinoplugin/packages/arduino/tools/arm-none-eabi-gcc/4.8.3-2014q1/bin/../lib/gcc/arm-none-eabi/4.8.3/../../../../arm-none-eabi/lib/armv6-m\libc_s.a(lib_a-ctype_.o)
                0x00009242                _ctype_
 *fill*         0x00009343        0x1 
 .rodata.__sf_fake_stdin
                0x00009344       0x20 c:/cp/eclipse/arduinoplugin/packages/arduino/tools/arm-none-eabi-gcc/4.8.3-2014q1/bin/../lib/gcc/arm-none-eabi/4.8.3/../../../../arm-none-eabi/lib/armv6-m\libc_s.a(lib_a-findfp.o)
                0x00009344                __sf_fake_stdin
 .rodata.__sf_fake_stdout
                0x00009364       0x20 c:/cp/eclipse/arduinoplugin/packages/arduino/tools/arm-none-eabi-gcc/4.8.3-2014q1/bin/../lib/gcc/arm-none-eabi/4.8.3/../../../../arm-none-eabi/lib/armv6-m\libc_s.a(lib_a-findfp.o)
                0x00009364                __sf_fake_stdout
 .rodata.__sf_fake_stderr
                0x00009384       0x20 c:/cp/eclipse/arduinoplugin/packages/arduino/tools/arm-none-eabi-gcc/4.8.3-2014q1/bin/../lib/gcc/arm-none-eabi/4.8.3/../../../../arm-none-eabi/lib/armv6-m\libc_s.a(lib_a-findfp.o)
                0x00009384                __sf_fake_stderr
 *(.eh_frame*)
 .eh_frame      0x000093a4        0x0 c:/cp/eclipse/arduinoplugin/packages/arduino/tools/arm-none-eabi-gcc/4.8.3-2014q1/bin/../lib/gcc/arm-none-eabi/4.8.3/armv6-m/crtbegin.o
 .eh_frame      0x000093a4        0x4 c:/cp/eclipse/arduinoplugin/packages/arduino/tools/arm-none-eabi-gcc/4.8.3-2014q1/bin/../lib/gcc/arm-none-eabi/4.8.3/armv6-m/crtend.o

.glue_7         0x000093a8        0x0
 .glue_7        0x00000000        0x0 linker stubs

.glue_7t        0x000093a8        0x0
 .glue_7t       0x00000000        0x0 linker stubs

.vfp11_veneer   0x000093a8        0x0
 .vfp11_veneer  0x00000000        0x0 linker stubs

.v4_bx          0x000093a8        0x0
 .v4_bx         0x00000000        0x0 linker stubs

.iplt           0x000093a8        0x0
 .iplt          0x00000000        0x0 c:/cp/eclipse/arduinoplugin/packages/arduino/tools/arm-none-eabi-gcc/4.8.3-2014q1/bin/../lib/gcc/arm-none-eabi/4.8.3/armv6-m/crtbegin.o

.rel.dyn        0x000093a8        0x0
 .rel.iplt      0x00000000        0x0 c:/cp/eclipse/arduinoplugin/packages/arduino/tools/arm-none-eabi-gcc/4.8.3-2014q1/bin/../lib/gcc/arm-none-eabi/4.8.3/armv6-m/crtbegin.o

.ARM.extab
 *(.ARM.extab* .gnu.linkonce.armextab.*)
                0x000093a8                __exidx_start = .

.ARM.exidx
 *(.ARM.exidx* .gnu.linkonce.armexidx.*)
                0x000093a8                __exidx_end = .
                0x000093a8                __etext = .

.data           0x20000000      0x170 load address 0x000093a8
                0x20000000                __data_start__ = .
 *(vtable)
 *(.data*)
 .data.motorControlConfig_wrist_elevation
                0x20000000       0x10 .\armApp.cpp.o
                0x20000000                motorControlConfig_wrist_elevation
 .data.motorControlConfig_wrist_azimuth
                0x20000010       0x10 .\armApp.cpp.o
                0x20000010                motorControlConfig_wrist_azimuth
 .data.motorControlConfig_fingers
                0x20000020       0x10 .\armApp.cpp.o
                0x20000020                motorControlConfig_fingers
 .data.motorControlConfig_thumb
                0x20000030       0x10 .\armApp.cpp.o
                0x20000030                motorControlConfig_thumb
 .data.motorControlConfig_index
                0x20000040       0x10 .\armApp.cpp.o
                0x20000040                motorControlConfig_index
 .data._ZL12_usbLineInfo
                0x20000050        0x8 C:/Users/araujo/eclipse-workspace/BWRCprostheticArm/Release/arduino.ar(CDC.cpp.o)
 .data._ZL10breakValue
                0x20000058        0x4 C:/Users/araujo/eclipse-workspace/BWRCprostheticArm/Release/arduino.ar(CDC.cpp.o)
 .data._ZL13_cdcInterface
                0x2000005c       0x42 C:/Users/araujo/eclipse-workspace/BWRCprostheticArm/Release/arduino.ar(CDC.cpp.o)
 *fill*         0x2000009e        0x2 
 .data._serialPeek
                0x200000a0        0x4 C:/Users/araujo/eclipse-workspace/BWRCprostheticArm/Release/arduino.ar(CDC.cpp.o)
                0x200000a0                _serialPeek
 .data.EndPoints
                0x200000a4       0x28 C:/Users/araujo/eclipse-workspace/BWRCprostheticArm/Release/arduino.ar(USBCore.cpp.o)
                0x200000a4                EndPoints
 .data._ZL5ticks
                0x200000cc        0x4 C:/Users/araujo/eclipse-workspace/BWRCprostheticArm/Release/arduino.ar(Reset.cpp.o)
 .data.SystemCoreClock
                0x200000d0        0x4 C:/Users/araujo/eclipse-workspace/BWRCprostheticArm/Release/arduino.ar(wiring.c.o)
                0x200000d0                SystemCoreClock
 .data.impure_data
                0x200000d4       0x60 c:/cp/eclipse/arduinoplugin/packages/arduino/tools/arm-none-eabi-gcc/4.8.3-2014q1/bin/../lib/gcc/arm-none-eabi/4.8.3/../../../../arm-none-eabi/lib/armv6-m\libc_s.a(lib_a-impure.o)
 .data._impure_ptr
                0x20000134        0x4 c:/cp/eclipse/arduinoplugin/packages/arduino/tools/arm-none-eabi-gcc/4.8.3-2014q1/bin/../lib/gcc/arm-none-eabi/4.8.3/../../../../arm-none-eabi/lib/armv6-m\libc_s.a(lib_a-impure.o)
                0x20000134                _impure_ptr
 .data.__ctype_ptr__
                0x20000138        0x4 c:/cp/eclipse/arduinoplugin/packages/arduino/tools/arm-none-eabi-gcc/4.8.3-2014q1/bin/../lib/gcc/arm-none-eabi/4.8.3/../../../../arm-none-eabi/lib/armv6-m\libc_s.a(lib_a-ctype_.o)
                0x20000138                __ctype_ptr__
                0x2000013c                . = ALIGN (0x4)
                0x2000013c                PROVIDE (__preinit_array_start, .)
 *(.preinit_array)
                0x2000013c                PROVIDE (__preinit_array_end, .)
                0x2000013c                . = ALIGN (0x4)
                0x2000013c                PROVIDE (__init_array_start, .)
 *(SORT(.init_array.*))
 *(.init_array)
 .init_array    0x2000013c        0x4 c:/cp/eclipse/arduinoplugin/packages/arduino/tools/arm-none-eabi-gcc/4.8.3-2014q1/bin/../lib/gcc/arm-none-eabi/4.8.3/armv6-m/crtbegin.o
 .init_array    0x20000140        0x4 .\armApp.cpp.o
 .init_array    0x20000144        0x4 .\libraries\Wire\Wire.cpp.o
 .init_array    0x20000148        0x4 .\libraries\SPI\SPI.cpp.o
 .init_array    0x2000014c        0x4 .\libraries\Adafruit_BluefruitLE_nRF51\Adafruit_BluefruitLE_SPI.cpp.o
 .init_array    0x20000150        0x4 C:/Users/araujo/eclipse-workspace/BWRCprostheticArm/Release/arduino.ar(variant.cpp.o)
 .init_array    0x20000154        0x4 C:/Users/araujo/eclipse-workspace/BWRCprostheticArm/Release/arduino.ar(CDC.cpp.o)
 .init_array    0x20000158        0x4 C:/Users/araujo/eclipse-workspace/BWRCprostheticArm/Release/arduino.ar(USBCore.cpp.o)
                0x2000015c                PROVIDE (__init_array_end, .)
                0x2000015c                . = ALIGN (0x4)
                0x2000015c                PROVIDE (__fini_array_start, .)
 *(SORT(.fini_array.*))
 *(.fini_array)
 .fini_array    0x2000015c        0x4 c:/cp/eclipse/arduinoplugin/packages/arduino/tools/arm-none-eabi-gcc/4.8.3-2014q1/bin/../lib/gcc/arm-none-eabi/4.8.3/armv6-m/crtbegin.o
                0x20000160                PROVIDE (__fini_array_end, .)
 *(.jcr*)
 .jcr           0x20000160        0x0 c:/cp/eclipse/arduinoplugin/packages/arduino/tools/arm-none-eabi-gcc/4.8.3-2014q1/bin/../lib/gcc/arm-none-eabi/4.8.3/armv6-m/crtbegin.o
 .jcr           0x20000160        0x4 c:/cp/eclipse/arduinoplugin/packages/arduino/tools/arm-none-eabi-gcc/4.8.3-2014q1/bin/../lib/gcc/arm-none-eabi/4.8.3/armv6-m/crtend.o
                0x20000170                . = ALIGN (0x10)
 *fill*         0x20000164        0xc 
                0x20000170                __data_end__ = .

.igot.plt       0x20000170        0x0 load address 0x00009518
 .igot.plt      0x00000000        0x0 c:/cp/eclipse/arduinoplugin/packages/arduino/tools/arm-none-eabi-gcc/4.8.3-2014q1/bin/../lib/gcc/arm-none-eabi/4.8.3/armv6-m/crtbegin.o

.bss            0x20000170      0xb44 load address 0x00009518
                0x20000170                . = ALIGN (0x4)
                0x20000170                __bss_start__ = .
 *(.bss*)
 .bss           0x20000170       0x1c c:/cp/eclipse/arduinoplugin/packages/arduino/tools/arm-none-eabi-gcc/4.8.3-2014q1/bin/../lib/gcc/arm-none-eabi/4.8.3/armv6-m/crtbegin.o
 .bss.SCmd      0x2000018c       0xf8 .\armApp.cpp.o
                0x2000018c                SCmd
 .bss.motorUnit_wrist_azimuth
                0x20000284        0x4 .\armApp.cpp.o
                0x20000284                motorUnit_wrist_azimuth
 .bss.ble       0x20000288       0xd4 .\armApp.cpp.o
                0x20000288                ble
 .bss.motorControl
                0x2000035c        0x4 .\armApp.cpp.o
                0x2000035c                motorControl
 .bss.motorUnit_fingers
                0x20000360        0x4 .\armApp.cpp.o
                0x20000360                motorUnit_fingers
 .bss.servo     0x20000364        0x8 .\armApp.cpp.o
                0x20000364                servo
 .bss.motorUnit_wrist_elevation
                0x2000036c        0x4 .\armApp.cpp.o
                0x2000036c                motorUnit_wrist_elevation
 .bss.motorUnit_thumb
                0x20000370        0x4 .\armApp.cpp.o
                0x20000370                motorUnit_thumb
 .bss.motorUnit_index
                0x20000374        0x4 .\armApp.cpp.o
                0x20000374                motorUnit_index
 .bss.Wire      0x20000378      0x17c .\libraries\Wire\Wire.cpp.o
                0x20000378                Wire
 .bss._ZL20DEFAULT_SPI_SETTINGS
                0x200004f4        0x8 .\libraries\SPI\SPI.cpp.o
 .bss.SPI       0x200004fc       0x10 .\libraries\SPI\SPI.cpp.o
                0x200004fc                SPI
 .bss.bluefruitSPI
                0x2000050c        0x8 .\libraries\Adafruit_BluefruitLE_nRF51\Adafruit_BluefruitLE_SPI.cpp.o
                0x2000050c                bluefruitSPI
 .bss.Serial1   0x20000514       0xc4 C:/Users/araujo/eclipse-workspace/BWRCprostheticArm/Release/arduino.ar(variant.cpp.o)
                0x20000514                Serial1
 .bss.Serial5   0x200005d8       0xc4 C:/Users/araujo/eclipse-workspace/BWRCprostheticArm/Release/arduino.ar(variant.cpp.o)
                0x200005d8                Serial5
 .bss.sercom3   0x2000069c        0x4 C:/Users/araujo/eclipse-workspace/BWRCprostheticArm/Release/arduino.ar(variant.cpp.o)
                0x2000069c                sercom3
 .bss.sercom0   0x200006a0        0x4 C:/Users/araujo/eclipse-workspace/BWRCprostheticArm/Release/arduino.ar(variant.cpp.o)
                0x200006a0                sercom0
 .bss.sercom1   0x200006a4        0x4 C:/Users/araujo/eclipse-workspace/BWRCprostheticArm/Release/arduino.ar(variant.cpp.o)
                0x200006a4                sercom1
 .bss.sercom2   0x200006a8        0x4 C:/Users/araujo/eclipse-workspace/BWRCprostheticArm/Release/arduino.ar(variant.cpp.o)
                0x200006a8                sercom2
 .bss.sercom4   0x200006ac        0x4 C:/Users/araujo/eclipse-workspace/BWRCprostheticArm/Release/arduino.ar(variant.cpp.o)
                0x200006ac                sercom4
 .bss.sercom5   0x200006b0        0x4 C:/Users/araujo/eclipse-workspace/BWRCprostheticArm/Release/arduino.ar(variant.cpp.o)
                0x200006b0                sercom5
 .bss.Serial    0x200006b4       0x1c C:/Users/araujo/eclipse-workspace/BWRCprostheticArm/Release/arduino.ar(CDC.cpp.o)
                0x200006b4                Serial
 .bss._ZL14isEndpointHalt
                0x200006d0        0x1 C:/Users/araujo/eclipse-workspace/BWRCprostheticArm/Release/arduino.ar(USBCore.cpp.o)
 .bss._pack_buffer
                0x200006d1      0x100 C:/Users/araujo/eclipse-workspace/BWRCprostheticArm/Release/arduino.ar(USBCore.cpp.o)
                0x200006d1                _pack_buffer
 *fill*         0x200007d1        0x1 
 .bss._pack_size
                0x200007d2        0x2 C:/Users/araujo/eclipse-workspace/BWRCprostheticArm/Release/arduino.ar(USBCore.cpp.o)
                0x200007d2                _pack_size
 .bss._ZL20LastTransmitTimedOut
                0x200007d4        0x7 C:/Users/araujo/eclipse-workspace/BWRCprostheticArm/Release/arduino.ar(USBCore.cpp.o)
 *fill*         0x200007db        0x1 
 .bss._ZL22udd_ep_in_cache_buffer
                0x200007dc      0x1c0 C:/Users/araujo/eclipse-workspace/BWRCprostheticArm/Release/arduino.ar(USBCore.cpp.o)
 .bss._ZL10txLEDPulse
                0x2000099c        0x1 C:/Users/araujo/eclipse-workspace/BWRCprostheticArm/Release/arduino.ar(USBCore.cpp.o)
 *fill*         0x2000099d        0x3 
 .bss._ZL23udd_ep_out_cache_buffer
                0x200009a0      0x1c0 C:/Users/araujo/eclipse-workspace/BWRCprostheticArm/Release/arduino.ar(USBCore.cpp.o)
 .bss._ZL10epHandlers
                0x20000b60       0x1c C:/Users/araujo/eclipse-workspace/BWRCprostheticArm/Release/arduino.ar(USBCore.cpp.o)
 .bss._pack_message
                0x20000b7c        0x1 C:/Users/araujo/eclipse-workspace/BWRCprostheticArm/Release/arduino.ar(USBCore.cpp.o)
                0x20000b7c                _pack_message
 .bss._ZL21isRemoteWakeUpEnabled
                0x20000b7d        0x1 C:/Users/araujo/eclipse-workspace/BWRCprostheticArm/Release/arduino.ar(USBCore.cpp.o)
 .bss._dry_run  0x20000b7e        0x1 C:/Users/araujo/eclipse-workspace/BWRCprostheticArm/Release/arduino.ar(USBCore.cpp.o)
                0x20000b7e                _dry_run
 .bss.USBDevice
                0x20000b7f        0x1 C:/Users/araujo/eclipse-workspace/BWRCprostheticArm/Release/arduino.ar(USBCore.cpp.o)
                0x20000b7f                USBDevice
 .bss._usbSetInterface
                0x20000b80        0x4 C:/Users/araujo/eclipse-workspace/BWRCprostheticArm/Release/arduino.ar(USBCore.cpp.o)
                0x20000b80                _usbSetInterface
 .bss._ZL10rxLEDPulse
                0x20000b84        0x1 C:/Users/araujo/eclipse-workspace/BWRCprostheticArm/Release/arduino.ar(USBCore.cpp.o)
 *fill*         0x20000b85        0x3 
 .bss.usbd      0x20000b88      0x104 C:/Users/araujo/eclipse-workspace/BWRCprostheticArm/Release/arduino.ar(USBCore.cpp.o)
                0x20000b88                usbd
 .bss._usbConfiguration
                0x20000c8c        0x4 C:/Users/araujo/eclipse-workspace/BWRCprostheticArm/Release/arduino.ar(USBCore.cpp.o)
                0x20000c8c                _usbConfiguration
 .bss.usb_isr   0x20000c90        0x4 C:/Users/araujo/eclipse-workspace/BWRCprostheticArm/Release/arduino.ar(cortex_handlers.c.o)
 .bss._ulTickCount
                0x20000c94        0x4 C:/Users/araujo/eclipse-workspace/BWRCprostheticArm/Release/arduino.ar(delay.c.o)
 .bss._ZZ12PluggableUSBvE3obj
                0x20000c98        0x8 C:/Users/araujo/eclipse-workspace/BWRCprostheticArm/Release/arduino.ar(PluggableUSB.cpp.o)
 .bss._ZGVZ12PluggableUSBvE3obj
                0x20000ca0        0x4 C:/Users/araujo/eclipse-workspace/BWRCprostheticArm/Release/arduino.ar(PluggableUSB.cpp.o)
 .bss.__malloc_sbrk_start
                0x20000ca4        0x4 c:/cp/eclipse/arduinoplugin/packages/arduino/tools/arm-none-eabi-gcc/4.8.3-2014q1/bin/../lib/gcc/arm-none-eabi/4.8.3/../../../../arm-none-eabi/lib/armv6-m\libc_s.a(lib_a-nano-mallocr.o)
                0x20000ca4                __malloc_sbrk_start
 .bss.__malloc_free_list
                0x20000ca8        0x4 c:/cp/eclipse/arduinoplugin/packages/arduino/tools/arm-none-eabi-gcc/4.8.3-2014q1/bin/../lib/gcc/arm-none-eabi/4.8.3/../../../../arm-none-eabi/lib/armv6-m\libc_s.a(lib_a-nano-mallocr.o)
                0x20000ca8                __malloc_free_list
 .bss.heap_end.4243
                0x20000cac        0x4 c:/cp/eclipse/arduinoplugin/packages/arduino/tools/arm-none-eabi-gcc/4.8.3-2014q1/bin/../lib/gcc/arm-none-eabi/4.8.3/../../../../arm-none-eabi/lib/armv6-m\libnosys.a(sbrk.o)
 *(COMMON)